Component: ARM Compiler 5.06 update 6 (build 750) Tool: armlink [4d35ed]

==============================================================================

Section Cross References

    startup_stm32f407xx.o(RESET) refers to startup_stm32f407xx.o(STACK) for __initial_sp
    startup_stm32f407xx.o(RESET) refers to startup_stm32f407xx.o(.text) for Reset_Handler
    startup_stm32f407xx.o(RESET) refers to stm32f4xx_it.o(i.NMI_Handler) for NMI_Handler
    startup_stm32f407xx.o(RESET) refers to stm32f4xx_it.o(i.HardFault_Handler) for HardFault_Handler
    startup_stm32f407xx.o(RESET) refers to stm32f4xx_it.o(i.MemManage_Handler) for MemManage_Handler
    startup_stm32f407xx.o(RESET) refers to stm32f4xx_it.o(i.BusFault_Handler) for BusFault_Handler
    startup_stm32f407xx.o(RESET) refers to stm32f4xx_it.o(i.UsageFault_Handler) for UsageFault_Handler
    startup_stm32f407xx.o(RESET) refers to port.o(.emb_text) for SVC_Handler
    startup_stm32f407xx.o(RESET) refers to stm32f4xx_it.o(i.DebugMon_Handler) for DebugMon_Handler
    startup_stm32f407xx.o(RESET) refers to cmsis_os2.o(i.SysTick_Handler) for SysTick_Handler
    startup_stm32f407xx.o(RESET) refers to stm32f4xx_it.o(i.TIM6_DAC_IRQHandler) for TIM6_DAC_IRQHandler
    startup_stm32f407xx.o(RESET) refers to stm32f4xx_it.o(i.DMA2_Stream0_IRQHandler) for DMA2_Stream0_IRQHandler
    startup_stm32f407xx.o(.text) refers to system_stm32f4xx.o(i.SystemInit) for SystemInit
    startup_stm32f407xx.o(.text) refers to entry.o(.ARM.Collect$$$$00000000) for __main
    filter.o(i.Filter_Update) refers to filter.o(i.Median5_Update) for Median5_Update
    filter.o(i.Filter_Update) refers to filter.o(i.MovingAvg_Update) for MovingAvg_Update
    filter.o(i.Median5_Init) refers to memseta.o(.text) for __aeabi_memclr
    filter.o(i.MovingAvg_Init) refers to memseta.o(.text) for __aeabi_memclr4
    main.o(i.HAL_ADC_ConvCpltCallback) refers to tasks.o(i.vTaskNotifyGiveFromISR) for vTaskNotifyGiveFromISR
    main.o(i.HAL_ADC_ConvCpltCallback) refers to main.o(.data) for .data
    main.o(i.HAL_TIM_PeriodElapsedCallback) refers to stm32f4xx_hal.o(i.HAL_IncTick) for HAL_IncTick
    main.o(i.SystemClock_Config) refers to memseta.o(.text) for __aeabi_memclr4
    main.o(i.SystemClock_Config) refers to stm32f4xx_hal_rcc.o(i.HAL_RCC_OscConfig) for HAL_RCC_OscConfig
    main.o(i.SystemClock_Config) refers to stm32f4xx_hal_rcc.o(i.HAL_RCC_ClockConfig) for HAL_RCC_ClockConfig
    main.o(i.fputc) refers to stm32f4xx_hal_uart.o(i.HAL_UART_Transmit) for HAL_UART_Transmit
    main.o(i.fputc) refers to usart.o(.bss) for huart1
    main.o(i.main) refers to stm32f4xx_hal.o(i.HAL_Init) for HAL_Init
    main.o(i.main) refers to main.o(i.SystemClock_Config) for SystemClock_Config
    main.o(i.main) refers to gpio.o(i.MX_GPIO_Init) for MX_GPIO_Init
    main.o(i.main) refers to dma.o(i.MX_DMA_Init) for MX_DMA_Init
    main.o(i.main) refers to usart.o(i.MX_USART1_UART_Init) for MX_USART1_UART_Init
    main.o(i.main) refers to tim.o(i.MX_TIM3_Init) for MX_TIM3_Init
    main.o(i.main) refers to adc.o(i.MX_ADC1_Init) for MX_ADC1_Init
    main.o(i.main) refers to printf1.o(i.__0printf$1) for __2printf
    main.o(i.main) refers to filter.o(i.Median5_Init) for Median5_Init
    main.o(i.main) refers to filter.o(i.MovingAvg_Init) for MovingAvg_Init
    main.o(i.main) refers to stm32f4xx_hal_adc.o(i.HAL_ADC_Start_DMA) for HAL_ADC_Start_DMA
    main.o(i.main) refers to stm32f4xx_hal_tim.o(i.HAL_TIM_Base_Start) for HAL_TIM_Base_Start
    main.o(i.main) refers to cmsis_os2.o(i.osKernelInitialize) for osKernelInitialize
    main.o(i.main) refers to freertos.o(i.MX_FREERTOS_Init) for MX_FREERTOS_Init
    main.o(i.main) refers to cmsis_os2.o(i.osKernelStart) for osKernelStart
    main.o(i.main) refers to main.o(.bss) for .bss
    main.o(i.main) refers to adc.o(.bss) for hadc1
    main.o(i.main) refers to tim.o(.bss) for htim3
    gpio.o(i.MX_GPIO_Init) refers to memseta.o(.text) for __aeabi_memclr4
    gpio.o(i.MX_GPIO_Init) refers to stm32f4xx_hal_gpio.o(i.HAL_GPIO_WritePin) for HAL_GPIO_WritePin
    gpio.o(i.MX_GPIO_Init) refers to stm32f4xx_hal_gpio.o(i.HAL_GPIO_Init) for HAL_GPIO_Init
    freertos.o(i.MX_FREERTOS_Init) refers to cmsis_os2.o(i.osThreadNew) for osThreadNew
    freertos.o(i.MX_FREERTOS_Init) refers to freertos.o(.constdata) for .constdata
    freertos.o(i.MX_FREERTOS_Init) refers to freertos.o(i.appTaskLED) for appTaskLED
    freertos.o(i.MX_FREERTOS_Init) refers to freertos.o(.data) for .data
    freertos.o(i.MX_FREERTOS_Init) refers to freertos.o(i.appTaskADC) for appTaskADC
    freertos.o(i.appTaskADC) refers to tasks.o(i.xTaskGetCurrentTaskHandle) for xTaskGetCurrentTaskHandle
    freertos.o(i.appTaskADC) refers to tasks.o(i.ulTaskNotifyTake) for ulTaskNotifyTake
    freertos.o(i.appTaskADC) refers to printf1.o(i.__0printf$1) for __2printf
    freertos.o(i.appTaskADC) refers to led.o(i.LED1_Troggle) for LED1_Troggle
    freertos.o(i.appTaskADC) refers to main.o(.data) for xMyAdcTaskHandle
[...]
    ..\Drivers\STM32F4xx_HAL_Driver\Src\stm32f4xx_hal_rcc.c 0x00000000   Number         0  stm32f4xx_hal_rcc.o ABSOLUTE
    ..\Drivers\STM32F4xx_HAL_Driver\Src\stm32f4xx_hal_rcc_ex.c 0x00000000   Number         0  stm32f4xx_hal_rcc_ex.o ABSOLUTE
    ..\Drivers\STM32F4xx_HAL_Driver\Src\stm32f4xx_hal_tim.c 0x00000000   Number         0  stm32f4xx_hal_tim.o ABSOLUTE
    ..\Drivers\STM32F4xx_HAL_Driver\Src\stm32f4xx_hal_tim_ex.c 0x00000000   Number         0  stm32f4xx_hal_tim_ex.o ABSOLUTE
    ..\Drivers\STM32F4xx_HAL_Driver\Src\stm32f4xx_hal_uart.c 0x00000000   Number         0  stm32f4xx_hal_uart.o ABSOLUTE
    ..\Middlewares\Third_Party\FreeRTOS\Source\CMSIS_RTOS_V2\cmsis_os2.c 0x00000000   Number         0  cmsis_os2.o ABSOLUTE
    ..\Middlewares\Third_Party\FreeRTOS\Source\portable\RVDS\ARM_CM4F\port.c 0x00000000   Number         0  port.o ABSOLUTE
    ..\\Bsp\\led.c                           0x00000000   Number         0  led.o ABSOLUTE
    cdrcmple.s                               0x00000000   Number         0  cdrcmple.o ABSOLUTE
    dc.s                                     0x00000000   Number         0  dc.o ABSOLUTE
    handlers.s                               0x00000000   Number         0  handlers.o ABSOLUTE
    init.s                                   0x00000000   Number         0  init.o ABSOLUTE
    startup_stm32f407xx.s                    0x00000000   Number         0  startup_stm32f407xx.o ABSOLUTE
    RESET                                    0x08000000   Section      392  startup_stm32f407xx.o(RESET)
    .ARM.Collect$$$$00000000                 0x08000188   Section        0  entry.o(.ARM.Collect$$$$00000000)
    .ARM.Collect$$$$00000001                 0x08000188   Section        4  entry2.o(.ARM.Collect$$$$00000001)
    .ARM.Collect$$$$00000004                 0x0800018c   Section        4  entry5.o(.ARM.Collect$$$$00000004)
    .ARM.Collect$$$$00000008                 0x08000190   Section        0  entry7b.o(.ARM.Collect$$$$00000008)
    .ARM.Collect$$$$0000000A                 0x08000190   Section        0  entry8b.o(.ARM.Collect$$$$0000000A)
    .ARM.Collect$$$$0000000B                 0x08000190   Section        8  entry9a.o(.ARM.Collect$$$$0000000B)
    .ARM.Collect$$$$0000000D                 0x08000198   Section        0  entry10a.o(.ARM.Collect$$$$0000000D)
    .ARM.Collect$$$$0000000F                 0x08000198   Section        0  entry11a.o(.ARM.Collect$$$$0000000F)
    .ARM.Collect$$$$00002712                 0x08000198   Section        4  entry2.o(.ARM.Collect$$$$00002712)
    __lit__00000000                          0x08000198   Data           4  entry2.o(.ARM.Collect$$$$00002712)
    .emb_text                                0x0800019c   Section      190  port.o(.emb_text)
    $v0                                      0x0800019c   Number         0  port.o(.emb_text)
    .text                                    0x0800025c   Section       36  startup_stm32f407xx.o(.text)
    $v0                                      0x0800025c   Number         0  startup_stm32f407xx.o(.text)
    .text                                    0x08000280   Section        0  uldiv.o(.text)
    .text                                    0x080002e2   Section        0  memcpya.o(.text)
    .text                                    0x08000306   Section        0  memseta.o(.text)
    .text                                    0x0800032a   Section        0  uidiv.o(.text)
    .text                                    0x08000356   Section        0  llshl.o(.text)
    .text                                    0x08000374   Section        0  llushr.o(.text)
    .text                                    0x08000394   Section       36  init.o(.text)
    i.ADC_DMAConvCplt                        0x080003b8   Section        0  stm32f4xx_hal_adc.o(i.ADC_DMAConvCplt)
    ADC_DMAConvCplt                          0x080003b9   Thumb Code   110  stm32f4xx_hal_adc.o(i.ADC_DMAConvCplt)
    i.ADC_DMAError                           0x08000426   Section        0  stm32f4xx_hal_adc.o(i.ADC_DMAError)
    ADC_DMAError                             0x08000427   Thumb Code    22  stm32f4xx_hal_adc.o(i.ADC_DMAError)
    i.ADC_DMAHalfConvCplt                    0x0800043c   Section        0  stm32f4xx_hal_adc.o(i.ADC_DMAHalfConvCplt)
    ADC_DMAHalfConvCplt                      0x0800043d   Thumb Code    10  stm32f4xx_hal_adc.o(i.ADC_DMAHalfConvCplt)
    i.ADC_Init                               0x08000448   Section        0  stm32f4xx_hal_adc.o(i.ADC_Init)
    ADC_Init                                 0x08000449   Thumb Code   284  stm32f4xx_hal_adc.o(i.ADC_Init)
    i.BusFault_Handler                       0x08000570   Section        0  stm32f4xx_it.o(i.BusFault_Handler)
    i.DMA2_Stream0_IRQHandler                0x08000574   Section        0  stm32f4xx_it.o(i.DMA2_Stream0_IRQHandler)
    i.DMA_CalcBaseAndBitshift                0x08000580   Section        0  stm32f4xx_hal_dma.o(i.DMA_CalcBaseAndBitshift)
    DMA_CalcBaseAndBitshift                  0x08000581   Thumb Code    34  stm32f4xx_hal_dma.o(i.DMA_CalcBaseAndBitshift)
    i.DMA_CheckFifoParam                     0x080005a8   Section        0  stm32f4xx_hal_dma.o(i.DMA_CheckFifoParam)
    DMA_CheckFifoParam                       0x080005a9   Thumb Code    84  stm32f4xx_hal_dma.o(i.DMA_CheckFifoParam)
    i.DMA_SetConfig                          0x080005fc   Section        0  stm32f4xx_hal_dma.o(i.DMA_SetConfig)
    DMA_SetConfig                            0x080005fd   Thumb Code    40  stm32f4xx_hal_dma.o(i.DMA_SetConfig)
    i.DebugMon_Handler                       0x08000624   Section        0  stm32f4xx_it.o(i.DebugMon_Handler)
    i.Error_Handler                          0x08000626   Section        0  main.o(i.Error_Handler)
    i.HAL_ADC_ConfigChannel                  0x0800062c   Section        0  stm32f4xx_hal_adc.o(i.HAL_ADC_ConfigChannel)
    i.HAL_ADC_ConvCpltCallback               0x08000778   Section        0  main.o(i.HAL_ADC_ConvCpltCallback)
    i.HAL_ADC_ConvHalfCpltCallback           0x080007b4   Section        0  stm32f4xx_hal_adc.o(i.HAL_ADC_ConvHalfCpltCallback)
    i.HAL_ADC_ErrorCallback                  0x080007b6   Section        0  stm32f4xx_hal_adc.o(i.HAL_ADC_ErrorCallback)
    i.HAL_ADC_Init                           0x080007b8   Section        0  stm32f4xx_hal_adc.o(i.HAL_ADC_Init)
    i.HAL_ADC_MspInit                        0x0800080c   Section        0  adc.o(i.HAL_ADC_MspInit)
    i.HAL_ADC_Start_DMA                      0x080008a8   Section        0  stm32f4xx_hal_adc.o(i.HAL_ADC_Start_DMA)
    i.HAL_DMA_IRQHandler                     0x08000a00   Section        0  stm32f4xx_hal_dma.o(i.HAL_DMA_IRQHandler)
    i.HAL_DMA_Init                           0x08000ba0   Section        0  stm32f4xx_hal_dma.o(i.HAL_DMA_Init)
    i.HAL_DMA_Start_IT                       0x08000c74   Section        0  stm32f4xx_hal_dma.o(i.HAL_DMA_Start_IT)
    i.HAL_GPIO_Init                          0x08000ce4   Section        0  stm32f4xx_hal_gpio.o(i.HAL_GPIO_Init)
    i.HAL_GPIO_TogglePin                     0x08000ed4   Section        0  stm32f4xx_hal_gpio.o(i.HAL_GPIO_TogglePin)
    i.HAL_GPIO_WritePin                      0x08000ee4   Section        0  stm32f4xx_hal_gpio.o(i.HAL_GPIO_WritePin)
    i.HAL_GetTick                            0x08000ef0   Section        0  stm32f4xx_hal.o(i.HAL_GetTick)
    i.HAL_IncTick                            0x08000efc   Section        0  stm32f4xx_hal.o(i.HAL_IncTick)
    i.HAL_Init                               0x08000f0c   Section        0  stm32f4xx_hal.o(i.HAL_Init)
    i.HAL_InitTick                           0x08000f40   Section        0  stm32f4xx_hal_timebase_tim.o(i.HAL_InitTick)
    i.HAL_MspInit                            0x08000fd8   Section        0  stm32f4xx_hal_msp.o(i.HAL_MspInit)
    i.HAL_NVIC_EnableIRQ                     0x08001010   Section        0  stm32f4xx_hal_cortex.o(i.HAL_NVIC_EnableIRQ)
    i.HAL_NVIC_SetPriority                   0x0800102c   Section        0  stm32f4xx_hal_cortex.o(i.HAL_NVIC_SetPriority)
    i.HAL_NVIC_SetPriorityGrouping           0x0800106c   Section        0  stm32f4xx_hal_cortex.o(i.HAL_NVIC_SetPriorityGrouping)
    i.HAL_RCC_ClockConfig                    0x08001090   Section        0  stm32f4xx_hal_rcc.o(i.HAL_RCC_ClockConfig)
    i.HAL_RCC_GetClockConfig                 0x080011c4   Section        0  stm32f4xx_hal_rcc.o(i.HAL_RCC_GetClockConfig)
    i.HAL_RCC_GetPCLK1Freq                   0x08001204   Section        0  stm32f4xx_hal_rcc.o(i.HAL_RCC_GetPCLK1Freq)
    i.HAL_RCC_GetPCLK2Freq                   0x08001224   Section        0  stm32f4xx_hal_rcc.o(i.HAL_RCC_GetPCLK2Freq)
    i.HAL_RCC_GetSysClockFreq                0x08001244   Section        0  stm32f4xx_hal_rcc.o(i.HAL_RCC_GetSysClockFreq)
    i.HAL_RCC_OscConfig                      0x080012a4   Section        0  stm32f4xx_hal_rcc.o(i.HAL_RCC_OscConfig)
    i.HAL_TIMEx_BreakCallback                0x08001610   Section        0  stm32f4xx_hal_tim_ex.o(i.HAL_TIMEx_BreakCallback)
    i.HAL_TIMEx_CommutCallback               0x08001612   Section        0  stm32f4xx_hal_tim_ex.o(i.HAL_TIMEx_CommutCallback)
    i.HAL_TIMEx_MasterConfigSynchronization  0x08001614   Section        0  stm32f4xx_hal_tim_ex.o(i.HAL_TIMEx_MasterConfigSynchronization)
    i.HAL_TIM_Base_Init                      0x080016a4   Section        0  stm32f4xx_hal_tim.o(i.HAL_TIM_Base_Init)
    i.HAL_TIM_Base_MspInit                   0x08001700   Section        0  tim.o(i.HAL_TIM_Base_MspInit)
    i.HAL_TIM_Base_Start                     0x08001728   Section        0  stm32f4xx_hal_tim.o(i.HAL_TIM_Base_Start)
    i.HAL_TIM_Base_Start_IT                  0x080017a0   Section        0  stm32f4xx_hal_tim.o(i.HAL_TIM_Base_Start_IT)
    i.HAL_TIM_ConfigClockSource              0x08001820   Section        0  stm32f4xx_hal_tim.o(i.HAL_TIM_ConfigClockSource)
    i.HAL_TIM_IC_CaptureCallback             0x080018fc   Section        0  stm32f4xx_hal_tim.o(i.HAL_TIM_IC_CaptureCallback)
    i.HAL_TIM_IRQHandler                     0x080018fe   Section        0  stm32f4xx_hal_tim.o(i.HAL_TIM_IRQHandler)
    i.HAL_TIM_OC_DelayElapsedCallback        0x08001a2e   Section        0  stm32f4xx_hal_tim.o(i.HAL_TIM_OC_DelayElapsedCallback)
    i.HAL_TIM_PWM_PulseFinishedCallback      0x08001a30   Section        0  stm32f4xx_hal_tim.o(i.HAL_TIM_PWM_PulseFinishedCallback)
    i.HAL_TIM_PeriodElapsedCallback          0x08001a34   Section        0  main.o(i.HAL_TIM_PeriodElapsedCallback)
    i.HAL_TIM_TriggerCallback                0x08001a48   Section        0  stm32f4xx_hal_tim.o(i.HAL_TIM_TriggerCallback)
    i.HAL_UART_Init                          0x08001a4a   Section        0  stm32f4xx_hal_uart.o(i.HAL_UART_Init)
    i.HAL_UART_MspInit                       0x08001ab0   Section        0  usart.o(i.HAL_UART_MspInit)
    i.HAL_UART_Transmit                      0x08001b1c   Section        0  stm32f4xx_hal_uart.o(i.HAL_UART_Transmit)
    i.HardFault_Handler                      0x08001bbc   Section        0  stm32f4xx_it.o(i.HardFault_Handler)
    i.LED0_Troggle                           0x08001bc0   Section        0  led.o(i.LED0_Troggle)
    i.LED1_Troggle                           0x08001bd0   Section        0  led.o(i.LED1_Troggle)
    i.MX_ADC1_Init                           0x08001be0   Section        0  adc.o(i.MX_ADC1_Init)
    i.MX_DMA_Init                            0x08001c84   Section        0  dma.o(i.MX_DMA_Init)
    i.MX_FREERTOS_Init                       0x08001cb0   Section        0  freertos.o(i.MX_FREERTOS_Init)
    i.MX_GPIO_Init                           0x08001ce0   Section        0  gpio.o(i.MX_GPIO_Init)
    i.MX_TIM3_Init                           0x08001d50   Section        0  tim.o(i.MX_TIM3_Init)
    i.MX_USART1_UART_Init                    0x08001dbc   Section        0  usart.o(i.MX_USART1_UART_Init)
    i.Median5_Init                           0x08001df4   Section        0  filter.o(i.Median5_Init)
    i.MemManage_Handler                      0x08001dfa   Section        0  stm32f4xx_it.o(i.MemManage_Handler)
    i.MovingAvg_Init                         0x08001dfc   Section        0  filter.o(i.MovingAvg_Init)
    i.NMI_Handler                            0x08001e02   Section        0  stm32f4xx_it.o(i.NMI_Handler)
    i.SysTick_Handler                        0x08001e04   Section        0  cmsis_os2.o(i.SysTick_Handler)
    i.SystemClock_Config                     0x08001e20   Section        0  main.o(i.SystemClock_Config)
    i.SystemInit                             0x08001eb8   Section        0  system_stm32f4xx.o(i.SystemInit)
    i.TIM6_DAC_IRQHandler                    0x08001ec8   Section        0  stm32f4xx_it.o(i.TIM6_DAC_IRQHandler)
    i.TIM_Base_SetConfig                     0x08001ed4   Section        0  stm32f4xx_hal_tim.o(i.TIM_Base_SetConfig)
    i.TIM_ETR_SetConfig                      0x08001fa4   Section        0  stm32f4xx_hal_tim.o(i.TIM_ETR_SetConfig)
    i.TIM_ITRx_SetConfig                     0x08001fb8   Section        0  stm32f4xx_hal_tim.o(i.TIM_ITRx_SetConfig)
    TIM_ITRx_SetConfig                       0x08001fb9   Thumb Code    16  stm32f4xx_hal_tim.o(i.TIM_ITRx_SetConfig)
    i.TIM_TI1_ConfigInputStage               0x08001fc8   Section        0  stm32f4xx_hal_tim.o(i.TIM_TI1_ConfigInputStage)
    TIM_TI1_ConfigInputStage                 0x08001fc9   Thumb Code    34  stm32f4xx_hal_tim.o(i.TIM_TI1_ConfigInputStage)
    i.TIM_TI2_ConfigInputStage               0x08001fea   Section        0  stm32f4xx_hal_tim.o(i.TIM_TI2_ConfigInputStage)
    TIM_TI2_ConfigInputStage                 0x08001feb   Thumb Code    36  stm32f4xx_hal_tim.o(i.TIM_TI2_ConfigInputStage)
    i.UART_EndRxTransfer                     0x0800200e   Section        0  stm32f4xx_hal_uart.o(i.UART_EndRxTransfer)
    UART_EndRxTransfer                       0x0800200f   Thumb Code    78  stm32f4xx_hal_uart.o(i.UART_EndRxTransfer)
    i.UART_SetConfig                         0x0800205c   Section        0  stm32f4xx_hal_uart.o(i.UART_SetConfig)
    UART_SetConfig                           0x0800205d   Thumb Code   258  stm32f4xx_hal_uart.o(i.UART_SetConfig)
    i.UART_WaitOnFlagUntilTimeout            0x08002168   Section        0  stm32f4xx_hal_uart.o(i.UART_WaitOnFlagUntilTimeout)
    UART_WaitOnFlagUntilTimeout              0x08002169   Thumb Code   114  stm32f4xx_hal_uart.o(i.UART_WaitOnFlagUntilTimeout)
    i.UsageFault_Handler                     0x080021da   Section        0  stm32f4xx_it.o(i.UsageFault_Handler)
    i.__0printf$1                            0x080021dc   Section        0  printf1.o(i.__0printf$1)
    i.__NVIC_SetPriority                     0x080021fc   Section        0  stm32f4xx_hal_cortex.o(i.__NVIC_SetPriority)
    __NVIC_SetPriority                       0x080021fd   Thumb Code    32  stm32f4xx_hal_cortex.o(i.__NVIC_SetPriority)
    i.__scatterload_copy                     0x0800221c   Section       14  handlers.o(i.__scatterload_copy)
    i.__scatterload_null                     0x0800222a   Section        2  handlers.o(i.__scatterload_null)
    i.__scatterload_zeroinit                 0x0800222c   Section       14  handlers.o(i.__scatterload_zeroinit)
    i._printf_core                           0x0800223c   Section        0  printf1.o(i._printf_core)
    _printf_core                             0x0800223d   Thumb Code   336  printf1.o(i._printf_core)
    i.appTaskADC                             0x08002390   Section        0  freertos.o(i.appTaskADC)
    i.appTaskLED                             0x080023f8   Section        0  freertos.o(i.appTaskLED)
    i.fputc                                  0x08002408   Section        0  main.o(i.fputc)
    i.main                                   0x08002420   Section        0  main.o(i.main)
    i.osDelay                                0x080024a4   Section        0  cmsis_os2.o(i.osDelay)
    i.osKernelInitialize                     0x080024c0   Section        0  cmsis_os2.o(i.osKernelInitialize)
    i.osKernelStart                          0x080024e4   Section        0  cmsis_os2.o(i.osKernelStart)
    i.osThreadNew                            0x0800251c   Section        0  cmsis_os2.o(i.osThreadNew)
    i.prvAddCurrentTaskToDelayedList         0x080025a8   Section        0  tasks.o(i.prvAddCurrentTaskToDelayedList)
    prvAddCurrentTaskToDelayedList           0x080025a9   Thumb Code    84  tasks.o(i.prvAddCurrentTaskToDelayedList)
    i.prvAddNewTaskToReadyList               0x08002604   Section        0  tasks.o(i.prvAddNewTaskToReadyList)
    prvAddNewTaskToReadyList                 0x08002605   Thumb Code   190  tasks.o(i.prvAddNewTaskToReadyList)
    i.prvCheckForValidListAndQueue           0x080026d4   Section        0  timers.o(i.prvCheckForValidListAndQueue)
    prvCheckForValidListAndQueue             0x080026d5   Thumb Code    72  timers.o(i.prvCheckForValidListAndQueue)
    i.prvCopyDataFromQueue                   0x0800272c   Section        0  queue.o(i.prvCopyDataFromQueue)
    prvCopyDataFromQueue                     0x0800272d   Thumb Code    38  queue.o(i.prvCopyDataFromQueue)
    i.prvCopyDataToQueue                     0x08002752   Section        0  queue.o(i.prvCopyDataToQueue)
    prvCopyDataToQueue                       0x08002753   Thumb Code   108  queue.o(i.prvCopyDataToQueue)
    i.prvDeleteTCB                           0x080027be   Section        0  tasks.o(i.prvDeleteTCB)
    prvDeleteTCB                             0x080027bf   Thumb Code    52  tasks.o(i.prvDeleteTCB)
    i.prvHeapInit                            0x080027f4   Section        0  heap_4.o(i.prvHeapInit)
    prvHeapInit                              0x080027f5   Thumb Code    66  heap_4.o(i.prvHeapInit)
    i.prvIdleTask                            0x08002840   Section        0  tasks.o(i.prvIdleTask)
    prvIdleTask                              0x08002841   Thumb Code    82  tasks.o(i.prvIdleTask)
    i.prvInitialiseNewQueue                  0x080028a0   Section        0  queue.o(i.prvInitialiseNewQueue)
    prvInitialiseNewQueue                    0x080028a1   Thumb Code    34  queue.o(i.prvInitialiseNewQueue)
    i.prvInitialiseNewTask                   0x080028c4   Section        0  tasks.o(i.prvInitialiseNewTask)
    prvInitialiseNewTask                     0x080028c5   Thumb Code   176  tasks.o(i.prvInitialiseNewTask)
    i.prvInsertBlockIntoFreeList             0x08002974   Section        0  heap_4.o(i.prvInsertBlockIntoFreeList)
    prvInsertBlockIntoFreeList               0x08002975   Thumb Code    72  heap_4.o(i.prvInsertBlockIntoFreeList)
    i.prvInsertTimerInActiveList             0x080029c0   Section        0  timers.o(i.prvInsertTimerInActiveList)
    prvInsertTimerInActiveList               0x080029c1   Thumb Code    52  timers.o(i.prvInsertTimerInActiveList)
    i.prvIsQueueEmpty                        0x080029f8   Section        0  queue.o(i.prvIsQueueEmpty)
    prvIsQueueEmpty                          0x080029f9   Thumb Code    28  queue.o(i.prvIsQueueEmpty)
    i.prvProcessReceivedCommands             0x08002a14   Section        0  timers.o(i.prvProcessReceivedCommands)
    prvProcessReceivedCommands               0x08002a15   Thumb Code   248  timers.o(i.prvProcessReceivedCommands)
    i.prvProcessTimerOrBlockTask             0x08002b10   Section        0  timers.o(i.prvProcessTimerOrBlockTask)
    prvProcessTimerOrBlockTask               0x08002b11   Thumb Code   182  timers.o(i.prvProcessTimerOrBlockTask)
    i.prvResetNextTaskUnblockTime            0x08002bd0   Section        0  tasks.o(i.prvResetNextTaskUnblockTime)
    prvResetNextTaskUnblockTime              0x08002bd1   Thumb Code    26  tasks.o(i.prvResetNextTaskUnblockTime)
    i.prvSampleTimeNow                       0x08002bf0   Section        0  timers.o(i.prvSampleTimeNow)
    prvSampleTimeNow                         0x08002bf1   Thumb Code    36  timers.o(i.prvSampleTimeNow)
    i.prvSwitchTimerLists                    0x08002c18   Section        0  timers.o(i.prvSwitchTimerLists)
    prvSwitchTimerLists                      0x08002c19   Thumb Code   104  timers.o(i.prvSwitchTimerLists)
    i.prvTaskExitError                       0x08002c84   Section        0  port.o(i.prvTaskExitError)
    prvTaskExitError                         0x08002c85   Thumb Code    36  port.o(i.prvTaskExitError)
    i.prvTimerTask                           0x08002cac   Section        0  timers.o(i.prvTimerTask)
    prvTimerTask                             0x08002cad   Thumb Code    32  timers.o(i.prvTimerTask)
    i.prvUnlockQueue                         0x08002cd0   Section        0  queue.o(i.prvUnlockQueue)
    prvUnlockQueue                           0x08002cd1   Thumb Code   106  queue.o(i.prvUnlockQueue)
    i.pvPortMalloc                           0x08002d3c   Section        0  heap_4.o(i.pvPortMalloc)
    i.pxPortInitialiseStack                  0x08002e18   Section        0  port.o(i.pxPortInitialiseStack)
    i.ulTaskNotifyTake                       0x08002e44   Section        0  tasks.o(i.ulTaskNotifyTake)
    i.uxListRemove                           0x08002eac   Section        0  list.o(i.uxListRemove)
    i.vApplicationGetIdleTaskMemory          0x08002ed4   Section        0  cmsis_os2.o(i.vApplicationGetIdleTaskMemory)
    i.vApplicationGetTimerTaskMemory         0x08002ee8   Section        0  cmsis_os2.o(i.vApplicationGetTimerTaskMemory)
    i.vListInitialise                        0x08002f00   Section        0  list.o(i.vListInitialise)
    i.vListInitialiseItem                    0x08002f16   Section        0  list.o(i.vListInitialiseItem)
    i.vListInsert                            0x08002f1c   Section        0  list.o(i.vListInsert)
    i.vListInsertEnd                         0x08002f4c   Section        0  list.o(i.vListInsertEnd)
    i.vPortEnterCritical                     0x08002f64   Section        0  port.o(i.vPortEnterCritical)
    i.vPortExitCritical                      0x08002fa4   Section        0  port.o(i.vPortExitCritical)
    i.vPortFree                              0x08002fcc   Section        0  heap_4.o(i.vPortFree)
    i.vPortSetupTimerInterrupt               0x08003030   Section        0  port.o(i.vPortSetupTimerInterrupt)
    i.vPortValidateInterruptPriority         0x08003054   Section        0  port.o(i.vPortValidateInterruptPriority)
    i.vQueueAddToRegistry                    0x080030a8   Section        0  queue.o(i.vQueueAddToRegistry)
    i.vQueueWaitForMessageRestricted         0x080030d0   Section        0  queue.o(i.vQueueWaitForMessageRestricted)
    i.vTaskDelay                             0x08003114   Section        0  tasks.o(i.vTaskDelay)
    i.vTaskInternalSetTimeOutState           0x08003160   Section        0  tasks.o(i.vTaskInternalSetTimeOutState)
    i.vTaskMissedYield                       0x08003170   Section        0  tasks.o(i.vTaskMissedYield)
    i.vTaskNotifyGiveFromISR                 0x0800317c   Section        0  tasks.o(i.vTaskNotifyGiveFromISR)
    i.vTaskPlaceOnEventList                  0x0800322c   Section        0  tasks.o(i.vTaskPlaceOnEventList)
    i.vTaskPlaceOnEventListRestricted        0x0800325c   Section        0  tasks.o(i.vTaskPlaceOnEventListRestricted)
    i.vTaskStartScheduler                    0x08003294   Section        0  tasks.o(i.vTaskStartScheduler)
    i.vTaskSuspendAll                        0x0800331c   Section        0  tasks.o(i.vTaskSuspendAll)
    i.vTaskSwitchContext                     0x0800332c   Section        0  tasks.o(i.vTaskSwitchContext)
    i.xPortStartScheduler                    0x08003390   Section        0  port.o(i.xPortStartScheduler)
    i.xPortSysTickHandler                    0x08003484   Section        0  port.o(i.xPortSysTickHandler)
    i.xQueueGenericCreateStatic              0x080034b0   Section        0  queue.o(i.xQueueGenericCreateStatic)
    i.xQueueGenericReset                     0x08003518   Section        0  queue.o(i.xQueueGenericReset)
    i.xQueueGenericSend                      0x080035a0   Section        0  queue.o(i.xQueueGenericSend)
    i.xQueueGenericSendFromISR               0x08003700   Section        0  queue.o(i.xQueueGenericSendFromISR)
    i.xQueueReceive                          0x080037c0   Section        0  queue.o(i.xQueueReceive)
    i.xTaskCheckForTimeOut                   0x080038f8   Section        0  tasks.o(i.xTaskCheckForTimeOut)
    i.xTaskCreate                            0x0800396c   Section        0  tasks.o(i.xTaskCreate)
    i.xTaskCreateStatic                      0x080039c6   Section        0  tasks.o(i.xTaskCreateStatic)
    i.xTaskGetCurrentTaskHandle              0x08003a1c   Section        0  tasks.o(i.xTaskGetCurrentTaskHandle)
    i.xTaskGetSchedulerState                 0x08003a28   Section        0  tasks.o(i.xTaskGetSchedulerState)
    i.xTaskGetTickCount                      0x08003a44   Section        0  tasks.o(i.xTaskGetTickCount)
    i.xTaskIncrementTick                     0x08003a50   Section        0  tasks.o(i.xTaskIncrementTick)
    i.xTaskPriorityDisinherit                0x08003b18   Section        0  tasks.o(i.xTaskPriorityDisinherit)
    i.xTaskRemoveFromEventList               0x08003b98   Section        0  tasks.o(i.xTaskRemoveFromEventList)
    i.xTaskResumeAll                         0x08003c08   Section        0  tasks.o(i.xTaskResumeAll)
    i.xTimerCreateTimerTask                  0x08003ccc   Section        0  timers.o(i.xTimerCreateTimerTask)
    i.xTimerGenericCommand                   0x08003d2c   Section        0  timers.o(i.xTimerGenericCommand)
    .constdata                               0x08003d94   Section       72  freertos.o(.constdata)
    .constdata                               0x08003ddc   Section        8  stm32f4xx_hal_dma.o(.constdata)
    flagBitshiftOffset                       0x08003ddc   Data           8  stm32f4xx_hal_dma.o(.constdata)
    .constdata                               0x08003de4   Section       16  system_stm32f4xx.o(.constdata)
    .constdata                               0x08003df4   Section        8  system_stm32f4xx.o(.constdata)
    .conststring                             0x08003dfc   Section       16  freertos.o(.conststring)
    .data                                    0x20000000   Section        4  main.o(.data)
    .data                                    0x20000004   Section        8  freertos.o(.data)
    .data                                    0x2000000c   Section       12  stm32f4xx_hal.o(.data)
    .data                                    0x20000018   Section        4  system_stm32f4xx.o(.data)
    .data                                    0x2000001c   Section       60  tasks.o(.data)
    uxDeletedTasksWaitingCleanUp             0x20000020   Data           4  tasks.o(.data)
    uxCurrentNumberOfTasks                   0x20000024   Data           4  tasks.o(.data)
    xTickCount                               0x20000028   Data           4  tasks.o(.data)
    uxTopReadyPriority                       0x2000002c   Data           4  tasks.o(.data)
    xSchedulerRunning                        0x20000030   Data           4  tasks.o(.data)
    xPendedTicks                             0x20000034   Data           4  tasks.o(.data)
    xYieldPending                            0x20000038   Data           4  tasks.o(.data)
    xNumOfOverflows                          0x2000003c   Data           4  tasks.o(.data)
    uxTaskNumber                             0x20000040   Data           4  tasks.o(.data)
    xNextTaskUnblockTime                     0x20000044   Data           4  tasks.o(.data)
    xIdleTaskHandle                          0x20000048   Data           4  tasks.o(.data)
    uxSchedulerSuspended                     0x2000004c   Data           4  tasks.o(.data)
    pxDelayedTaskList                        0x20000050   Data           4  tasks.o(.data)
    pxOverflowDelayedTaskList                0x20000054   Data           4  tasks.o(.data)
    .data                                    0x20000058   Section       20  timers.o(.data)
    xTimerQueue                              0x20000058   Data           4  timers.o(.data)
    xTimerTaskHandle                         0x2000005c   Data           4  timers.o(.data)
    xLastTime                                0x20000060   Data           4  timers.o(.data)
    pxCurrentTimerList                       0x20000064   Data           4  timers.o(.data)
    pxOverflowTimerList                      0x20000068   Data           4  timers.o(.data)
    .data                                    0x2000006c   Section        4  cmsis_os2.o(.data)
    KernelState                              0x2000006c   Data           4  cmsis_os2.o(.data)
    .data                                    0x20000070   Section       32  heap_4.o(.data)
    pxEnd                                    0x20000070   Data           4  heap_4.o(.data)
    xFreeBytesRemaining                      0x20000074   Data           4  heap_4.o(.data)
    xMinimumEverFreeBytesRemaining           0x20000078   Data           4  heap_4.o(.data)
    xNumberOfSuccessfulAllocations           0x2000007c   Data           4  heap_4.o(.data)
    xNumberOfSuccessfulFrees                 0x20000080   Data           4  heap_4.o(.data)
    xBlockAllocatedBit                       0x20000084   Data           4  heap_4.o(.data)
    xStart                                   0x20000088   Data           8  heap_4.o(.data)
    .data                                    0x20000090   Section       12  port.o(.data)
    ucMaxSysCallPriority                     0x20000090   Data           1  port.o(.data)
    uxCriticalNesting                        0x20000094   Data           4  port.o(.data)
    ulMaxPRIGROUPValue                       0x20000098   Data           4  port.o(.data)
    .data                                    0x2000009c   Section        4  stdout.o(.data)
    .bss                                     0x200000a0   Section       16  main.o(.bss)
    .bss                                     0x200000b0   Section      168  adc.o(.bss)
    .bss                                     0x20000158   Section       72  tim.o(.bss)
    .bss                                     0x200001a0   Section       72  usart.o(.bss)
    .bss                                     0x200001e8   Section       72  stm32f4xx_hal_timebase_tim.o(.bss)
    .bss                                     0x20000230   Section       64  queue.o(.bss)
    .bss                                     0x20000270   Section     1220  tasks.o(.bss)
    pxReadyTasksLists                        0x20000270   Data        1120  tasks.o(.bss)
    xDelayedTaskList1                        0x200006d0   Data          20  tasks.o(.bss)
    xDelayedTaskList2                        0x200006e4   Data          20  tasks.o(.bss)
    xPendingReadyList                        0x200006f8   Data          20  tasks.o(.bss)
    xTasksWaitingTermination                 0x2000070c   Data          20  tasks.o(.bss)
    xSuspendedTaskList                       0x20000720   Data          20  tasks.o(.bss)
    .bss                                     0x20000734   Section      280  timers.o(.bss)
    xStaticTimerQueue                        0x20000734   Data          80  timers.o(.bss)
    ucStaticTimerQueueStorage                0x20000784   Data         160  timers.o(.bss)
    xActiveTimerList1                        0x20000824   Data          20  timers.o(.bss)
    xActiveTimerList2                        0x20000838   Data          20  timers.o(.bss)
    .bss                                     0x2000084c   Section     1720  cmsis_os2.o(.bss)
    Idle_TCB                                 0x2000084c   Data          92  cmsis_os2.o(.bss)
    Idle_Stack                               0x200008a8   Data         512  cmsis_os2.o(.bss)
    Timer_TCB                                0x20000aa8   Data          92  cmsis_os2.o(.bss)
    Timer_Stack                              0x20000b04   Data        1024  cmsis_os2.o(.bss)
    .bss                                     0x20000f04   Section    15360  heap_4.o(.bss)
    ucHeap                                   0x20000f04   Data       15360  heap_4.o(.bss)
    STACK                                    0x20004b08   Section     1024  startup_stm32f407xx.o(STACK)

    Global Symbols

    Symbol Name                              Value     Ov Type        Size  Object(Section)

    BuildAttributes$$THM_ISAv4$E$P$D$K$B$S$7EM$VFPi3$EXTD16$VFPS$VFMA$PE$A:L22UL41UL21$X:L11$S22US41US21$IEEE1$IW$USESV6$~STKCKD$USESV7$~SHL$OSPACE$ROPI$EBA8$MICROLIB$REQ8$PRES8$EABIv2 0x00000000   Number         0  anon$$obj.o ABSOLUTE
    __ARM_use_no_argv                        0x00000000   Number         0  main.o ABSOLUTE
    _printf_a                                0x00000000   Number         0  stubs.o ABSOLUTE
    _printf_c                                0x00000000   Number         0  stubs.o ABSOLUTE
    _printf_charcount                        0x00000000   Number         0  stubs.o ABSOLUTE
    _printf_d                                0x00000000   Number         0  stubs.o ABSOLUTE
    _printf_e                                0x00000000   Number         0  stubs.o ABSOLUTE
    _printf_f                                0x00000000   Number         0  stubs.o ABSOLUTE
    _printf_flags                            0x00000000   Number         0  stubs.o ABSOLUTE
    _printf_fp_dec                           0x00000000   Number         0  stubs.o ABSOLUTE
    _printf_fp_hex                           0x00000000   Number         0  stubs.o ABSOLUTE
    _printf_g                                0x00000000   Number         0  stubs.o ABSOLUTE
    _printf_i                                0x00000000   Number         0  stubs.o ABSOLUTE
    _printf_int_dec                          0x00000000   Number         0  stubs.o ABSOLUTE
    _printf_l                                0x00000000   Number         0  stubs.o ABSOLUTE
    _printf_lc                               0x00000000   Number         0  stubs.o ABSOLUTE
    _printf_ll                               0x00000000   Number         0  stubs.o ABSOLUTE
    _printf_lld                              0x00000000   Number         0  stubs.o ABSOLUTE
    _printf_lli                              0x00000000   Number         0  stubs.o ABSOLUTE
    _printf_llo                              0x00000000   Number         0  stubs.o ABSOLUTE
    _printf_llu                              0x00000000   Number         0  stubs.o ABSOLUTE
    _printf_llx                              0x00000000   Number         0  stubs.o ABSOLUTE
    _printf_longlong_dec                     0x00000000   Number         0  stubs.o ABSOLUTE
    _printf_longlong_hex                     0x00000000   Number         0  stubs.o ABSOLUTE
    _printf_longlong_oct                     0x00000000   Number         0  stubs.o ABSOLUTE
    _printf_ls                               0x00000000   Number         0  stubs.o ABSOLUTE
    _printf_mbtowc                           0x00000000   Number         0  stubs.o ABSOLUTE
    _printf_n                                0x00000000   Number         0  stubs.o ABSOLUTE
    _printf_o                                0x00000000   Number         0  stubs.o ABSOLUTE
    _printf_p                                0x00000000   Number         0  stubs.o ABSOLUTE
    _printf_percent                          0x00000000   Number         0  stubs.o ABSOLUTE
    _printf_pre_padding                      0x00000000   Number         0  stubs.o ABSOLUTE
    _printf_return_value                     0x00000000   Number         0  stubs.o ABSOLUTE
    _printf_s                                0x00000000   Number         0  stubs.o ABSOLUTE
    _printf_sizespec                         0x00000000   Number         0  stubs.o ABSOLUTE
    _printf_str                              0x00000000   Number         0  stubs.o ABSOLUTE
    _printf_truncate_signed                  0x00000000   Number         0  stubs.o ABSOLUTE
    _printf_truncate_unsigned                0x00000000   Number         0  stubs.o ABSOLUTE
    _printf_u                                0x00000000   Number         0  stubs.o ABSOLUTE
    _printf_wc                               0x00000000   Number         0  stubs.o ABSOLUTE
    _printf_wctomb                           0x00000000   Number         0  stubs.o ABSOLUTE
    _printf_widthprec                        0x00000000   Number         0  stubs.o ABSOLUTE
    _printf_x                                0x00000000   Number         0  stubs.o ABSOLUTE
    __cpp_initialize__aeabi_                  - Undefined Weak Reference
    __cxa_finalize                            - Undefined Weak Reference
    __decompress                              - Undefined Weak Reference
    _clock_init                               - Undefined Weak Reference
    _microlib_exit                            - Undefined Weak Reference
    __Vectors_Size                           0x00000188   Number         0  startup_stm32f407xx.o ABSOLUTE
    __Vectors                                0x08000000   Data           4  startup_stm32f407xx.o(RESET)
    __Vectors_End                            0x08000188   Data           0  startup_stm32f407xx.o(RESET)
    __main                                   0x08000189   Thumb Code     0  entry.o(.ARM.Collect$$$$00000000)
    _main_stk                                0x08000189   Thumb Code     0  entry2.o(.ARM.Collect$$$$00000001)
    _main_scatterload                        0x0800018d   Thumb Code     0  entry5.o(.ARM.Collect$$$$00000004)
    __main_after_scatterload                 0x08000191   Thumb Code     0  entry5.o(.ARM.Collect$$$$00000004)
    _main_clock                              0x08000191   Thumb Code     0  entry7b.o(.ARM.Collect$$$$00000008)
    _main_cpp_init                           0x08000191   Thumb Code     0  entry8b.o(.ARM.Collect$$$$0000000A)
    _main_init                               0x08000191   Thumb Code     0  entry9a.o(.ARM.Collect$$$$0000000B)
    __rt_final_cpp                           0x08000199   Thumb Code     0  entry10a.o(.ARM.Collect$$$$0000000D)
    __rt_final_exit                          0x08000199   Thumb Code     0  entry11a.o(.ARM.Collect$$$$0000000F)
    SVC_Handler                              0x0800019d   Thumb Code    28  port.o(.emb_text)
    __asm___6_port_c_39a90d8d__prvStartFirstTask 0x080001bd   Thumb Code    36  port.o(.emb_text)
    __asm___6_port_c_39a90d8d__prvEnableVFP  0x080001e5   Thumb Code    16  port.o(.emb_text)
    PendSV_Handler                           0x080001f9   Thumb Code    88  port.o(.emb_text)
    vPortGetIPSR                             0x08000255   Thumb Code     6  port.o(.emb_text)
    Reset_Handler                            0x0800025d   Thumb Code     8  startup_stm32f407xx.o(.text)
    ADC_IRQHandler                           0x08000277   Thumb Code     0  startup_stm32f407xx.o(.text)
    CAN1_RX0_IRQHandler                      0x08000277   Thumb Code     0  startup_stm32f407xx.o(.text)
    CAN1_RX1_IRQHandler                      0x08000277   Thumb Code     0  startup_stm32f407xx.o(.text)
    CAN1_SCE_IRQHandler                      0x08000277   Thumb Code     0  startup_stm32f407xx.o(.text)
    CAN1_TX_IRQHandler                       0x08000277   Thumb Code     0  startup_stm32f407xx.o(.text)
    CAN2_RX0_IRQHandler                      0x08000277   Thumb Code     0  startup_stm32f407xx.o(.text)
    CAN2_RX1_IRQHandler                      0x08000277   Thumb Code     0  startup_stm32f407xx.o(.text)
    CAN2_SCE_IRQHandler                      0x08000277   Thumb Code     0  startup_stm32f407xx.o(.text)
    CAN2_TX_IRQHandler                       0x08000277   Thumb Code     0  startup_stm32f407xx.o(.text)
    DCMI_IRQHandler                          0x08000277   Thumb Code     0  startup_stm32f407xx.o(.text)
    DMA1_Stream0_IRQHandler                  0x08000277   Thumb Code     0  startup_stm32f407xx.o(.text)
    DMA1_Stream1_IRQHandler                  0x08000277   Thumb Code     0  startup_stm32f407xx.o(.text)
    DMA1_Stream2_IRQHandler                  0x08000277   Thumb Code     0  startup_stm32f407xx.o(.text)
    DMA1_Stream3_IRQHandler                  0x08000277   Thumb Code     0  startup_stm32f407xx.o(.text)
    DMA1_Stream4_IRQHandler                  0x08000277   Thumb Code     0  startup_stm32f407xx.o(.text)
    DMA1_Stream5_IRQHandler                  0x08000277   Thumb Code     0  startup_stm32f407xx.o(.text)
    DMA1_Stream6_IRQHandler                  0x08000277   Thumb Code     0  startup_stm32f407xx.o(.text)
    DMA1_Stream7_IRQHandler                  0x08000277   Thumb Code     0  startup_stm32f407xx.o(.text)
    DMA2_Stream1_IRQHandler                  0x08000277   Thumb Code     0  startup_stm32f407xx.o(.text)
    DMA2_Stream2_IRQHandler                  0x08000277   Thumb Code     0  startup_stm32f407xx.o(.text)
    DMA2_Stream3_IRQHandler                  0x08000277   Thumb Code     0  startup_stm32f407xx.o(.text)
    DMA2_Stream4_IRQHandler                  0x08000277   Thumb Code     0  startup_stm32f407xx.o(.text)
    DMA2_Stream5_IRQHandler                  0x08000277   Thumb Code     0  startup_stm32f407xx.o(.text)
    DMA2_Stream6_IRQHandler                  0x08000277   Thumb Code     0  startup_stm32f407xx.o(.text)
    DMA2_Stream7_IRQHandler                  0x08000277   Thumb Code     0  startup_stm32f407xx.o(.text)
    ETH_IRQHandler                           0x08000277   Thumb Code     0  startup_stm32f407xx.o(.text)
    ETH_WKUP_IRQHandler                      0x08000277   Thumb Code     0  startup_stm32f407xx.o(.text)
    EXTI0_IRQHandler                         0x08000277   Thumb Code     0  startup_stm32f407xx.o(.text)
    EXTI15_10_IRQHandler                     0x08000277   Thumb Code     0  startup_stm32f407xx.o(.text)
    EXTI1_IRQHandler                         0x08000277   Thumb Code     0  startup_stm32f407xx.o(.text)
    EXTI2_IRQHandler                         0x08000277   Thumb Code     0  startup_stm32f407xx.o(.text)
    EXTI3_IRQHandler                         0x08000277   Thumb Code     0  startup_stm32f407xx.o(.text)
    EXTI4_IRQHandler                         0x08000277   Thumb Code     0  startup_stm32f407xx.o(.text)
    EXTI9_5_IRQHandler                       0x08000277   Thumb Code     0  startup_stm32f407xx.o(.text)
    FLASH_IRQHandler                         0x08000277   Thumb Code     0  startup_stm32f407xx.o(.text)
    FMC_IRQHandler                           0x08000277   Thumb Code     0  startup_stm32f407xx.o(.text)
    FPU_IRQHandler                           0x08000277   Thumb Code     0  startup_stm32f407xx.o(.text)
    HASH_RNG_IRQHandler                      0x08000277   Thumb Code     0  startup_stm32f407xx.o(.text)
    I2C1_ER_IRQHandler                       0x08000277   Thumb Code     0  startup_stm32f407xx.o(.text)
    I2C1_EV_IRQHandler                       0x08000277   Thumb Code     0  startup_stm32f407xx.o(.text)
    I2C2_ER_IRQHandler                       0x08000277   Thumb Code     0  startup_stm32f407xx.o(.text)
    I2C2_EV_IRQHandler                       0x08000277   Thumb Code     0  startup_stm32f407xx.o(.text)
    I2C3_ER_IRQHandler                       0x08000277   Thumb Code     0  startup_stm32f407xx.o(.text)
    I2C3_EV_IRQHandler                       0x08000277   Thumb Code     0  startup_stm32f407xx.o(.text)
    OTG_FS_IRQHandler                        0x08000277   Thumb Code     0  startup_stm32f407xx.o(.text)
    OTG_FS_WKUP_IRQHandler                   0x08000277   Thumb Code     0  startup_stm32f407xx.o(.text)
    OTG_HS_EP1_IN_IRQHandler                 0x08000277   Thumb Code     0  startup_stm32f407xx.o(.text)
    OTG_HS_EP1_OUT_IRQHandler                0x08000277   Thumb Code     0  startup_stm32f407xx.o(.text)
    OTG_HS_IRQHandler                        0x08000277   Thumb Code     0  startup_stm32f407xx.o(.text)
    OTG_HS_WKUP_IRQHandler                   0x08000277   Thumb Code     0  startup_stm32f407xx.o(.text)
    PVD_IRQHandler                           0x08000277   Thumb Code     0  startup_stm32f407xx.o(.text)
    RCC_IRQHandler                           0x08000277   Thumb Code     0  startup_stm32f407xx.o(.text)
    RTC_Alarm_IRQHandler                     0x08000277   Thumb Code     0  startup_stm32f407xx.o(.text)
    RTC_WKUP_IRQHandler                      0x08000277   Thumb Code     0  startup_stm32f407xx.o(.text)
    SDIO_IRQHandler                          0x08000277   Thumb Code     0  startup_stm32f407xx.o(.text)
    SPI1_IRQHandler                          0x08000277   Thumb Code     0  startup_stm32f407xx.o(.text)
    SPI2_IRQHandler                          0x08000277   Thumb Code     0  startup_stm32f407xx.o(.text)
    SPI3_IRQHandler                          0x08000277   Thumb Code     0  startup_stm32f407xx.o(.text)
    TAMP_STAMP_IRQHandler                    0x08000277   Thumb Code     0  startup_stm32f407xx.o(.text)
    TIM1_BRK_TIM9_IRQHandler                 0x08000277   Thumb Code     0  startup_stm32f407xx.o(.text)
    TIM1_CC_IRQHandler                       0x08000277   Thumb Code     0  startup_stm32f407xx.o(.text)
    TIM1_TRG_COM_TIM11_IRQHandler            0x08000277   Thumb Code     0  startup_stm32f407xx.o(.text)
    TIM1_UP_TIM10_IRQHandler                 0x08000277   Thumb Code     0  startup_stm32f407xx.o(.text)
    TIM2_IRQHandler                          0x08000277   Thumb Code     0  startup_stm32f407xx.o(.text)
    TIM3_IRQHandler                          0x08000277   Thumb Code     0  startup_stm32f407xx.o(.text)
    TIM4_IRQHandler                          0x08000277   Thumb Code     0  startup_stm32f407xx.o(.text)
    TIM5_IRQHandler                          0x08000277   Thumb Code     0  startup_stm32f407xx.o(.text)
    TIM7_IRQHandler                          0x08000277   Thumb Code     0  startup_stm32f407xx.o(.text)
    TIM8_BRK_TIM12_IRQHandler                0x08000277   Thumb Code     0  startup_stm32f407xx.o(.text)
    TIM8_CC_IRQHandler                       0x08000277   Thumb Code     0  startup_stm32f407xx.o(.text)
    TIM8_TRG_COM_TIM14_IRQHandler            0x08000277   Thumb Code     0  startup_stm32f407xx.o(.text)
    TIM8_UP_TIM13_IRQHandler                 0x08000277   Thumb Code     0  startup_stm32f407xx.o(.text)
    UART4_IRQHandler                         0x08000277   Thumb Code     0  startup_stm32f407xx.o(.text)
    UART5_IRQHandler                         0x08000277   Thumb Code     0  startup_stm32f407xx.o(.text)
    USART1_IRQHandler                        0x08000277   Thumb Code     0  startup_stm32f407xx.o(.text)
    USART2_IRQHandler                        0x08000277   Thumb Code     0  startup_stm32f407xx.o(.text)
    USART3_IRQHandler                        0x08000277   Thumb Code     0  startup_stm32f407xx.o(.text)
    USART6_IRQHandler                        0x08000277   Thumb Code     0  startup_stm32f407xx.o(.text)
    WWDG_IRQHandler                          0x08000277   Thumb Code     0  startup_stm32f407xx.o(.text)
    __aeabi_uldivmod                         0x08000281   Thumb Code    98  uldiv.o(.text)
    __aeabi_memcpy                           0x080002e3   Thumb Code    36  memcpya.o(.text)
    __aeabi_memcpy4                          0x080002e3   Thumb Code     0  memcpya.o(.text)
    __aeabi_memcpy8                          0x080002e3   Thumb Code     0  memcpya.o(.text)
    __aeabi_memset                           0x08000307   Thumb Code    14  memseta.o(.text)
    __aeabi_memset4                          0x08000307   Thumb Code     0  memseta.o(.text)
    __aeabi_memset8                          0x08000307   Thumb Code     0  memseta.o(.text)
    __aeabi_memclr                           0x08000315   Thumb Code     4  memseta.o(.text)
    __aeabi_memclr4                          0x08000315   Thumb Code     0  memseta.o(.text)
    __aeabi_memclr8                          0x08000315   Thumb Code     0  memseta.o(.text)
    memset                                   0x08000319   Thumb Code    18  memseta.o(.text)
    __aeabi_uidiv                            0x0800032b   Thumb Code     0  uidiv.o(.text)
    __aeabi_uidivmod                         0x0800032b   Thumb Code    44  uidiv.o(.text)
    __aeabi_llsl                             0x08000357   Thumb Code    30  llshl.o(.text)
    _ll_shift_l                              0x08000357   Thumb Code     0  llshl.o(.text)
    __aeabi_llsr                             0x08000375   Thumb Code    32  llushr.o(.text)
    _ll_ushift_r                             0x08000375   Thumb Code     0  llushr.o(.text)
    __scatterload                            0x08000395   Thumb Code    28  init.o(.text)
    __scatterload_rt2                        0x08000395   Thumb Code     0  init.o(.text)
    BusFault_Handler                         0x08000571   Thumb Code     2  stm32f4xx_it.o(i.BusFault_Handler)
    DMA2_Stream0_IRQHandler                  0x08000575   Thumb Code     6  stm32f4xx_it.o(i.DMA2_Stream0_IRQHandler)
    DebugMon_Handler                         0x08000625   Thumb Code     2  stm32f4xx_it.o(i.DebugMon_Handler)
    Error_Handler                            0x08000627   Thumb Code     4  main.o(i.Error_Handler)
    HAL_ADC_ConfigChannel                    0x0800062d   Thumb Code   316  stm32f4xx_hal_adc.o(i.HAL_ADC_ConfigChannel)
    HAL_ADC_ConvCpltCallback                 0x08000779   Thumb Code    48  main.o(i.HAL_ADC_ConvCpltCallback)
    HAL_ADC_ConvHalfCpltCallback             0x080007b5   Thumb Code     2  stm32f4xx_hal_adc.o(i.HAL_ADC_ConvHalfCpltCallback)
    HAL_ADC_ErrorCallback                    0x080007b7   Thumb Code     2  stm32f4xx_hal_adc.o(i.HAL_ADC_ErrorCallback)
    HAL_ADC_Init                             0x080007b9   Thumb Code    84  stm32f4xx_hal_adc.o(i.HAL_ADC_Init)
    HAL_ADC_MspInit                          0x0800080d   Thumb Code   134  adc.o(i.HAL_ADC_MspInit)
    HAL_ADC_Start_DMA                        0x080008a9   Thumb Code   306  stm32f4xx_hal_adc.o(i.HAL_ADC_Start_DMA)
    HAL_DMA_IRQHandler                       0x08000a01   Thumb Code   412  stm32f4xx_hal_dma.o(i.HAL_DMA_IRQHandler)
    HAL_DMA_Init                             0x08000ba1   Thumb Code   206  stm32f4xx_hal_dma.o(i.HAL_DMA_Init)
    HAL_DMA_Start_IT                         0x08000c75   Thumb Code   110  stm32f4xx_hal_dma.o(i.HAL_DMA_Start_IT)
    HAL_GPIO_Init                            0x08000ce5   Thumb Code   450  stm32f4xx_hal_gpio.o(i.HAL_GPIO_Init)
    HAL_GPIO_TogglePin                       0x08000ed5   Thumb Code    16  stm32f4xx_hal_gpio.o(i.HAL_GPIO_TogglePin)
    HAL_GPIO_WritePin                        0x08000ee5   Thumb Code    10  stm32f4xx_hal_gpio.o(i.HAL_GPIO_WritePin)
    HAL_GetTick                              0x08000ef1   Thumb Code     6  stm32f4xx_hal.o(i.HAL_GetTick)
    HAL_IncTick                              0x08000efd   Thumb Code    12  stm32f4xx_hal.o(i.HAL_IncTick)
    HAL_Init                                 0x08000f0d   Thumb Code    48  stm32f4xx_hal.o(i.HAL_Init)
    HAL_InitTick                             0x08000f41   Thumb Code   132  stm32f4xx_hal_timebase_tim.o(i.HAL_InitTick)
    HAL_MspInit                              0x08000fd9   Thumb Code    52  stm32f4xx_hal_msp.o(i.HAL_MspInit)
    HAL_NVIC_EnableIRQ                       0x08001011   Thumb Code    26  stm32f4xx_hal_cortex.o(i.HAL_NVIC_EnableIRQ)
    HAL_NVIC_SetPriority                     0x0800102d   Thumb Code    60  stm32f4xx_hal_cortex.o(i.HAL_NVIC_SetPriority)
    HAL_NVIC_SetPriorityGrouping             0x0800106d   Thumb Code    26  stm32f4xx_hal_cortex.o(i.HAL_NVIC_SetPriorityGrouping)
    HAL_RCC_ClockConfig                      0x08001091   Thumb Code   288  stm32f4xx_hal_rcc.o(i.HAL_RCC_ClockConfig)
    HAL_RCC_GetClockConfig                   0x080011c5   Thumb Code    54  stm32f4xx_hal_rcc.o(i.HAL_RCC_GetClockConfig)
    HAL_RCC_GetPCLK1Freq                     0x08001205   Thumb Code    20  stm32f4xx_hal_rcc.o(i.HAL_RCC_GetPCLK1Freq)
    HAL_RCC_GetPCLK2Freq                     0x08001225   Thumb Code    20  stm32f4xx_hal_rcc.o(i.HAL_RCC_GetPCLK2Freq)
    HAL_RCC_GetSysClockFreq                  0x08001245   Thumb Code    88  stm32f4xx_hal_rcc.o(i.HAL_RCC_GetSysClockFreq)
    HAL_RCC_OscConfig                        0x080012a5   Thumb Code   856  stm32f4xx_hal_rcc.o(i.HAL_RCC_OscConfig)
    HAL_TIMEx_BreakCallback                  0x08001611   Thumb Code     2  stm32f4xx_hal_tim_ex.o(i.HAL_TIMEx_BreakCallback)
    HAL_TIMEx_CommutCallback                 0x08001613   Thumb Code     2  stm32f4xx_hal_tim_ex.o(i.HAL_TIMEx_CommutCallback)
    HAL_TIMEx_MasterConfigSynchronization    0x08001615   Thumb Code   116  stm32f4xx_hal_tim_ex.o(i.HAL_TIMEx_MasterConfigSynchronization)
    HAL_TIM_Base_Init                        0x080016a5   Thumb Code    90  stm32f4xx_hal_tim.o(i.HAL_TIM_Base_Init)
    HAL_TIM_Base_MspInit                     0x08001701   Thumb Code    30  tim.o(i.HAL_TIM_Base_MspInit)
    HAL_TIM_Base_Start                       0x08001729   Thumb Code    90  stm32f4xx_hal_tim.o(i.HAL_TIM_Base_Start)
    HAL_TIM_Base_Start_IT                    0x080017a1   Thumb Code   100  stm32f4xx_hal_tim.o(i.HAL_TIM_Base_Start_IT)
    HAL_TIM_ConfigClockSource                0x08001821   Thumb Code   220  stm32f4xx_hal_tim.o(i.HAL_TIM_ConfigClockSource)
    HAL_TIM_IC_CaptureCallback               0x080018fd   Thumb Code     2  stm32f4xx_hal_tim.o(i.HAL_TIM_IC_CaptureCallback)
    HAL_TIM_IRQHandler                       0x080018ff   Thumb Code   304  stm32f4xx_hal_tim.o(i.HAL_TIM_IRQHandler)
    HAL_TIM_OC_DelayElapsedCallback          0x08001a2f   Thumb Code     2  stm32f4xx_hal_tim.o(i.HAL_TIM_OC_DelayElapsedCallback)
    HAL_TIM_PWM_PulseFinishedCallback        0x08001a31   Thumb Code     2  stm32f4xx_hal_tim.o(i.HAL_TIM_PWM_PulseFinishedCallback)
    HAL_TIM_PeriodElapsedCallback            0x08001a35   Thumb Code    14  main.o(i.HAL_TIM_PeriodElapsedCallback)
    HAL_TIM_TriggerCallback                  0x08001a49   Thumb Code     2  stm32f4xx_hal_tim.o(i.HAL_TIM_TriggerCallback)
    HAL_UART_Init                            0x08001a4b   Thumb Code   100  stm32f4xx_hal_uart.o(i.HAL_UART_Init)
    HAL_UART_MspInit                         0x08001ab1   Thumb Code    94  usart.o(i.HAL_UART_MspInit)
    HAL_UART_Transmit                        0x08001b1d   Thumb Code   160  stm32f4xx_hal_uart.o(i.HAL_UART_Transmit)
    HardFault_Handler                        0x08001bbd   Thumb Code     2  stm32f4xx_it.o(i.HardFault_Handler)
    LED0_Troggle                             0x08001bc1   Thumb Code    10  led.o(i.LED0_Troggle)
    LED1_Troggle                             0x08001bd1   Thumb Code    10  led.o(i.LED1_Troggle)
    MX_ADC1_Init                             0x08001be1   Thumb Code   154  adc.o(i.MX_ADC1_Init)
    MX_DMA_Init                              0x08001c85   Thumb Code    40  dma.o(i.MX_DMA_Init)
    MX_FREERTOS_Init                         0x08001cb1   Thumb Code    32  freertos.o(i.MX_FREERTOS_Init)
    MX_GPIO_Init                             0x08001ce1   Thumb Code   102  gpio.o(i.MX_GPIO_Init)
    MX_TIM3_Init                             0x08001d51   Thumb Code    98  tim.o(i.MX_TIM3_Init)
    MX_USART1_UART_Init                      0x08001dbd   Thumb Code    48  usart.o(i.MX_USART1_UART_Init)
    Median5_Init                             0x08001df5   Thumb Code     6  filter.o(i.Median5_Init)
    MemManage_Handler                        0x08001dfb   Thumb Code     2  stm32f4xx_it.o(i.MemManage_Handler)
    MovingAvg_Init                           0x08001dfd   Thumb Code     6  filter.o(i.MovingAvg_Init)
    NMI_Handler                              0x08001e03   Thumb Code     2  stm32f4xx_it.o(i.NMI_Handler)
    SysTick_Handler                          0x08001e05   Thumb Code    26  cmsis_os2.o(i.SysTick_Handler)
    SystemClock_Config                       0x08001e21   Thumb Code   142  main.o(i.SystemClock_Config)
    SystemInit                               0x08001eb9   Thumb Code    12  system_stm32f4xx.o(i.SystemInit)
    TIM6_DAC_IRQHandler                      0x08001ec9   Thumb Code     6  stm32f4xx_it.o(i.TIM6_DAC_IRQHandler)
    TIM_Base_SetConfig                       0x08001ed5   Thumb Code   164  stm32f4xx_hal_tim.o(i.TIM_Base_SetConfig)
    TIM_ETR_SetConfig                        0x08001fa5   Thumb Code    20  stm32f4xx_hal_tim.o(i.TIM_ETR_SetConfig)
    UsageFault_Handler                       0x080021db   Thumb Code     2  stm32f4xx_it.o(i.UsageFault_Handler)
    __0printf$1                              0x080021dd   Thumb Code    22  printf1.o(i.__0printf$1)
    __1printf$1                              0x080021dd   Thumb Code     0  printf1.o(i.__0printf$1)
    __2printf                                0x080021dd   Thumb Code     0  printf1.o(i.__0printf$1)
    __scatterload_copy                       0x0800221d   Thumb Code    14  handlers.o(i.__scatterload_copy)
    __scatterload_null                       0x0800222b   Thumb Code     2  handlers.o(i.__scatterload_null)
    __scatterload_zeroinit                   0x0800222d   Thumb Code    14  handlers.o(i.__scatterload_zeroinit)
    appTaskADC                               0x08002391   Thumb Code    64  freertos.o(i.appTaskADC)
    appTaskLED                               0x080023f9   Thumb Code    16  freertos.o(i.appTaskLED)
    fputc                                    0x08002409   Thumb Code    20  main.o(i.fputc)
    main                                     0x08002421   Thumb Code    86  main.o(i.main)
    osDelay                                  0x080024a5   Thumb Code    26  cmsis_os2.o(i.osDelay)
    osKernelInitialize                       0x080024c1   Thumb Code    32  cmsis_os2.o(i.osKernelInitialize)
    osKernelStart                            0x080024e5   Thumb Code    48  cmsis_os2.o(i.osKernelStart)
    osThreadNew                              0x0800251d   Thumb Code   138  cmsis_os2.o(i.osThreadNew)
    pvPortMalloc                             0x08002d3d   Thumb Code   216  heap_4.o(i.pvPortMalloc)
    pxPortInitialiseStack                    0x08002e19   Thumb Code    40  port.o(i.pxPortInitialiseStack)
    ulTaskNotifyTake                         0x08002e45   Thumb Code    96  tasks.o(i.ulTaskNotifyTake)
    uxListRemove                             0x08002ead   Thumb Code    38  list.o(i.uxListRemove)
    vApplicationGetIdleTaskMemory            0x08002ed5   Thumb Code    16  cmsis_os2.o(i.vApplicationGetIdleTaskMemory)
    vApplicationGetTimerTaskMemory           0x08002ee9   Thumb Code    18  cmsis_os2.o(i.vApplicationGetTimerTaskMemory)
    vListInitialise                          0x08002f01   Thumb Code    22  list.o(i.vListInitialise)
    vListInitialiseItem                      0x08002f17   Thumb Code     6  list.o(i.vListInitialiseItem)
    vListInsert                              0x08002f1d   Thumb Code    48  list.o(i.vListInsert)
    vListInsertEnd                           0x08002f4d   Thumb Code    24  list.o(i.vListInsertEnd)
    vPortEnterCritical                       0x08002f65   Thumb Code    54  port.o(i.vPortEnterCritical)
    vPortExitCritical                        0x08002fa5   Thumb Code    34  port.o(i.vPortExitCritical)
    vPortFree                                0x08002fcd   Thumb Code    94  heap_4.o(i.vPortFree)
    vPortSetupTimerInterrupt                 0x08003031   Thumb Code    32  port.o(i.vPortSetupTimerInterrupt)
    vPortValidateInterruptPriority           0x08003055   Thumb Code    74  port.o(i.vPortValidateInterruptPriority)
    vQueueAddToRegistry                      0x080030a9   Thumb Code    34  queue.o(i.vQueueAddToRegistry)
    vQueueWaitForMessageRestricted           0x080030d1   Thumb Code    68  queue.o(i.vQueueWaitForMessageRestricted)
    vTaskDelay                               0x08003115   Thumb Code    66  tasks.o(i.vTaskDelay)
    vTaskInternalSetTimeOutState             0x08003161   Thumb Code    12  tasks.o(i.vTaskInternalSetTimeOutState)
    vTaskMissedYield                         0x08003171   Thumb Code     8  tasks.o(i.vTaskMissedYield)
    vTaskNotifyGiveFromISR                   0x0800317d   Thumb Code   162  tasks.o(i.vTaskNotifyGiveFromISR)
    vTaskPlaceOnEventList                    0x0800322d   Thumb Code    44  tasks.o(i.vTaskPlaceOnEventList)
    vTaskPlaceOnEventListRestricted          0x0800325d   Thumb Code    52  tasks.o(i.vTaskPlaceOnEventListRestricted)
    vTaskStartScheduler                      0x08003295   Thumb Code   118  tasks.o(i.vTaskStartScheduler)
    vTaskSuspendAll                          0x0800331d   Thumb Code    10  tasks.o(i.vTaskSuspendAll)
    vTaskSwitchContext                       0x0800332d   Thumb Code    90  tasks.o(i.vTaskSwitchContext)
    xPortStartScheduler                      0x08003391   Thumb Code   222  port.o(i.xPortStartScheduler)
    xPortSysTickHandler                      0x08003485   Thumb Code    38  port.o(i.xPortSysTickHandler)
    xQueueGenericCreateStatic                0x080034b1   Thumb Code   102  queue.o(i.xQueueGenericCreateStatic)
    xQueueGenericReset                       0x08003519   Thumb Code   132  queue.o(i.xQueueGenericReset)
    xQueueGenericSend                        0x080035a1   Thumb Code   346  queue.o(i.xQueueGenericSend)
    xQueueGenericSendFromISR                 0x08003701   Thumb Code   190  queue.o(i.xQueueGenericSendFromISR)
    xQueueReceive                            0x080037c1   Thumb Code   308  queue.o(i.xQueueReceive)
    xTaskCheckForTimeOut                     0x080038f9   Thumb Code   112  tasks.o(i.xTaskCheckForTimeOut)
    xTaskCreate                              0x0800396d   Thumb Code    90  tasks.o(i.xTaskCreate)
    xTaskCreateStatic                        0x080039c7   Thumb Code    86  tasks.o(i.xTaskCreateStatic)
    xTaskGetCurrentTaskHandle                0x08003a1d   Thumb Code     6  tasks.o(i.xTaskGetCurrentTaskHandle)
    xTaskGetSchedulerState                   0x08003a29   Thumb Code    22  tasks.o(i.xTaskGetSchedulerState)
    xTaskGetTickCount                        0x08003a45   Thumb Code     6  tasks.o(i.xTaskGetTickCount)
    xTaskIncrementTick                       0x08003a51   Thumb Code   192  tasks.o(i.xTaskIncrementTick)
    xTaskPriorityDisinherit                  0x08003b19   Thumb Code   118  tasks.o(i.xTaskPriorityDisinherit)
    xTaskRemoveFromEventList                 0x08003b99   Thumb Code    98  tasks.o(i.xTaskRemoveFromEventList)
    xTaskResumeAll                           0x08003c09   Thumb Code   182  tasks.o(i.xTaskResumeAll)
    xTimerCreateTimerTask                    0x08003ccd   Thumb Code    78  timers.o(i.xTimerCreateTimerTask)
    xTimerGenericCommand                     0x08003d2d   Thumb Code    98  timers.o(i.xTimerGenericCommand)
    taskLED_attributes                       0x08003d94   Data          36  freertos.o(.constdata)
    taskADC_attributes                       0x08003db8   Data          36  freertos.o(.constdata)
    AHBPrescTable                            0x08003de4   Data          16  system_stm32f4xx.o(.constdata)
    APBPrescTable                            0x08003df4   Data           8  system_stm32f4xx.o(.constdata)
    Region$$Table$$Base                      0x08003e0c   Number         0  anon$$obj.o(Region$$Table)
    Region$$Table$$Limit                     0x08003e2c   Number         0  anon$$obj.o(Region$$Table)
    xMyAdcTaskHandle                         0x20000000   Data           4  main.o(.data)
    taskLEDHandle                            0x20000004   Data           4  freertos.o(.data)
    taskADCHandle                            0x20000008   Data           4  freertos.o(.data)
    uwTickFreq                               0x2000000c   Data           1  stm32f4xx_hal.o(.data)
    uwTickPrio                               0x20000010   Data           4  stm32f4xx_hal.o(.data)
    uwTick                                   0x20000014   Data           4  stm32f4xx_hal.o(.data)
    SystemCoreClock                          0x20000018   Data           4  system_stm32f4xx.o(.data)
    pxCurrentTCB                             0x2000001c   Data           4  tasks.o(.data)
    __stdout                                 0x2000009c   Data           4  stdout.o(.data)
    DataBuffer                               0x200000a0   Data          16  main.o(.bss)
    hadc1                                    0x200000b0   Data          72  adc.o(.bss)
    hdma_adc1                                0x200000f8   Data          96  adc.o(.bss)
    htim3                                    0x20000158   Data          72  tim.o(.bss)
    huart1                                   0x200001a0   Data          72  usart.o(.bss)
    htim6                                    0x200001e8   Data          72  stm32f4xx_hal_timebase_tim.o(.bss)
    xQueueRegistry                           0x20000230   Data          64  queue.o(.bss)
    __initial_sp                             0x20004f08   Data           0  startup_stm32f407xx.o(STACK)



==============================================================================

Memory Map of the image

  Image Entry point : 0x08000189

  Load Region LR_IROM1 (Base: 0x08000000, Size: 0x00003ecc, Max: 0x00100000, ABSOLUTE)

    Execution Region ER_IROM1 (Exec base: 0x08000000, Load base: 0x08000000, Size: 0x00003e2c, Max: 0x00100000, ABSOLUTE)

    Exec Addr    Load Addr    Size         Type   Attr      Idx    E Section Name        Object

    0x08000000   0x08000000   0x00000188   Data   RO            3    RESET               startup_stm32f407xx.o
    0x08000188   0x08000188   0x00000000   Code   RO         5239  * .ARM.Collect$$$$00000000  mc_w.l(entry.o)
    0x08000188   0x08000188   0x00000004   Code   RO         5513    .ARM.Collect$$$$00000001  mc_w.l(entry2.o)
    0x0800018c   0x0800018c   0x00000004   Code   RO         5516    .ARM.Collect$$$$00000004  mc_w.l(entry5.o)
    0x08000190   0x08000190   0x00000000   Code   RO         5518    .ARM.Collect$$$$00000008  mc_w.l(entry7b.o)
    0x08000190   0x08000190   0x00000000   Code   RO         5520    .ARM.Collect$$$$0000000A  mc_w.l(entry8b.o)
    0x08000190   0x08000190   0x00000008   Code   RO         5521    .ARM.Collect$$$$0000000B  mc_w.l(entry9a.o)
    0x08000198   0x08000198   0x00000000   Code   RO         5523    .ARM.Collect$$$$0000000D  mc_w.l(entry10a.o)
    0x08000198   0x08000198   0x00000000   Code   RO         5525    .ARM.Collect$$$$0000000F  mc_w.l(entry11a.o)
    0x08000198   0x08000198   0x00000004   Code   RO         5514    .ARM.Collect$$$$00002712  mc_w.l(entry2.o)
    0x0800019c   0x0800019c   0x000000be   Code   RO         5162    .emb_text           port.o
    0x0800025a   0x0800025a   0x00000002   PAD
    0x0800025c   0x0800025c   0x00000024   Code   RO            4    .text               startup_stm32f407xx.o
    0x08000280   0x08000280   0x00000062   Code   RO         5242    .text               mc_w.l(uldiv.o)
    0x080002e2   0x080002e2   0x00000024   Code   RO         5244    .text               mc_w.l(memcpya.o)
    0x08000306   0x08000306   0x00000024   Code   RO         5248    .text               mc_w.l(memseta.o)
    0x0800032a   0x0800032a   0x0000002c   Code   RO         5528    .text               mc_w.l(uidiv.o)
    0x08000356   0x08000356   0x0000001e   Code   RO         5530    .text               mc_w.l(llshl.o)
    0x08000374   0x08000374   0x00000020   Code   RO         5532    .text               mc_w.l(llushr.o)
    0x08000394   0x08000394   0x00000024   Code   RO         5545    .text               mc_w.l(init.o)
    0x080003b8   0x080003b8   0x0000006e   Code   RO         1616    i.ADC_DMAConvCplt   stm32f4xx_hal_adc.o
    0x08000426   0x08000426   0x00000016   Code   RO         1617    i.ADC_DMAError      stm32f4xx_hal_adc.o
    0x0800043c   0x0800043c   0x0000000a   Code   RO         1618    i.ADC_DMAHalfConvCplt  stm32f4xx_hal_adc.o
    0x08000446   0x08000446   0x00000002   PAD
    0x08000448   0x08000448   0x00000128   Code   RO         1619    i.ADC_Init          stm32f4xx_hal_adc.o
    0x08000570   0x08000570   0x00000002   Code   RO          510    i.BusFault_Handler  stm32f4xx_it.o
    0x08000572   0x08000572   0x00000002   PAD
    0x08000574   0x08000574   0x0000000c   Code   RO          511    i.DMA2_Stream0_IRQHandler  stm32f4xx_it.o
    0x08000580   0x08000580   0x00000028   Code   RO         2350    i.DMA_CalcBaseAndBitshift  stm32f4xx_hal_dma.o
    0x080005a8   0x080005a8   0x00000054   Code   RO         2351    i.DMA_CheckFifoParam  stm32f4xx_hal_dma.o
    0x080005fc   0x080005fc   0x00000028   Code   RO         2352    i.DMA_SetConfig     stm32f4xx_hal_dma.o
    0x08000624   0x08000624   0x00000002   Code   RO          512    i.DebugMon_Handler  stm32f4xx_it.o
    0x08000626   0x08000626   0x00000004   Code   RO           59    i.Error_Handler     main.o
    0x0800062a   0x0800062a   0x00000002   PAD
    0x0800062c   0x0800062c   0x0000014c   Code   RO         1621    i.HAL_ADC_ConfigChannel  stm32f4xx_hal_adc.o
    0x08000778   0x08000778   0x0000003c   Code   RO           60    i.HAL_ADC_ConvCpltCallback  main.o
    0x080007b4   0x080007b4   0x00000002   Code   RO         1623    i.HAL_ADC_ConvHalfCpltCallback  stm32f4xx_hal_adc.o
    0x080007b6   0x080007b6   0x00000002   Code   RO         1625    i.HAL_ADC_ErrorCallback  stm32f4xx_hal_adc.o
    0x080007b8   0x080007b8   0x00000054   Code   RO         1630    i.HAL_ADC_Init      stm32f4xx_hal_adc.o
    0x0800080c   0x0800080c   0x0000009c   Code   RO          361    i.HAL_ADC_MspInit   adc.o
    0x080008a8   0x080008a8   0x00000158   Code   RO         1637    i.HAL_ADC_Start_DMA  stm32f4xx_hal_adc.o
    0x08000a00   0x08000a00   0x000001a0   Code   RO         2358    i.HAL_DMA_IRQHandler  stm32f4xx_hal_dma.o
    0x08000ba0   0x08000ba0   0x000000d4   Code   RO         2359    i.HAL_DMA_Init      stm32f4xx_hal_dma.o
    0x08000c74   0x08000c74   0x0000006e   Code   RO         2363    i.HAL_DMA_Start_IT  stm32f4xx_hal_dma.o
    0x08000ce2   0x08000ce2   0x00000002   PAD
    0x08000ce4   0x08000ce4   0x000001f0   Code   RO         2246    i.HAL_GPIO_Init     stm32f4xx_hal_gpio.o
    0x08000ed4   0x08000ed4   0x00000010   Code   RO         2249    i.HAL_GPIO_TogglePin  stm32f4xx_hal_gpio.o
    0x08000ee4   0x08000ee4   0x0000000a   Code   RO         2250    i.HAL_GPIO_WritePin  stm32f4xx_hal_gpio.o
    0x08000eee   0x08000eee   0x00000002   PAD
    0x08000ef0   0x08000ef0   0x0000000c   Code   RO         2796    i.HAL_GetTick       stm32f4xx_hal.o
    0x08000efc   0x08000efc   0x00000010   Code   RO         2802    i.HAL_IncTick       stm32f4xx_hal.o
    0x08000f0c   0x08000f0c   0x00000034   Code   RO         2803    i.HAL_Init          stm32f4xx_hal.o
    0x08000f40   0x08000f40   0x00000098   Code   RO          604    i.HAL_InitTick      stm32f4xx_hal_timebase_tim.o
    0x08000fd8   0x08000fd8   0x00000038   Code   RO          580    i.HAL_MspInit       stm32f4xx_hal_msp.o
    0x08001010   0x08001010   0x0000001a   Code   RO         2638    i.HAL_NVIC_EnableIRQ  stm32f4xx_hal_cortex.o
    0x0800102a   0x0800102a   0x00000002   PAD
    0x0800102c   0x0800102c   0x00000040   Code   RO         2644    i.HAL_NVIC_SetPriority  stm32f4xx_hal_cortex.o
    0x0800106c   0x0800106c   0x00000024   Code   RO         2645    i.HAL_NVIC_SetPriorityGrouping  stm32f4xx_hal_cortex.o
    0x08001090   0x08001090   0x00000134   Code   RO         1892    i.HAL_RCC_ClockConfig  stm32f4xx_hal_rcc.o
    0x080011c4   0x080011c4   0x00000040   Code   RO         1896    i.HAL_RCC_GetClockConfig  stm32f4xx_hal_rcc.o
    0x08001204   0x08001204   0x00000020   Code   RO         1899    i.HAL_RCC_GetPCLK1Freq  stm32f4xx_hal_rcc.o
    0x08001224   0x08001224   0x00000020   Code   RO         1900    i.HAL_RCC_GetPCLK2Freq  stm32f4xx_hal_rcc.o
    0x08001244   0x08001244   0x00000060   Code   RO         1901    i.HAL_RCC_GetSysClockFreq  stm32f4xx_hal_rcc.o
    0x080012a4   0x080012a4   0x0000036c   Code   RO         1904    i.HAL_RCC_OscConfig  stm32f4xx_hal_rcc.o
    0x08001610   0x08001610   0x00000002   Code   RO         1349    i.HAL_TIMEx_BreakCallback  stm32f4xx_hal_tim_ex.o
    0x08001612   0x08001612   0x00000002   Code   RO         1350    i.HAL_TIMEx_CommutCallback  stm32f4xx_hal_tim_ex.o
    0x08001614   0x08001614   0x00000090   Code   RO         1368    i.HAL_TIMEx_MasterConfigSynchronization  stm32f4xx_hal_tim_ex.o
    0x080016a4   0x080016a4   0x0000005a   Code   RO          645    i.HAL_TIM_Base_Init  stm32f4xx_hal_tim.o
    0x080016fe   0x080016fe   0x00000002   PAD
    0x08001700   0x08001700   0x00000028   Code   RO          427    i.HAL_TIM_Base_MspInit  tim.o
    0x08001728   0x08001728   0x00000078   Code   RO          648    i.HAL_TIM_Base_Start  stm32f4xx_hal_tim.o
    0x080017a0   0x080017a0   0x00000080   Code   RO          650    i.HAL_TIM_Base_Start_IT  stm32f4xx_hal_tim.o
    0x08001820   0x08001820   0x000000dc   Code   RO          654    i.HAL_TIM_ConfigClockSource  stm32f4xx_hal_tim.o
    0x080018fc   0x080018fc   0x00000002   Code   RO          679    i.HAL_TIM_IC_CaptureCallback  stm32f4xx_hal_tim.o
    0x080018fe   0x080018fe   0x00000130   Code   RO          693    i.HAL_TIM_IRQHandler  stm32f4xx_hal_tim.o
    0x08001a2e   0x08001a2e   0x00000002   Code   RO          696    i.HAL_TIM_OC_DelayElapsedCallback  stm32f4xx_hal_tim.o
    0x08001a30   0x08001a30   0x00000002   Code   RO          723    i.HAL_TIM_PWM_PulseFinishedCallback  stm32f4xx_hal_tim.o
    0x08001a32   0x08001a32   0x00000002   PAD
    0x08001a34   0x08001a34   0x00000014   Code   RO           61    i.HAL_TIM_PeriodElapsedCallback  main.o
    0x08001a48   0x08001a48   0x00000002   Code   RO          736    i.HAL_TIM_TriggerCallback  stm32f4xx_hal_tim.o
    0x08001a4a   0x08001a4a   0x00000064   Code   RO         3071    i.HAL_UART_Init     stm32f4xx_hal_uart.o
    0x08001aae   0x08001aae   0x00000002   PAD
    0x08001ab0   0x08001ab0   0x0000006c   Code   RO          469    i.HAL_UART_MspInit  usart.o
    0x08001b1c   0x08001b1c   0x000000a0   Code   RO         3079    i.HAL_UART_Transmit  stm32f4xx_hal_uart.o
    0x08001bbc   0x08001bbc   0x00000002   Code   RO          513    i.HardFault_Handler  stm32f4xx_it.o
    0x08001bbe   0x08001bbe   0x00000002   PAD
    0x08001bc0   0x08001bc0   0x00000010   Code   RO         3443    i.LED0_Troggle      led.o
    0x08001bd0   0x08001bd0   0x00000010   Code   RO         3445    i.LED1_Troggle      led.o
    0x08001be0   0x08001be0   0x000000a4   Code   RO          362    i.MX_ADC1_Init      adc.o
    0x08001c84   0x08001c84   0x0000002c   Code   RO          402    i.MX_DMA_Init       dma.o
    0x08001cb0   0x08001cb0   0x00000030   Code   RO          311    i.MX_FREERTOS_Init  freertos.o
    0x08001ce0   0x08001ce0   0x00000070   Code   RO          283    i.MX_GPIO_Init      gpio.o
    0x08001d50   0x08001d50   0x0000006c   Code   RO          428    i.MX_TIM3_Init      tim.o
    0x08001dbc   0x08001dbc   0x00000038   Code   RO          470    i.MX_USART1_UART_Init  usart.o
    0x08001df4   0x08001df4   0x00000006   Code   RO           11    i.Median5_Init      filter.o
    0x08001dfa   0x08001dfa   0x00000002   Code   RO          514    i.MemManage_Handler  stm32f4xx_it.o
    0x08001dfc   0x08001dfc   0x00000006   Code   RO           13    i.MovingAvg_Init    filter.o
    0x08001e02   0x08001e02   0x00000002   Code   RO          515    i.NMI_Handler       stm32f4xx_it.o
    0x08001e04   0x08001e04   0x0000001a   Code   RO         4594    i.SysTick_Handler   cmsis_os2.o
    0x08001e1e   0x08001e1e   0x00000002   PAD
    0x08001e20   0x08001e20   0x00000098   Code   RO           62    i.SystemClock_Config  main.o
    0x08001eb8   0x08001eb8   0x00000010   Code   RO         3405    i.SystemInit        system_stm32f4xx.o
    0x08001ec8   0x08001ec8   0x0000000c   Code   RO          516    i.TIM6_DAC_IRQHandler  stm32f4xx_it.o
    0x08001ed4   0x08001ed4   0x000000d0   Code   RO          738    i.TIM_Base_SetConfig  stm32f4xx_hal_tim.o
    0x08001fa4   0x08001fa4   0x00000014   Code   RO          749    i.TIM_ETR_SetConfig  stm32f4xx_hal_tim.o
    0x08001fb8   0x08001fb8   0x00000010   Code   RO          750    i.TIM_ITRx_SetConfig  stm32f4xx_hal_tim.o
    0x08001fc8   0x08001fc8   0x00000022   Code   RO          756    i.TIM_TI1_ConfigInputStage  stm32f4xx_hal_tim.o
    0x08001fea   0x08001fea   0x00000024   Code   RO          758    i.TIM_TI2_ConfigInputStage  stm32f4xx_hal_tim.o
    0x0800200e   0x0800200e   0x0000004e   Code   RO         3094    i.UART_EndRxTransfer  stm32f4xx_hal_uart.o
    0x0800205c   0x0800205c   0x0000010c   Code   RO         3097    i.UART_SetConfig    stm32f4xx_hal_uart.o
    0x08002168   0x08002168   0x00000072   Code   RO         3100    i.UART_WaitOnFlagUntilTimeout  stm32f4xx_hal_uart.o
    0x080021da   0x080021da   0x00000002   Code   RO          517    i.UsageFault_Handler  stm32f4xx_it.o
    0x080021dc   0x080021dc   0x00000020   Code   RO         5297    i.__0printf$1       mc_w.l(printf1.o)
    0x080021fc   0x080021fc   0x00000020   Code   RO         2651    i.__NVIC_SetPriority  stm32f4xx_hal_cortex.o
    0x0800221c   0x0800221c   0x0000000e   Code   RO         5553    i.__scatterload_copy  mc_w.l(handlers.o)
    0x0800222a   0x0800222a   0x00000002   Code   RO         5554    i.__scatterload_null  mc_w.l(handlers.o)
    0x0800222c   0x0800222c   0x0000000e   Code   RO         5555    i.__scatterload_zeroinit  mc_w.l(handlers.o)
    0x0800223a   0x0800223a   0x00000002   PAD
    0x0800223c   0x0800223c   0x00000154   Code   RO         5304    i._printf_core      mc_w.l(printf1.o)
    0x08002390   0x08002390   0x00000068   Code   RO          312    i.appTaskADC        freertos.o
    0x080023f8   0x080023f8   0x00000010   Code   RO          313    i.appTaskLED        freertos.o
    0x08002408   0x08002408   0x00000018   Code   RO           63    i.fputc             main.o
    0x08002420   0x08002420   0x00000084   Code   RO           64    i.main              main.o
    0x080024a4   0x080024a4   0x0000001a   Code   RO         4596    i.osDelay           cmsis_os2.o
    0x080024be   0x080024be   0x00000002   PAD
    0x080024c0   0x080024c0   0x00000024   Code   RO         4610    i.osKernelInitialize  cmsis_os2.o
    0x080024e4   0x080024e4   0x00000038   Code   RO         4613    i.osKernelStart     cmsis_os2.o
    0x0800251c   0x0800251c   0x0000008a   Code   RO         4655    i.osThreadNew       cmsis_os2.o
    0x080025a6   0x080025a6   0x00000002   PAD
    0x080025a8   0x080025a8   0x0000005c   Code   RO         4055    i.prvAddCurrentTaskToDelayedList  tasks.o
    0x08002604   0x08002604   0x000000d0   Code   RO         4056    i.prvAddNewTaskToReadyList  tasks.o
    0x080026d4   0x080026d4   0x00000058   Code   RO         4420    i.prvCheckForValidListAndQueue  timers.o
    0x0800272c   0x0800272c   0x00000026   Code   RO         3655    i.prvCopyDataFromQueue  queue.o
    0x08002752   0x08002752   0x0000006c   Code   RO         3656    i.prvCopyDataToQueue  queue.o
    0x080027be   0x080027be   0x00000034   Code   RO         4057    i.prvDeleteTCB      tasks.o
    0x080027f2   0x080027f2   0x00000002   PAD
    0x080027f4   0x080027f4   0x0000004c   Code   RO         5107    i.prvHeapInit       heap_4.o
    0x08002840   0x08002840   0x00000060   Code   RO         4058    i.prvIdleTask       tasks.o
    0x080028a0   0x080028a0   0x00000022   Code   RO         3658    i.prvInitialiseNewQueue  queue.o
    0x080028c2   0x080028c2   0x00000002   PAD
    0x080028c4   0x080028c4   0x000000b0   Code   RO         4059    i.prvInitialiseNewTask  tasks.o
    0x08002974   0x08002974   0x0000004c   Code   RO         5108    i.prvInsertBlockIntoFreeList  heap_4.o
    0x080029c0   0x080029c0   0x00000038   Code   RO         4422    i.prvInsertTimerInActiveList  timers.o
    0x080029f8   0x080029f8   0x0000001c   Code   RO         3659    i.prvIsQueueEmpty   queue.o
    0x08002a14   0x08002a14   0x000000fc   Code   RO         4423    i.prvProcessReceivedCommands  timers.o
    0x08002b10   0x08002b10   0x000000c0   Code   RO         4424    i.prvProcessTimerOrBlockTask  timers.o
    0x08002bd0   0x08002bd0   0x00000020   Code   RO         4061    i.prvResetNextTaskUnblockTime  tasks.o
    0x08002bf0   0x08002bf0   0x00000028   Code   RO         4425    i.prvSampleTimeNow  timers.o
    0x08002c18   0x08002c18   0x0000006c   Code   RO         4426    i.prvSwitchTimerLists  timers.o
    0x08002c84   0x08002c84   0x00000028   Code   RO         5163    i.prvTaskExitError  port.o
    0x08002cac   0x08002cac   0x00000024   Code   RO         4427    i.prvTimerTask      timers.o
    0x08002cd0   0x08002cd0   0x0000006a   Code   RO         3660    i.prvUnlockQueue    queue.o
    0x08002d3a   0x08002d3a   0x00000002   PAD
    0x08002d3c   0x08002d3c   0x000000dc   Code   RO         5109    i.pvPortMalloc      heap_4.o
    0x08002e18   0x08002e18   0x0000002c   Code   RO         5164    i.pxPortInitialiseStack  port.o
    0x08002e44   0x08002e44   0x00000068   Code   RO         4065    i.ulTaskNotifyTake  tasks.o
    0x08002eac   0x08002eac   0x00000026   Code   RO         3615    i.uxListRemove      list.o
    0x08002ed2   0x08002ed2   0x00000002   PAD
    0x08002ed4   0x08002ed4   0x00000014   Code   RO         4667    i.vApplicationGetIdleTaskMemory  cmsis_os2.o
    0x08002ee8   0x08002ee8   0x00000018   Code   RO         4668    i.vApplicationGetTimerTaskMemory  cmsis_os2.o
    0x08002f00   0x08002f00   0x00000016   Code   RO         3616    i.vListInitialise   list.o
    0x08002f16   0x08002f16   0x00000006   Code   RO         3617    i.vListInitialiseItem  list.o
    0x08002f1c   0x08002f1c   0x00000030   Code   RO         3618    i.vListInsert       list.o
    0x08002f4c   0x08002f4c   0x00000018   Code   RO         3619    i.vListInsertEnd    list.o
    0x08002f64   0x08002f64   0x00000040   Code   RO         5166    i.vPortEnterCritical  port.o
    0x08002fa4   0x08002fa4   0x00000028   Code   RO         5167    i.vPortExitCritical  port.o
    0x08002fcc   0x08002fcc   0x00000064   Code   RO         5110    i.vPortFree         heap_4.o
    0x08003030   0x08003030   0x00000024   Code   RO         5168    i.vPortSetupTimerInterrupt  port.o
    0x08003054   0x08003054   0x00000054   Code   RO         5169    i.vPortValidateInterruptPriority  port.o
    0x080030a8   0x080030a8   0x00000028   Code   RO         3666    i.vQueueAddToRegistry  queue.o
    0x080030d0   0x080030d0   0x00000044   Code   RO         3670    i.vQueueWaitForMessageRestricted  queue.o
    0x08003114   0x08003114   0x0000004c   Code   RO         4074    i.vTaskDelay        tasks.o
    0x08003160   0x08003160   0x00000010   Code   RO         4079    i.vTaskInternalSetTimeOutState  tasks.o
    0x08003170   0x08003170   0x0000000c   Code   RO         4080    i.vTaskMissedYield  tasks.o
    0x0800317c   0x0800317c   0x000000b0   Code   RO         4081    i.vTaskNotifyGiveFromISR  tasks.o
    0x0800322c   0x0800322c   0x00000030   Code   RO         4082    i.vTaskPlaceOnEventList  tasks.o
    0x0800325c   0x0800325c   0x00000038   Code   RO         4083    i.vTaskPlaceOnEventListRestricted  tasks.o
    0x08003294   0x08003294   0x00000088   Code   RO         4091    i.vTaskStartScheduler  tasks.o
    0x0800331c   0x0800331c   0x00000010   Code   RO         4093    i.vTaskSuspendAll   tasks.o
    0x0800332c   0x0800332c   0x00000064   Code   RO         4094    i.vTaskSwitchContext  tasks.o
    0x08003390   0x08003390   0x000000f4   Code   RO         5170    i.xPortStartScheduler  port.o
    0x08003484   0x08003484   0x0000002c   Code   RO         5171    i.xPortSysTickHandler  port.o
    0x080034b0   0x080034b0   0x00000066   Code   RO         3676    i.xQueueGenericCreateStatic  queue.o
    0x08003516   0x08003516   0x00000002   PAD
    0x08003518   0x08003518   0x00000088   Code   RO         3677    i.xQueueGenericReset  queue.o
    0x080035a0   0x080035a0   0x00000160   Code   RO         3678    i.xQueueGenericSend  queue.o
    0x08003700   0x08003700   0x000000be   Code   RO         3679    i.xQueueGenericSendFromISR  queue.o
    0x080037be   0x080037be   0x00000002   PAD
    0x080037c0   0x080037c0   0x00000138   Code   RO         3688    i.xQueueReceive     queue.o
    0x080038f8   0x080038f8   0x00000074   Code   RO         4096    i.xTaskCheckForTimeOut  tasks.o
    0x0800396c   0x0800396c   0x0000005a   Code   RO         4097    i.xTaskCreate       tasks.o
    0x080039c6   0x080039c6   0x00000056   Code   RO         4098    i.xTaskCreateStatic  tasks.o
    0x08003a1c   0x08003a1c   0x0000000c   Code   RO         4101    i.xTaskGetCurrentTaskHandle  tasks.o
    0x08003a28   0x08003a28   0x0000001c   Code   RO         4102    i.xTaskGetSchedulerState  tasks.o
    0x08003a44   0x08003a44   0x0000000c   Code   RO         4103    i.xTaskGetTickCount  tasks.o
    0x08003a50   0x08003a50   0x000000c8   Code   RO         4105    i.xTaskIncrementTick  tasks.o
    0x08003b18   0x08003b18   0x00000080   Code   RO         4108    i.xTaskPriorityDisinherit  tasks.o
    0x08003b98   0x08003b98   0x00000070   Code   RO         4110    i.xTaskRemoveFromEventList  tasks.o
    0x08003c08   0x08003c08   0x000000c4   Code   RO         4111    i.xTaskResumeAll    tasks.o
    0x08003ccc   0x08003ccc   0x00000060   Code   RO         4436    i.xTimerCreateTimerTask  timers.o
    0x08003d2c   0x08003d2c   0x00000068   Code   RO         4437    i.xTimerGenericCommand  timers.o
    0x08003d94   0x08003d94   0x00000048   Data   RO          314    .constdata          freertos.o
    0x08003ddc   0x08003ddc   0x00000008   Data   RO         2365    .constdata          stm32f4xx_hal_dma.o
    0x08003de4   0x08003de4   0x00000010   Data   RO         3406    .constdata          system_stm32f4xx.o
    0x08003df4   0x08003df4   0x00000008   Data   RO         3407    .constdata          system_stm32f4xx.o
    0x08003dfc   0x08003dfc   0x00000010   Data   RO          315    .conststring        freertos.o
    0x08003e0c   0x08003e0c   0x00000020   Data   RO         5551    Region$$Table       anon$$obj.o


    Execution Region RW_IRAM1 (Exec base: 0x20000000, Load base: 0x08003e2c, Size: 0x00004f08, Max: 0x0001c000, ABSOLUTE)

    Exec Addr    Load Addr    Size         Type   Attr      Idx    E Section Name        Object

    0x20000000   0x08003e2c   0x00000004   Data   RW           66    .data               main.o
    0x20000004   0x08003e30   0x00000008   Data   RW          316    .data               freertos.o
    0x2000000c   0x08003e38   0x0000000c   Data   RW         2810    .data               stm32f4xx_hal.o
    0x20000018   0x08003e44   0x00000004   Data   RW         3408    .data               system_stm32f4xx.o
    0x2000001c   0x08003e48   0x0000003c   Data   RW         4114    .data               tasks.o
    0x20000058   0x08003e84   0x00000014   Data   RW         4445    .data               timers.o
    0x2000006c   0x08003e98   0x00000004   Data   RW         4670    .data               cmsis_os2.o
    0x20000070   0x08003e9c   0x00000020   Data   RW         5116    .data               heap_4.o
    0x20000090   0x08003ebc   0x0000000c   Data   RW         5172    .data               port.o
    0x2000009c   0x08003ec8   0x00000004   Data   RW         5527    .data               mc_w.l(stdout.o)
    0x200000a0        -       0x00000010   Zero   RW           65    .bss                main.o
    0x200000b0        -       0x000000a8   Zero   RW          363    .bss                adc.o
    0x20000158        -       0x00000048   Zero   RW          429    .bss                tim.o
    0x200001a0        -       0x00000048   Zero   RW          471    .bss                usart.o
    0x200001e8        -       0x00000048   Zero   RW          607    .bss                stm32f4xx_hal_timebase_tim.o
    0x20000230        -       0x00000040   Zero   RW         3692    .bss                queue.o
    0x20000270        -       0x000004c4   Zero   RW         4113    .bss                tasks.o
    0x20000734        -       0x00000118   Zero   RW         4444    .bss                timers.o
    0x2000084c        -       0x000006b8   Zero   RW         4669    .bss                cmsis_os2.o
    0x20000f04        -       0x00003c00   Zero   RW         5115    .bss                heap_4.o
    0x20004b04   0x08003ecc   0x00000004   PAD
    0x20004b08        -       0x00000400   Zero   RW            1    STACK               startup_stm32f407xx.o


    Execution Region RW_IRAM2 (Exec base: 0x2001c000, Load base: 0x08003ecc, Size: 0x00000000, Max: 0x00004000, ABSOLUTE)

    **** No section assigned to this execution region ****


==============================================================================

Image component sizes


      Code (inc. data)   RO Data    RW Data    ZI Data      Debug   Object Name

       320         32          0          0        168       1863   adc.o
       326         22          0          4       1720      65243   cmsis_os2.o
        44          4          0          0          0        786   dma.o
         0          0          0          0          0      19484   event_groups.o
        12          0          0          0          0       6768   filter.o
       168         56         88          8          0       2501   freertos.o
       112         10          0          0          0        931   gpio.o
       472         24          0         32      15360       4899   heap_4.o
        32         12          0          0          0        870   led.o
       138          0          0          0          0       3578   list.o
       392         78          0          4         16     720889   main.o
       786         82          0         12          0      11561   port.o
      1514         20          0          0         64      17496   queue.o
        36          8        392          0       1024        840   startup_stm32f407xx.o
        80         14          0         12          0       8114   stm32f4xx_hal.o
      1202         66          0          0          0       7022   stm32f4xx_hal_adc.o
       158         14          0          0          0      33058   stm32f4xx_hal_cortex.o
       902         16          8          0          0       5843   stm32f4xx_hal_dma.o
       522         46          0          0          0       2853   stm32f4xx_hal_gpio.o
        56          4          0          0          0        878   stm32f4xx_hal_msp.o
      1408         82          0          0          0       5949   stm32f4xx_hal_rcc.o
      1184        102          0          0          0      11078   stm32f4xx_hal_tim.o
       148         28          0          0          0       2505   stm32f4xx_hal_tim_ex.o
       152         20          0          0         72       1495   stm32f4xx_hal_timebase_tim.o
       720         10          0          0          0       4880   stm32f4xx_hal_uart.o
        36         12          0          0          0       3781   stm32f4xx_it.o
        16          4         24          4          0       1139   system_stm32f4xx.o
      2376        196          0         60       1220      29712   tasks.o
       148         20          0          0         72       1686   tim.o
       972         80          0         20        280      32227   timers.o
       164         22          0          0         72       1738   usart.o

    ----------------------------------------------------------------------
     14636       1084        544        156      20072    1011667   Object Totals
         0          0         32          0          0          0   (incl. Generated)
        40          0          0          0          4          0   (incl. Padding)

    ----------------------------------------------------------------------

      Code (inc. data)   RO Data    RW Data    ZI Data      Debug   Library Member Name

         0          0          0          0          0          0   entry.o
         0          0          0          0          0          0   entry10a.o
         0          0          0          0          0          0   entry11a.o
         8          4          0          0          0          0   entry2.o
         4          0          0          0          0          0   entry5.o
         0          0          0          0          0          0   entry7b.o
         0          0          0          0          0          0   entry8b.o
         8          4          0          0          0          0   entry9a.o
        30          0          0          0          0          0   handlers.o
        36          8          0          0          0         68   init.o
        30          0          0          0          0         68   llshl.o
        32          0          0          0          0         68   llushr.o
        36          0          0          0          0         68   memcpya.o
        36          0          0          0          0        108   memseta.o
       372         14          0          0          0        184   printf1.o
         0          0          0          4          0          0   stdout.o
        44          0          0          0          0         80   uidiv.o
        98          0          0          0          0         92   uldiv.o

    ----------------------------------------------------------------------
       736         30          0          4          0        736   Library Totals
         2          0          0          0          0          0   (incl. Padding)

    ----------------------------------------------------------------------

      Code (inc. data)   RO Data    RW Data    ZI Data      Debug   Library Name

       734         30          0          4          0        736   mc_w.l

    ----------------------------------------------------------------------
       736         30          0          4          0        736   Library Totals

    ----------------------------------------------------------------------

==============================================================================


      Code (inc. data)   RO Data    RW Data    ZI Data      Debug   

     15372       1114        544        160      20072     997395   Grand Totals
     15372       1114        544        160      20072     997395   ELF Image Totals
     15372       1114        544        160          0          0   ROM Totals

==============================================================================

    Total RO  Size (Code + RO Data)                15916 (  15.54kB)
    Total RW  Size (RW Data + ZI Data)             20232 (  19.76kB)
    Total ROM Size (Code + RO Data + RW Data)      16076 (  15.70kB)

==============================================================================

