Component: ARM Compiler 5.06 update 6 (build 750) Tool: armlink [4d35ed]

==============================================================================

Section Cross References

    startup_stm32f407xx.o(RESET) refers to startup_stm32f407xx.o(STACK) for __initial_sp
    startup_stm32f407xx.o(RESET) refers to startup_stm32f407xx.o(.text) for Reset_Handler
    startup_stm32f407xx.o(RESET) refers to stm32f4xx_it.o(i.NMI_Handler) for NMI_Handler
    startup_stm32f407xx.o(RESET) refers to stm32f4xx_it.o(i.HardFault_Handler) for HardFault_Handler
    startup_stm32f407xx.o(RESET) refers to stm32f4xx_it.o(i.MemManage_Handler) for MemManage_Handler
    startup_stm32f407xx.o(RESET) refers to stm32f4xx_it.o(i.BusFault_Handler) for BusFault_Handler
    startup_stm32f407xx.o(RESET) refers to stm32f4xx_it.o(i.UsageFault_Handler) for UsageFault_Handler
    startup_stm32f407xx.o(RESET) refers to port.o(.emb_text) for SVC_Handler
    startup_stm32f407xx.o(RESET) refers to stm32f4xx_it.o(i.DebugMon_Handler) for DebugMon_Handler
    startup_stm32f407xx.o(RESET) refers to cmsis_os2.o(i.SysTick_Handler) for SysTick_Handler
    startup_stm32f407xx.o(RESET) refers to stm32f4xx_it.o(i.DMA1_Stream1_IRQHandler) for DMA1_Stream1_IRQHandler
    startup_stm32f407xx.o(RESET) refers to stm32f4xx_it.o(i.DMA1_Stream3_IRQHandler) for DMA1_Stream3_IRQHandler
    startup_stm32f407xx.o(RESET) refers to stm32f4xx_it.o(i.USART3_IRQHandler) for USART3_IRQHandler
    startup_stm32f407xx.o(RESET) refers to stm32f4xx_it.o(i.TIM6_DAC_IRQHandler) for TIM6_DAC_IRQHandler
    startup_stm32f407xx.o(RESET) refers to stm32f4xx_it.o(i.DMA2_Stream0_IRQHandler) for DMA2_Stream0_IRQHandler
    startup_stm32f407xx.o(.text) refers to system_stm32f4xx.o(i.SystemInit) for SystemInit
    startup_stm32f407xx.o(.text) refers to entry.o(.ARM.Collect$$$$00000000) for __main
    adc_ui.o(i.ui_draw_card) refers to lcd.o(i.lcd_fill) for lcd_fill
    adc_ui.o(i.ui_draw_card) refers to lcd.o(i.lcd_draw_rectangle) for lcd_draw_rectangle
    adc_ui.o(i.ui_draw_card) refers to lcd.o(i.lcd_show_string) for lcd_show_string
    adc_ui.o(i.ui_draw_static) refers to lcd.o(i.lcd_clear) for lcd_clear
    adc_ui.o(i.ui_draw_static) refers to lcd.o(i.lcd_fill) for lcd_fill
    adc_ui.o(i.ui_draw_static) refers to lcd.o(i.lcd_show_string) for lcd_show_string
    adc_ui.o(i.ui_draw_static) refers to adc_ui.o(i.ui_draw_card) for ui_draw_card
    adc_ui.o(i.ui_update_data) refers to f2d.o(.text) for __aeabi_f2d
    adc_ui.o(i.ui_update_data) refers to printfa.o(i.__0sprintf) for __2sprintf
    adc_ui.o(i.ui_update_data) refers to adc_ui.o(i.ui_draw_card) for ui_draw_card
    adc_ui.o(i.ui_update_data) refers to lcd.o(i.lcd_fill) for lcd_fill
    adc_ui.o(i.ui_update_data) refers to lcd.o(i.lcd_show_string) for lcd_show_string
    adctask.o(i.adcTask) refers to tasks.o(i.xTaskGetCurrentTaskHandle) for xTaskGetCurrentTaskHandle
    adctask.o(i.adcTask) refers to queue.o(i.xQueueGenericCreate) for xQueueGenericCreate
    adctask.o(i.adcTask) refers to stm32f4xx_hal_adc.o(i.HAL_ADC_Start_DMA) for HAL_ADC_Start_DMA
    adctask.o(i.adcTask) refers to stm32f4xx_hal_tim.o(i.HAL_TIM_Base_Start) for HAL_TIM_Base_Start
    adctask.o(i.adcTask) refers to tasks.o(i.ulTaskNotifyTake) for ulTaskNotifyTake
    adctask.o(i.adcTask) refers to memcpya.o(.text) for __aeabi_memcpy
    adctask.o(i.adcTask) refers to tasks.o(i.xTaskGetTickCount) for xTaskGetTickCount
    adctask.o(i.adcTask) refers to queue.o(i.xQueueGenericSend) for xQueueGenericSend
    adctask.o(i.adcTask) refers to adctask.o(.data) for .data
    adctask.o(i.adcTask) refers to adctask.o(.bss) for .bss
    adctask.o(i.adcTask) refers to adc.o(.bss) for hadc1
    adctask.o(i.adcTask) refers to tim.o(.bss) for htim3
    adcdataproctask.o(i.adcDataPrcoTask) refers to queue.o(i.xQueueGenericCreate) for xQueueGenericCreate
    adcdataproctask.o(i.adcDataPrcoTask) refers to queue.o(i.xQueueReceive) for xQueueReceive
    adcdataproctask.o(i.adcDataPrcoTask) refers to adcdataproctask.o(i.calc_temperature) for calc_temperature
    adcdataproctask.o(i.adcDataPrcoTask) refers to queue.o(i.xQueueGenericSend) for xQueueGenericSend
    adcdataproctask.o(i.adcDataPrcoTask) refers to adcdataproctask.o(.data) for .data
    adcdataproctask.o(i.adcDataPrcoTask) refers to adctask.o(.data) for adcRawQueue
    adcdataproctask.o(i.adcDataPrcoTask) refers to adcdataproctask.o(.bss) for .bss
    adcdataproctask.o(i.calc_temperature) refers to logf.o(i.__hardfp_logf) for __hardfp_logf
    displaytask.o(i.Screen_SetTextFloat) refers to f2d.o(.text) for __aeabi_f2d
    displaytask.o(i.Screen_SetTextFloat) refers to printfa.o(i.__0snprintf) for __2snprintf
    displaytask.o(i.Screen_SetTextFloat) refers to screentxtask.o(i.Screen_SendCmd) for Screen_SendCmd
    displaytask.o(i.Screen_SetTextFloat) refers to displaytask.o(.data) for .data
    displaytask.o(i.displayTask) refers to lcd.o(i.lcd_init) for lcd_init
[...]
    adcMovAvg                                0x20000150   Data          40  adcdataproctask.o(.bss)
    .bss                                     0x200001a0   Section      128  screenrxtask.o(.bss)
    .bss                                     0x20000220   Section      168  adc.o(.bss)
    .bss                                     0x200002c8   Section       80  fsmc.o(.bss)
    .bss                                     0x20000318   Section       72  tim.o(.bss)
    .bss                                     0x20000360   Section      336  usart.o(.bss)
    .bss                                     0x200004b0   Section       72  stm32f4xx_hal_timebase_tim.o(.bss)
    .bss                                     0x200004f8   Section       94  lcd.o(.bss)
    .bss                                     0x20000558   Section       64  queue.o(.bss)
    .bss                                     0x20000598   Section     1220  tasks.o(.bss)
    pxReadyTasksLists                        0x20000598   Data        1120  tasks.o(.bss)
    xDelayedTaskList1                        0x200009f8   Data          20  tasks.o(.bss)
    xDelayedTaskList2                        0x20000a0c   Data          20  tasks.o(.bss)
    xPendingReadyList                        0x20000a20   Data          20  tasks.o(.bss)
    xTasksWaitingTermination                 0x20000a34   Data          20  tasks.o(.bss)
    xSuspendedTaskList                       0x20000a48   Data          20  tasks.o(.bss)
    .bss                                     0x20000a5c   Section      280  timers.o(.bss)
    xStaticTimerQueue                        0x20000a5c   Data          80  timers.o(.bss)
    ucStaticTimerQueueStorage                0x20000aac   Data         160  timers.o(.bss)
    xActiveTimerList1                        0x20000b4c   Data          20  timers.o(.bss)
    xActiveTimerList2                        0x20000b60   Data          20  timers.o(.bss)
    .bss                                     0x20000b74   Section     1720  cmsis_os2.o(.bss)
    Idle_TCB                                 0x20000b74   Data          92  cmsis_os2.o(.bss)
    Idle_Stack                               0x20000bd0   Data         512  cmsis_os2.o(.bss)
    Timer_TCB                                0x20000dd0   Data          92  cmsis_os2.o(.bss)
    Timer_Stack                              0x20000e2c   Data        1024  cmsis_os2.o(.bss)
    .bss                                     0x2000122c   Section    15360  heap_4.o(.bss)
    ucHeap                                   0x2000122c   Data       15360  heap_4.o(.bss)
    STACK                                    0x20004e30   Section     1024  startup_stm32f407xx.o(STACK)

    Global Symbols

    Symbol Name                              Value     Ov Type        Size  Object(Section)

    BuildAttributes$$THM_ISAv4$E$P$D$K$B$S$7EM$VFPi3$EXTD16$VFPS$VFMA$PE$A:L22UL41UL21$X:L11$S22US41US21$IEEE1$IW$USESV6$~STKCKD$USESV7$~SHL$OTIME$ROPI$IEEEX$EBA8$MICROLIB$REQ8$PRES8$EABIv2 0x00000000   Number         0  anon$$obj.o ABSOLUTE
    __ARM_use_no_argv                        0x00000000   Number         0  main.o ABSOLUTE
    _printf_a                                0x00000000   Number         0  stubs.o ABSOLUTE
    _printf_c                                0x00000000   Number         0  stubs.o ABSOLUTE
    _printf_charcount                        0x00000000   Number         0  stubs.o ABSOLUTE
    _printf_d                                0x00000000   Number         0  stubs.o ABSOLUTE
    _printf_e                                0x00000000   Number         0  stubs.o ABSOLUTE
    _printf_f                                0x00000000   Number         0  stubs.o ABSOLUTE
    _printf_flags                            0x00000000   Number         0  stubs.o ABSOLUTE
    _printf_fp_dec                           0x00000000   Number         0  stubs.o ABSOLUTE
    _printf_fp_hex                           0x00000000   Number         0  stubs.o ABSOLUTE
    _printf_g                                0x00000000   Number         0  stubs.o ABSOLUTE
    _printf_i                                0x00000000   Number         0  stubs.o ABSOLUTE
    _printf_int_dec                          0x00000000   Number         0  stubs.o ABSOLUTE
    _printf_l                                0x00000000   Number         0  stubs.o ABSOLUTE
    _printf_lc                               0x00000000   Number         0  stubs.o ABSOLUTE
    _printf_ll                               0x00000000   Number         0  stubs.o ABSOLUTE
    _printf_lld                              0x00000000   Number         0  stubs.o ABSOLUTE
    _printf_lli                              0x00000000   Number         0  stubs.o ABSOLUTE
    _printf_llo                              0x00000000   Number         0  stubs.o ABSOLUTE
    _printf_llu                              0x00000000   Number         0  stubs.o ABSOLUTE
    _printf_llx                              0x00000000   Number         0  stubs.o ABSOLUTE
    _printf_longlong_dec                     0x00000000   Number         0  stubs.o ABSOLUTE
    _printf_longlong_hex                     0x00000000   Number         0  stubs.o ABSOLUTE
    _printf_longlong_oct                     0x00000000   Number         0  stubs.o ABSOLUTE
    _printf_ls                               0x00000000   Number         0  stubs.o ABSOLUTE
    _printf_mbtowc                           0x00000000   Number         0  stubs.o ABSOLUTE
    _printf_n                                0x00000000   Number         0  stubs.o ABSOLUTE
    _printf_o                                0x00000000   Number         0  stubs.o ABSOLUTE
    _printf_p                                0x00000000   Number         0  stubs.o ABSOLUTE
    _printf_percent                          0x00000000   Number         0  stubs.o ABSOLUTE
    _printf_pre_padding                      0x00000000   Number         0  stubs.o ABSOLUTE
    _printf_return_value                     0x00000000   Number         0  stubs.o ABSOLUTE
    _printf_s                                0x00000000   Number         0  stubs.o ABSOLUTE
    _printf_sizespec                         0x00000000   Number         0  stubs.o ABSOLUTE
    _printf_str                              0x00000000   Number         0  stubs.o ABSOLUTE
    _printf_truncate_signed                  0x00000000   Number         0  stubs.o ABSOLUTE
    _printf_truncate_unsigned                0x00000000   Number         0  stubs.o ABSOLUTE
    _printf_u                                0x00000000   Number         0  stubs.o ABSOLUTE
    _printf_wc                               0x00000000   Number         0  stubs.o ABSOLUTE
    _printf_wctomb                           0x00000000   Number         0  stubs.o ABSOLUTE
    _printf_widthprec                        0x00000000   Number         0  stubs.o ABSOLUTE
    _printf_x                                0x00000000   Number         0  stubs.o ABSOLUTE
    __cpp_initialize__aeabi_                  - Undefined Weak Reference
    __cxa_finalize                            - Undefined Weak Reference
    __decompress                              - Undefined Weak Reference
    _clock_init                               - Undefined Weak Reference
    _microlib_exit                            - Undefined Weak Reference
    __Vectors_Size                           0x00000188   Number         0  startup_stm32f407xx.o ABSOLUTE
    __Vectors                                0x08000000   Data           4  startup_stm32f407xx.o(RESET)
    __Vectors_End                            0x08000188   Data           0  startup_stm32f407xx.o(RESET)
    __main                                   0x08000189   Thumb Code     0  entry.o(.ARM.Collect$$$$00000000)
    _main_stk                                0x08000189   Thumb Code     0  entry2.o(.ARM.Collect$$$$00000001)
    _main_scatterload                        0x0800018d   Thumb Code     0  entry5.o(.ARM.Collect$$$$00000004)
    __main_after_scatterload                 0x08000191   Thumb Code     0  entry5.o(.ARM.Collect$$$$00000004)
    _main_clock                              0x08000191   Thumb Code     0  entry7b.o(.ARM.Collect$$$$00000008)
    _main_cpp_init                           0x08000191   Thumb Code     0  entry8b.o(.ARM.Collect$$$$0000000A)
    _main_init                               0x08000191   Thumb Code     0  entry9a.o(.ARM.Collect$$$$0000000B)
    __rt_final_cpp                           0x08000199   Thumb Code     0  entry10a.o(.ARM.Collect$$$$0000000D)
    __rt_final_exit                          0x08000199   Thumb Code     0  entry11a.o(.ARM.Collect$$$$0000000F)
    SVC_Handler                              0x0800019d   Thumb Code    28  port.o(.emb_text)
    __asm___6_port_c_39a90d8d__prvStartFirstTask 0x080001bd   Thumb Code    36  port.o(.emb_text)
    __asm___6_port_c_39a90d8d__prvEnableVFP  0x080001e5   Thumb Code    16  port.o(.emb_text)
    PendSV_Handler                           0x080001f9   Thumb Code    88  port.o(.emb_text)
    vPortGetIPSR                             0x08000255   Thumb Code     6  port.o(.emb_text)
    Reset_Handler                            0x0800025d   Thumb Code     8  startup_stm32f407xx.o(.text)
    ADC_IRQHandler                           0x08000277   Thumb Code     0  startup_stm32f407xx.o(.text)
    CAN1_RX0_IRQHandler                      0x08000277   Thumb Code     0  startup_stm32f407xx.o(.text)
    CAN1_RX1_IRQHandler                      0x08000277   Thumb Code     0  startup_stm32f407xx.o(.text)
    CAN1_SCE_IRQHandler                      0x08000277   Thumb Code     0  startup_stm32f407xx.o(.text)
    CAN1_TX_IRQHandler                       0x08000277   Thumb Code     0  startup_stm32f407xx.o(.text)
    CAN2_RX0_IRQHandler                      0x08000277   Thumb Code     0  startup_stm32f407xx.o(.text)
    CAN2_RX1_IRQHandler                      0x08000277   Thumb Code     0  startup_stm32f407xx.o(.text)
    CAN2_SCE_IRQHandler                      0x08000277   Thumb Code     0  startup_stm32f407xx.o(.text)
    CAN2_TX_IRQHandler                       0x08000277   Thumb Code     0  startup_stm32f407xx.o(.text)
    DCMI_IRQHandler                          0x08000277   Thumb Code     0  startup_stm32f407xx.o(.text)
    DMA1_Stream0_IRQHandler                  0x08000277   Thumb Code     0  startup_stm32f407xx.o(.text)
    DMA1_Stream2_IRQHandler                  0x08000277   Thumb Code     0  startup_stm32f407xx.o(.text)
    DMA1_Stream4_IRQHandler                  0x08000277   Thumb Code     0  startup_stm32f407xx.o(.text)
    DMA1_Stream5_IRQHandler                  0x08000277   Thumb Code     0  startup_stm32f407xx.o(.text)
    DMA1_Stream6_IRQHandler                  0x08000277   Thumb Code     0  startup_stm32f407xx.o(.text)
    DMA1_Stream7_IRQHandler                  0x08000277   Thumb Code     0  startup_stm32f407xx.o(.text)
    DMA2_Stream1_IRQHandler                  0x08000277   Thumb Code     0  startup_stm32f407xx.o(.text)
    DMA2_Stream2_IRQHandler                  0x08000277   Thumb Code     0  startup_stm32f407xx.o(.text)
    DMA2_Stream3_IRQHandler                  0x08000277   Thumb Code     0  startup_stm32f407xx.o(.text)
    DMA2_Stream4_IRQHandler                  0x08000277   Thumb Code     0  startup_stm32f407xx.o(.text)
    DMA2_Stream5_IRQHandler                  0x08000277   Thumb Code     0  startup_stm32f407xx.o(.text)
    DMA2_Stream6_IRQHandler                  0x08000277   Thumb Code     0  startup_stm32f407xx.o(.text)
    DMA2_Stream7_IRQHandler                  0x08000277   Thumb Code     0  startup_stm32f407xx.o(.text)
    ETH_IRQHandler                           0x08000277   Thumb Code     0  startup_stm32f407xx.o(.text)
    ETH_WKUP_IRQHandler                      0x08000277   Thumb Code     0  startup_stm32f407xx.o(.text)
    EXTI0_IRQHandler                         0x08000277   Thumb Code     0  startup_stm32f407xx.o(.text)
    EXTI15_10_IRQHandler                     0x08000277   Thumb Code     0  startup_stm32f407xx.o(.text)
    EXTI1_IRQHandler                         0x08000277   Thumb Code     0  startup_stm32f407xx.o(.text)
    EXTI2_IRQHandler                         0x08000277   Thumb Code     0  startup_stm32f407xx.o(.text)
    EXTI3_IRQHandler                         0x08000277   Thumb Code     0  startup_stm32f407xx.o(.text)
    EXTI4_IRQHandler                         0x08000277   Thumb Code     0  startup_stm32f407xx.o(.text)
    EXTI9_5_IRQHandler                       0x08000277   Thumb Code     0  startup_stm32f407xx.o(.text)
    FLASH_IRQHandler                         0x08000277   Thumb Code     0  startup_stm32f407xx.o(.text)
    FMC_IRQHandler                           0x08000277   Thumb Code     0  startup_stm32f407xx.o(.text)
    FPU_IRQHandler                           0x08000277   Thumb Code     0  startup_stm32f407xx.o(.text)
    HASH_RNG_IRQHandler                      0x08000277   Thumb Code     0  startup_stm32f407xx.o(.text)
    I2C1_ER_IRQHandler                       0x08000277   Thumb Code     0  startup_stm32f407xx.o(.text)
    I2C1_EV_IRQHandler                       0x08000277   Thumb Code     0  startup_stm32f407xx.o(.text)
    I2C2_ER_IRQHandler                       0x08000277   Thumb Code     0  startup_stm32f407xx.o(.text)
    I2C2_EV_IRQHandler                       0x08000277   Thumb Code     0  startup_stm32f407xx.o(.text)
    I2C3_ER_IRQHandler                       0x08000277   Thumb Code     0  startup_stm32f407xx.o(.text)
    I2C3_EV_IRQHandler                       0x08000277   Thumb Code     0  startup_stm32f407xx.o(.text)
    OTG_FS_IRQHandler                        0x08000277   Thumb Code     0  startup_stm32f407xx.o(.text)
    OTG_FS_WKUP_IRQHandler                   0x08000277   Thumb Code     0  startup_stm32f407xx.o(.text)
    OTG_HS_EP1_IN_IRQHandler                 0x08000277   Thumb Code     0  startup_stm32f407xx.o(.text)
    OTG_HS_EP1_OUT_IRQHandler                0x08000277   Thumb Code     0  startup_stm32f407xx.o(.text)
    OTG_HS_IRQHandler                        0x08000277   Thumb Code     0  startup_stm32f407xx.o(.text)
    OTG_HS_WKUP_IRQHandler                   0x08000277   Thumb Code     0  startup_stm32f407xx.o(.text)
    PVD_IRQHandler                           0x08000277   Thumb Code     0  startup_stm32f407xx.o(.text)
    RCC_IRQHandler                           0x08000277   Thumb Code     0  startup_stm32f407xx.o(.text)
    RTC_Alarm_IRQHandler                     0x08000277   Thumb Code     0  startup_stm32f407xx.o(.text)
    RTC_WKUP_IRQHandler                      0x08000277   Thumb Code     0  startup_stm32f407xx.o(.text)
    SDIO_IRQHandler                          0x08000277   Thumb Code     0  startup_stm32f407xx.o(.text)
    SPI1_IRQHandler                          0x08000277   Thumb Code     0  startup_stm32f407xx.o(.text)
    SPI2_IRQHandler                          0x08000277   Thumb Code     0  startup_stm32f407xx.o(.text)
    SPI3_IRQHandler                          0x08000277   Thumb Code     0  startup_stm32f407xx.o(.text)
    TAMP_STAMP_IRQHandler                    0x08000277   Thumb Code     0  startup_stm32f407xx.o(.text)
    TIM1_BRK_TIM9_IRQHandler                 0x08000277   Thumb Code     0  startup_stm32f407xx.o(.text)
    TIM1_CC_IRQHandler                       0x08000277   Thumb Code     0  startup_stm32f407xx.o(.text)
    TIM1_TRG_COM_TIM11_IRQHandler            0x08000277   Thumb Code     0  startup_stm32f407xx.o(.text)
    TIM1_UP_TIM10_IRQHandler                 0x08000277   Thumb Code     0  startup_stm32f407xx.o(.text)
    TIM2_IRQHandler                          0x08000277   Thumb Code     0  startup_stm32f407xx.o(.text)
    TIM3_IRQHandler                          0x08000277   Thumb Code     0  startup_stm32f407xx.o(.text)
    TIM4_IRQHandler                          0x08000277   Thumb Code     0  startup_stm32f407xx.o(.text)
    TIM5_IRQHandler                          0x08000277   Thumb Code     0  startup_stm32f407xx.o(.text)
    TIM7_IRQHandler                          0x08000277   Thumb Code     0  startup_stm32f407xx.o(.text)
    TIM8_BRK_TIM12_IRQHandler                0x08000277   Thumb Code     0  startup_stm32f407xx.o(.text)
    TIM8_CC_IRQHandler                       0x08000277   Thumb Code     0  startup_stm32f407xx.o(.text)
    TIM8_TRG_COM_TIM14_IRQHandler            0x08000277   Thumb Code     0  startup_stm32f407xx.o(.text)
    TIM8_UP_TIM13_IRQHandler                 0x08000277   Thumb Code     0  startup_stm32f407xx.o(.text)
    UART4_IRQHandler                         0x08000277   Thumb Code     0  startup_stm32f407xx.o(.text)
    UART5_IRQHandler                         0x08000277   Thumb Code     0  startup_stm32f407xx.o(.text)
    USART1_IRQHandler                        0x08000277   Thumb Code     0  startup_stm32f407xx.o(.text)
    USART2_IRQHandler                        0x08000277   Thumb Code     0  startup_stm32f407xx.o(.text)
    USART6_IRQHandler                        0x08000277   Thumb Code     0  startup_stm32f407xx.o(.text)
    WWDG_IRQHandler                          0x08000277   Thumb Code     0  startup_stm32f407xx.o(.text)
    __aeabi_uldivmod                         0x08000281   Thumb Code    98  uldiv.o(.text)
    __aeabi_memcpy                           0x080002e3   Thumb Code    36  memcpya.o(.text)
    __aeabi_memcpy4                          0x080002e3   Thumb Code     0  memcpya.o(.text)
    __aeabi_memcpy8                          0x080002e3   Thumb Code     0  memcpya.o(.text)
    __aeabi_memset                           0x08000307   Thumb Code    14  memseta.o(.text)
    __aeabi_memset4                          0x08000307   Thumb Code     0  memseta.o(.text)
    __aeabi_memset8                          0x08000307   Thumb Code     0  memseta.o(.text)
    __aeabi_memclr                           0x08000315   Thumb Code     4  memseta.o(.text)
    __aeabi_memclr4                          0x08000315   Thumb Code     0  memseta.o(.text)
    __aeabi_memclr8                          0x08000315   Thumb Code     0  memseta.o(.text)
    memset                                   0x08000319   Thumb Code    18  memseta.o(.text)
    strlen                                   0x0800032b   Thumb Code    14  strlen.o(.text)
    strcmp                                   0x08000339   Thumb Code    28  strcmp.o(.text)
    memcmp                                   0x08000355   Thumb Code    26  memcmp.o(.text)
    __aeabi_dmul                             0x0800036f   Thumb Code   228  dmul.o(.text)
    __aeabi_ui2d                             0x08000453   Thumb Code    26  dfltui.o(.text)
    __aeabi_d2uiz                            0x0800046d   Thumb Code    50  dfixui.o(.text)
    __aeabi_f2d                              0x0800049f   Thumb Code    38  f2d.o(.text)
    __aeabi_uidiv                            0x080004c5   Thumb Code     0  uidiv.o(.text)
    __aeabi_uidivmod                         0x080004c5   Thumb Code    44  uidiv.o(.text)
    __aeabi_llsl                             0x080004f1   Thumb Code    30  llshl.o(.text)
    _ll_shift_l                              0x080004f1   Thumb Code     0  llshl.o(.text)
    __aeabi_llsr                             0x0800050f   Thumb Code    32  llushr.o(.text)
    _ll_ushift_r                             0x0800050f   Thumb Code     0  llushr.o(.text)
    __I$use$fp                               0x0800052f   Thumb Code     0  iusefp.o(.text)
    _double_round                            0x0800052f   Thumb Code    30  depilogue.o(.text)
    _double_epilogue                         0x0800054d   Thumb Code   156  depilogue.o(.text)
    __aeabi_dadd                             0x080005e9   Thumb Code   322  dadd.o(.text)
    __aeabi_dsub                             0x0800072b   Thumb Code     6  dadd.o(.text)
    __aeabi_drsub                            0x08000731   Thumb Code     6  dadd.o(.text)
    __aeabi_ddiv                             0x08000737   Thumb Code   222  ddiv.o(.text)
    __aeabi_d2ulz                            0x08000815   Thumb Code    48  dfixul.o(.text)
    __aeabi_cdrcmple                         0x08000845   Thumb Code    48  cdrcmple.o(.text)
    __scatterload                            0x08000875   Thumb Code    28  init.o(.text)
    __scatterload_rt2                        0x08000875   Thumb Code     0  init.o(.text)
    __aeabi_lasr                             0x08000899   Thumb Code    36  llsshr.o(.text)
    _ll_sshift_r                             0x08000899   Thumb Code     0  llsshr.o(.text)
    AT24CXX_Check                            0x08000a75   Thumb Code    38  24cxx.o(i.AT24CXX_Check)
    AT24CXX_Init                             0x08000a9b   Thumb Code     4  24cxx.o(i.AT24CXX_Init)
    AT24CXX_Read                             0x08000a9f   Thumb Code    34  24cxx.o(i.AT24CXX_Read)
    AT24CXX_ReadOneByte                      0x08000ac1   Thumb Code    66  24cxx.o(i.AT24CXX_ReadOneByte)
    AT24CXX_Write                            0x08000b03   Thumb Code    32  24cxx.o(i.AT24CXX_Write)
    AT24CXX_WriteOneByte                     0x08000b23   Thumb Code    62  24cxx.o(i.AT24CXX_WriteOneByte)
    BusFault_Handler                         0x08000b61   Thumb Code     2  stm32f4xx_it.o(i.BusFault_Handler)
    DMA1_Stream1_IRQHandler                  0x08000b6d   Thumb Code     6  stm32f4xx_it.o(i.DMA1_Stream1_IRQHandler)
    DMA1_Stream3_IRQHandler                  0x08000b79   Thumb Code     6  stm32f4xx_it.o(i.DMA1_Stream3_IRQHandler)
    DMA2_Stream0_IRQHandler                  0x08000b85   Thumb Code     6  stm32f4xx_it.o(i.DMA2_Stream0_IRQHandler)
    DebugMon_Handler                         0x08000c35   Thumb Code     2  stm32f4xx_it.o(i.DebugMon_Handler)
    Error_Handler                            0x08000c37   Thumb Code     4  main.o(i.Error_Handler)
    FSMC_NORSRAM_Extended_Timing_Init        0x08000c3d   Thumb Code    56  stm32f4xx_ll_fsmc.o(i.FSMC_NORSRAM_Extended_Timing_Init)
    FSMC_NORSRAM_Init                        0x08000c79   Thumb Code    98  stm32f4xx_ll_fsmc.o(i.FSMC_NORSRAM_Init)
    FSMC_NORSRAM_Timing_Init                 0x08000ce1   Thumb Code    56  stm32f4xx_ll_fsmc.o(i.FSMC_NORSRAM_Timing_Init)
    HAL_ADC_ConfigChannel                    0x08000d1d   Thumb Code   316  stm32f4xx_hal_adc.o(i.HAL_ADC_ConfigChannel)
    HAL_ADC_ConvCpltCallback                 0x08000e69   Thumb Code    48  main.o(i.HAL_ADC_ConvCpltCallback)
    HAL_ADC_ConvHalfCpltCallback             0x08000ea5   Thumb Code     2  stm32f4xx_hal_adc.o(i.HAL_ADC_ConvHalfCpltCallback)
    HAL_ADC_ErrorCallback                    0x08000ea7   Thumb Code     2  stm32f4xx_hal_adc.o(i.HAL_ADC_ErrorCallback)
    HAL_ADC_Init                             0x08000ea9   Thumb Code    84  stm32f4xx_hal_adc.o(i.HAL_ADC_Init)
    HAL_ADC_MspInit                          0x08000efd   Thumb Code   162  adc.o(i.HAL_ADC_MspInit)
    HAL_ADC_Start_DMA                        0x08000fb9   Thumb Code   306  stm32f4xx_hal_adc.o(i.HAL_ADC_Start_DMA)
    HAL_DMA_Abort                            0x08001111   Thumb Code   146  stm32f4xx_hal_dma.o(i.HAL_DMA_Abort)
    HAL_DMA_Abort_IT                         0x080011a3   Thumb Code    36  stm32f4xx_hal_dma.o(i.HAL_DMA_Abort_IT)
    HAL_DMA_IRQHandler                       0x080011c9   Thumb Code   412  stm32f4xx_hal_dma.o(i.HAL_DMA_IRQHandler)
    HAL_DMA_Init                             0x08001369   Thumb Code   206  stm32f4xx_hal_dma.o(i.HAL_DMA_Init)
    HAL_DMA_Start_IT                         0x0800143d   Thumb Code   110  stm32f4xx_hal_dma.o(i.HAL_DMA_Start_IT)
    HAL_GPIO_Init                            0x08001555   Thumb Code   450  stm32f4xx_hal_gpio.o(i.HAL_GPIO_Init)
    HAL_GPIO_TogglePin                       0x08001745   Thumb Code    16  stm32f4xx_hal_gpio.o(i.HAL_GPIO_TogglePin)
    HAL_GPIO_WritePin                        0x08001755   Thumb Code    10  stm32f4xx_hal_gpio.o(i.HAL_GPIO_WritePin)
    HAL_GetTick                              0x08001761   Thumb Code     6  stm32f4xx_hal.o(i.HAL_GetTick)
    HAL_IncTick                              0x0800176d   Thumb Code    12  stm32f4xx_hal.o(i.HAL_IncTick)
    HAL_Init                                 0x0800177d   Thumb Code    48  stm32f4xx_hal.o(i.HAL_Init)
    HAL_InitTick                             0x080017b1   Thumb Code   132  stm32f4xx_hal_timebase_tim.o(i.HAL_InitTick)
    HAL_MspInit                              0x08001849   Thumb Code    52  stm32f4xx_hal_msp.o(i.HAL_MspInit)
    HAL_NVIC_EnableIRQ                       0x08001881   Thumb Code    26  stm32f4xx_hal_cortex.o(i.HAL_NVIC_EnableIRQ)
    HAL_NVIC_SetPriority                     0x0800189d   Thumb Code    60  stm32f4xx_hal_cortex.o(i.HAL_NVIC_SetPriority)
    HAL_NVIC_SetPriorityGrouping             0x080018dd   Thumb Code    26  stm32f4xx_hal_cortex.o(i.HAL_NVIC_SetPriorityGrouping)
    HAL_RCC_ClockConfig                      0x08001901   Thumb Code   288  stm32f4xx_hal_rcc.o(i.HAL_RCC_ClockConfig)
    HAL_RCC_GetClockConfig                   0x08001a35   Thumb Code    54  stm32f4xx_hal_rcc.o(i.HAL_RCC_GetClockConfig)
    HAL_RCC_GetPCLK1Freq                     0x08001a75   Thumb Code    20  stm32f4xx_hal_rcc.o(i.HAL_RCC_GetPCLK1Freq)
    HAL_RCC_GetPCLK2Freq                     0x08001a95   Thumb Code    20  stm32f4xx_hal_rcc.o(i.HAL_RCC_GetPCLK2Freq)
    HAL_RCC_GetSysClockFreq                  0x08001ab5   Thumb Code    88  stm32f4xx_hal_rcc.o(i.HAL_RCC_GetSysClockFreq)
    HAL_RCC_OscConfig                        0x08001b15   Thumb Code   856  stm32f4xx_hal_rcc.o(i.HAL_RCC_OscConfig)
    HAL_SRAM_Init                            0x08001e81   Thumb Code    92  stm32f4xx_hal_sram.o(i.HAL_SRAM_Init)
    HAL_SRAM_MspInit                         0x08001edd   Thumb Code     4  fsmc.o(i.HAL_SRAM_MspInit)
    HAL_TIMEx_BreakCallback                  0x08001ee1   Thumb Code     2  stm32f4xx_hal_tim_ex.o(i.HAL_TIMEx_BreakCallback)
    HAL_TIMEx_CommutCallback                 0x08001ee3   Thumb Code     2  stm32f4xx_hal_tim_ex.o(i.HAL_TIMEx_CommutCallback)
    HAL_TIMEx_MasterConfigSynchronization    0x08001ee5   Thumb Code   116  stm32f4xx_hal_tim_ex.o(i.HAL_TIMEx_MasterConfigSynchronization)
    HAL_TIM_Base_Init                        0x08001f75   Thumb Code    90  stm32f4xx_hal_tim.o(i.HAL_TIM_Base_Init)
    HAL_TIM_Base_MspInit                     0x08001fd1   Thumb Code    30  tim.o(i.HAL_TIM_Base_MspInit)
    HAL_TIM_Base_Start                       0x08001ff9   Thumb Code    90  stm32f4xx_hal_tim.o(i.HAL_TIM_Base_Start)
    HAL_TIM_Base_Start_IT                    0x08002071   Thumb Code   100  stm32f4xx_hal_tim.o(i.HAL_TIM_Base_Start_IT)
    HAL_TIM_ConfigClockSource                0x080020f1   Thumb Code   220  stm32f4xx_hal_tim.o(i.HAL_TIM_ConfigClockSource)
    HAL_TIM_IC_CaptureCallback               0x080021cd   Thumb Code     2  stm32f4xx_hal_tim.o(i.HAL_TIM_IC_CaptureCallback)
    HAL_TIM_IRQHandler                       0x080021cf   Thumb Code   304  stm32f4xx_hal_tim.o(i.HAL_TIM_IRQHandler)
    HAL_TIM_OC_DelayElapsedCallback          0x080022ff   Thumb Code     2  stm32f4xx_hal_tim.o(i.HAL_TIM_OC_DelayElapsedCallback)
    HAL_TIM_PWM_PulseFinishedCallback        0x08002301   Thumb Code     2  stm32f4xx_hal_tim.o(i.HAL_TIM_PWM_PulseFinishedCallback)
    HAL_TIM_PeriodElapsedCallback            0x08002305   Thumb Code    14  main.o(i.HAL_TIM_PeriodElapsedCallback)
    HAL_TIM_TriggerCallback                  0x08002319   Thumb Code     2  stm32f4xx_hal_tim.o(i.HAL_TIM_TriggerCallback)
    HAL_UARTEx_ReceiveToIdle_DMA             0x0800231b   Thumb Code    74  stm32f4xx_hal_uart.o(i.HAL_UARTEx_ReceiveToIdle_DMA)
    HAL_UARTEx_RxEventCallback               0x08002365   Thumb Code   102  main.o(i.HAL_UARTEx_RxEventCallback)
    HAL_UART_ErrorCallback                   0x080023e1   Thumb Code     2  stm32f4xx_hal_uart.o(i.HAL_UART_ErrorCallback)
    HAL_UART_IRQHandler                      0x080023e5   Thumb Code   636  stm32f4xx_hal_uart.o(i.HAL_UART_IRQHandler)
    HAL_UART_Init                            0x08002665   Thumb Code   100  stm32f4xx_hal_uart.o(i.HAL_UART_Init)
    HAL_UART_MspInit                         0x080026c9   Thumb Code   268  usart.o(i.HAL_UART_MspInit)
    HAL_UART_RxCpltCallback                  0x080027f1   Thumb Code     2  stm32f4xx_hal_uart.o(i.HAL_UART_RxCpltCallback)
    HAL_UART_RxHalfCpltCallback              0x080027f3   Thumb Code     2  stm32f4xx_hal_uart.o(i.HAL_UART_RxHalfCpltCallback)
    HAL_UART_Transmit                        0x080027f5   Thumb Code   160  stm32f4xx_hal_uart.o(i.HAL_UART_Transmit)
    HAL_UART_Transmit_DMA                    0x08002895   Thumb Code   120  stm32f4xx_hal_uart.o(i.HAL_UART_Transmit_DMA)
    HAL_UART_TxCpltCallback                  0x08002919   Thumb Code    48  main.o(i.HAL_UART_TxCpltCallback)
    HAL_UART_TxHalfCpltCallback              0x08002955   Thumb Code     2  stm32f4xx_hal_uart.o(i.HAL_UART_TxHalfCpltCallback)
    HardFault_Handler                        0x08002957   Thumb Code     2  stm32f4xx_it.o(i.HardFault_Handler)
    IIC_Ack                                  0x08002959   Thumb Code    56  myiic.o(i.IIC_Ack)
    IIC_Init                                 0x08002999   Thumb Code    60  myiic.o(i.IIC_Init)
    IIC_NAck                                 0x080029e1   Thumb Code    56  myiic.o(i.IIC_NAck)
    IIC_Read_Byte                            0x08002a21   Thumb Code    96  myiic.o(i.IIC_Read_Byte)
    IIC_Send_Byte                            0x08002a89   Thumb Code    86  myiic.o(i.IIC_Send_Byte)
    IIC_Start                                0x08002ae9   Thumb Code    56  myiic.o(i.IIC_Start)
    IIC_Stop                                 0x08002b29   Thumb Code    58  myiic.o(i.IIC_Stop)
    IIC_Wait_Ack                             0x08002b6d   Thumb Code    74  myiic.o(i.IIC_Wait_Ack)
    LED0_Troggle                             0x08002bc1   Thumb Code    10  led.o(i.LED0_Troggle)
    MX_ADC1_Init                             0x08002bd1   Thumb Code   156  adc.o(i.MX_ADC1_Init)
    MX_DMA_Init                              0x08002c75   Thumb Code    88  dma.o(i.MX_DMA_Init)
    MX_FREERTOS_Init                         0x08002cd1   Thumb Code    70  freertos.o(i.MX_FREERTOS_Init)
    MX_FSMC_Init                             0x08002d31   Thumb Code   128  fsmc.o(i.MX_FSMC_Init)
    MX_GPIO_Init                             0x08002db9   Thumb Code   204  gpio.o(i.MX_GPIO_Init)
    MX_TIM3_Init                             0x08002e91   Thumb Code    98  tim.o(i.MX_TIM3_Init)
    MX_USART1_UART_Init                      0x08002efd   Thumb Code    48  usart.o(i.MX_USART1_UART_Init)
    MX_USART3_UART_Init                      0x08002f35   Thumb Code    48  usart.o(i.MX_USART3_UART_Init)
    MemManage_Handler                        0x08002f6d   Thumb Code     2  stm32f4xx_it.o(i.MemManage_Handler)
    NMI_Handler                              0x08002f6f   Thumb Code     2  stm32f4xx_it.o(i.NMI_Handler)
    ScreenRx_Init                            0x08002f71   Thumb Code    64  screenrxtask.o(i.ScreenRx_Init)
    ScreenRx_Task                            0x08002fcd   Thumb Code    34  screenrxtask.o(i.ScreenRx_Task)
    ScreenTx_Init                            0x08002ff5   Thumb Code    62  screentxtask.o(i.ScreenTx_Init)
    ScreenTx_Task                            0x08003049   Thumb Code    64  screentxtask.o(i.ScreenTx_Task)
    Screen_ParseRxData                       0x08003091   Thumb Code   370  screenrxtask.o(i.Screen_ParseRxData)
    Screen_SendCmd                           0x0800325d   Thumb Code    74  screentxtask.o(i.Screen_SendCmd)
    SysTick_Handler                          0x080032f9   Thumb Code    26  cmsis_os2.o(i.SysTick_Handler)
    SystemClock_Config                       0x08003315   Thumb Code   142  main.o(i.SystemClock_Config)
    SystemInit                               0x080033ad   Thumb Code    12  system_stm32f4xx.o(i.SystemInit)
    TIM6_DAC_IRQHandler                      0x080033bd   Thumb Code     6  stm32f4xx_it.o(i.TIM6_DAC_IRQHandler)
    TIM_Base_SetConfig                       0x080033c9   Thumb Code   164  stm32f4xx_hal_tim.o(i.TIM_Base_SetConfig)
    TIM_ETR_SetConfig                        0x08003499   Thumb Code    20  stm32f4xx_hal_tim.o(i.TIM_ETR_SetConfig)
    UART_Start_Receive_DMA                   0x08003885   Thumb Code   146  stm32f4xx_hal_uart.o(i.UART_Start_Receive_DMA)
    USART3_IRQHandler                        0x08003999   Thumb Code     6  stm32f4xx_it.o(i.USART3_IRQHandler)
    UsageFault_Handler                       0x080039a5   Thumb Code     2  stm32f4xx_it.o(i.UsageFault_Handler)
    __0printf                                0x080039a9   Thumb Code    22  printfa.o(i.__0printf)
    __1printf                                0x080039a9   Thumb Code     0  printfa.o(i.__0printf)
    __2printf                                0x080039a9   Thumb Code     0  printfa.o(i.__0printf)
    __c89printf                              0x080039a9   Thumb Code     0  printfa.o(i.__0printf)
    printf                                   0x080039a9   Thumb Code     0  printfa.o(i.__0printf)
    __0snprintf                              0x080039c9   Thumb Code    44  printfa.o(i.__0snprintf)
    __1snprintf                              0x080039c9   Thumb Code     0  printfa.o(i.__0snprintf)
    __2snprintf                              0x080039c9   Thumb Code     0  printfa.o(i.__0snprintf)
    __c89snprintf                            0x080039c9   Thumb Code     0  printfa.o(i.__0snprintf)
    snprintf                                 0x080039c9   Thumb Code     0  printfa.o(i.__0snprintf)
    __hardfp_logf                            0x08003a19   Thumb Code   320  logf.o(i.__hardfp_logf)
    __mathlib_logf                           0x08003a19   Thumb Code     0  logf.o(i.__hardfp_logf)
    __mathlib_flt_divzero                    0x08003b85   Thumb Code    14  funder.o(i.__mathlib_flt_divzero)
    __mathlib_flt_infnan                     0x08003b99   Thumb Code     6  funder.o(i.__mathlib_flt_infnan)
    __mathlib_flt_invalid                    0x08003ba1   Thumb Code    10  funder.o(i.__mathlib_flt_invalid)
    __scatterload_copy                       0x08003bb1   Thumb Code    14  handlers.o(i.__scatterload_copy)
    __scatterload_null                       0x08003bbf   Thumb Code     2  handlers.o(i.__scatterload_null)
    __scatterload_zeroinit                   0x08003bc1   Thumb Code    14  handlers.o(i.__scatterload_zeroinit)
    __set_errno                              0x08003bd1   Thumb Code     6  errno.o(i.__set_errno)
    adcDataPrcoTask                          0x080044a5   Thumb Code   496  adcdataproctask.o(i.adcDataPrcoTask)
    adcTask                                  0x080046c1   Thumb Code    94  adctask.o(i.adcTask)
    appTaskADC                               0x08004731   Thumb Code     4  freertos.o(i.appTaskADC)
    appTaskAdcDataProc                       0x08004735   Thumb Code     4  freertos.o(i.appTaskAdcDataProc)
    appTaskDisplay                           0x08004739   Thumb Code     4  freertos.o(i.appTaskDisplay)
    appTaskLED                               0x0800473d   Thumb Code    12  freertos.o(i.appTaskLED)
    displayTask                              0x08004811   Thumb Code   400  displaytask.o(i.displayTask)
    fputc                                    0x08004b35   Thumb Code    20  main.o(i.fputc)
    lcd_clear                                0x08004b4d   Thumb Code    44  lcd.o(i.lcd_clear)
    lcd_display_dir                          0x08004b7d   Thumb Code   230  lcd.o(i.lcd_display_dir)
    lcd_draw_line                            0x08004c69   Thumb Code   156  lcd.o(i.lcd_draw_line)
    lcd_draw_point                           0x08004d05   Thumb Code    22  lcd.o(i.lcd_draw_point)
    lcd_draw_rectangle                       0x08004d1b   Thumb Code    68  lcd.o(i.lcd_draw_rectangle)
    lcd_ex_ili9341_reginit                   0x08004d5f   Thumb Code   558  lcd.o(i.lcd_ex_ili9341_reginit)
    lcd_ex_ili9806_reginit                   0x08004f8d   Thumb Code   834  lcd.o(i.lcd_ex_ili9806_reginit)
    lcd_ex_nt35310_reginit                   0x080052cf   Thumb Code  3828  lcd.o(i.lcd_ex_nt35310_reginit)
    lcd_ex_nt35510_reginit                   0x080061c3   Thumb Code  3834  lcd.o(i.lcd_ex_nt35510_reginit)
    lcd_ex_ssd1963_reginit                   0x080070bd   Thumb Code   368  lcd.o(i.lcd_ex_ssd1963_reginit)
    lcd_ex_st7789_reginit                    0x0800722d   Thumb Code   426  lcd.o(i.lcd_ex_st7789_reginit)
    lcd_ex_st7796_reginit                    0x080073d7   Thumb Code   456  lcd.o(i.lcd_ex_st7796_reginit)
    lcd_fill                                 0x080075a1   Thumb Code    72  lcd.o(i.lcd_fill)
    lcd_init                                 0x080075e9   Thumb Code   860  lcd.o(i.lcd_init)
    lcd_scan_dir                             0x08007989   Thumb Code   384  lcd.o(i.lcd_scan_dir)
    lcd_set_cursor                           0x08007b0d   Thumb Code   238  lcd.o(i.lcd_set_cursor)
    lcd_show_char                            0x08007c01   Thumb Code   196  lcd.o(i.lcd_show_char)
    lcd_show_string                          0x08007cdd   Thumb Code    86  lcd.o(i.lcd_show_string)
    lcd_ssd_backlight_set                    0x08007d35   Thumb Code    72  lcd.o(i.lcd_ssd_backlight_set)
    lcd_wr_data                              0x08007d85   Thumb Code    24  lcd.o(i.lcd_wr_data)
    lcd_wr_regno                             0x08007d9d   Thumb Code    24  lcd.o(i.lcd_wr_regno)
    lcd_write_ram_prepare                    0x08007db5   Thumb Code    14  lcd.o(i.lcd_write_ram_prepare)
    lcd_write_reg                            0x08007dc9   Thumb Code    12  lcd.o(i.lcd_write_reg)
    main                                     0x08007dd5   Thumb Code    50  main.o(i.main)
    osDelay                                  0x08007e07   Thumb Code    26  cmsis_os2.o(i.osDelay)
    osKernelInitialize                       0x08007e21   Thumb Code    32  cmsis_os2.o(i.osKernelInitialize)
    osKernelStart                            0x08007e45   Thumb Code    48  cmsis_os2.o(i.osKernelStart)
    osThreadNew                              0x08007e7d   Thumb Code   138  cmsis_os2.o(i.osThreadNew)
    pvPortMalloc                             0x0800869d   Thumb Code   216  heap_4.o(i.pvPortMalloc)
    pvTaskIncrementMutexHeldCount            0x08008779   Thumb Code    18  tasks.o(i.pvTaskIncrementMutexHeldCount)
    pxPortInitialiseStack                    0x08008791   Thumb Code    40  port.o(i.pxPortInitialiseStack)
    ui_draw_static                           0x08008839   Thumb Code   226  adc_ui.o(i.ui_draw_static)
    ulTaskNotifyTake                         0x080089a9   Thumb Code    96  tasks.o(i.ulTaskNotifyTake)
    uxListRemove                             0x08008a11   Thumb Code    38  list.o(i.uxListRemove)
    vApplicationGetIdleTaskMemory            0x08008a39   Thumb Code    16  cmsis_os2.o(i.vApplicationGetIdleTaskMemory)
    vApplicationGetTimerTaskMemory           0x08008a4d   Thumb Code    18  cmsis_os2.o(i.vApplicationGetTimerTaskMemory)
    vListInitialise                          0x08008a65   Thumb Code    22  list.o(i.vListInitialise)
    vListInitialiseItem                      0x08008a7b   Thumb Code     6  list.o(i.vListInitialiseItem)
    vListInsert                              0x08008a81   Thumb Code    48  list.o(i.vListInsert)
    vListInsertEnd                           0x08008ab1   Thumb Code    24  list.o(i.vListInsertEnd)
    vPortEnterCritical                       0x08008ac9   Thumb Code    54  port.o(i.vPortEnterCritical)
    vPortExitCritical                        0x08008b09   Thumb Code    34  port.o(i.vPortExitCritical)
    vPortFree                                0x08008b31   Thumb Code    94  heap_4.o(i.vPortFree)
    vPortSetupTimerInterrupt                 0x08008b95   Thumb Code    32  port.o(i.vPortSetupTimerInterrupt)
    vPortValidateInterruptPriority           0x08008bb9   Thumb Code    74  port.o(i.vPortValidateInterruptPriority)
    vQueueAddToRegistry                      0x08008c0d   Thumb Code    34  queue.o(i.vQueueAddToRegistry)
    vQueueWaitForMessageRestricted           0x08008c35   Thumb Code    68  queue.o(i.vQueueWaitForMessageRestricted)
    vTaskDelay                               0x08008c79   Thumb Code    66  tasks.o(i.vTaskDelay)
    vTaskInternalSetTimeOutState             0x08008cc5   Thumb Code    12  tasks.o(i.vTaskInternalSetTimeOutState)
    vTaskMissedYield                         0x08008cd5   Thumb Code     8  tasks.o(i.vTaskMissedYield)
    vTaskNotifyGiveFromISR                   0x08008ce1   Thumb Code   162  tasks.o(i.vTaskNotifyGiveFromISR)
    vTaskPlaceOnEventList                    0x08008d91   Thumb Code    44  tasks.o(i.vTaskPlaceOnEventList)
    vTaskPlaceOnEventListRestricted          0x08008dc1   Thumb Code    52  tasks.o(i.vTaskPlaceOnEventListRestricted)
    vTaskPriorityDisinheritAfterTimeout      0x08008df9   Thumb Code   134  tasks.o(i.vTaskPriorityDisinheritAfterTimeout)
    vTaskStartScheduler                      0x08008e89   Thumb Code   118  tasks.o(i.vTaskStartScheduler)
    vTaskSuspendAll                          0x08008f11   Thumb Code    10  tasks.o(i.vTaskSuspendAll)
    vTaskSwitchContext                       0x08008f21   Thumb Code    90  tasks.o(i.vTaskSwitchContext)
    xPortStartScheduler                      0x08008f85   Thumb Code   222  port.o(i.xPortStartScheduler)
    xPortSysTickHandler                      0x08009079   Thumb Code    38  port.o(i.xPortSysTickHandler)
    xQueueGenericCreate                      0x080090a5   Thumb Code    66  queue.o(i.xQueueGenericCreate)
    xQueueGenericCreateStatic                0x080090e7   Thumb Code   102  queue.o(i.xQueueGenericCreateStatic)
    xQueueGenericReset                       0x0800914d   Thumb Code   132  queue.o(i.xQueueGenericReset)
    xQueueGenericSend                        0x080091d5   Thumb Code   346  queue.o(i.xQueueGenericSend)
    xQueueGenericSendFromISR                 0x08009335   Thumb Code   190  queue.o(i.xQueueGenericSendFromISR)
    xQueueGiveFromISR                        0x080093f3   Thumb Code   156  queue.o(i.xQueueGiveFromISR)
    xQueueReceive                            0x08009491   Thumb Code   308  queue.o(i.xQueueReceive)
    xQueueSemaphoreTake                      0x080095c9   Thumb Code   372  queue.o(i.xQueueSemaphoreTake)
    xTaskCheckForTimeOut                     0x08009741   Thumb Code   112  tasks.o(i.xTaskCheckForTimeOut)
    xTaskCreate                              0x080097b5   Thumb Code    90  tasks.o(i.xTaskCreate)
    xTaskCreateStatic                        0x0800980f   Thumb Code    86  tasks.o(i.xTaskCreateStatic)
    xTaskGetCurrentTaskHandle                0x08009865   Thumb Code     6  tasks.o(i.xTaskGetCurrentTaskHandle)
    xTaskGetSchedulerState                   0x08009871   Thumb Code    22  tasks.o(i.xTaskGetSchedulerState)
    xTaskGetTickCount                        0x0800988d   Thumb Code     6  tasks.o(i.xTaskGetTickCount)
    xTaskIncrementTick                       0x08009899   Thumb Code   192  tasks.o(i.xTaskIncrementTick)
    xTaskPriorityDisinherit                  0x08009961   Thumb Code   118  tasks.o(i.xTaskPriorityDisinherit)
    xTaskPriorityInherit                     0x080099e1   Thumb Code   112  tasks.o(i.xTaskPriorityInherit)
    xTaskRemoveFromEventList                 0x08009a59   Thumb Code    98  tasks.o(i.xTaskRemoveFromEventList)
    xTaskResumeAll                           0x08009ac9   Thumb Code   182  tasks.o(i.xTaskResumeAll)
    xTimerCreateTimerTask                    0x08009b8d   Thumb Code    78  timers.o(i.xTimerCreateTimerTask)
    xTimerGenericCommand                     0x08009bed   Thumb Code    98  timers.o(i.xTimerGenericCommand)
    taskLED_attributes                       0x08009c54   Data          36  freertos.o(.constdata)
    taskADC_attributes                       0x08009c78   Data          36  freertos.o(.constdata)
    taskAdcDataProc_attributes               0x08009c9c   Data          36  freertos.o(.constdata)
    taskDisplay_attributes                   0x08009cc0   Data          36  freertos.o(.constdata)
    AHBPrescTable                            0x08009cec   Data          16  system_stm32f4xx.o(.constdata)
    APBPrescTable                            0x08009cfc   Data           8  system_stm32f4xx.o(.constdata)
    asc2_1206                                0x08009d04   Data        1140  lcd.o(.constdata)
    asc2_1608                                0x0800a178   Data        1520  lcd.o(.constdata)
    asc2_2412                                0x0800a768   Data        3420  lcd.o(.constdata)
    asc2_3216                                0x0800b4c4   Data        6080  lcd.o(.constdata)
    Region$$Table$$Base                      0x0800cd18   Number         0  anon$$obj.o(Region$$Table)
    Region$$Table$$Limit                     0x0800cd38   Number         0  anon$$obj.o(Region$$Table)
    xMyAdcTaskHandle                         0x20000000   Data           4  adctask.o(.data)
    adcRawQueue                              0x20000004   Data           4  adctask.o(.data)
    sensorDataQueue                          0x20000008   Data           4  adcdataproctask.o(.data)
    currentPage                              0x2000000c   Data           1  displaytask.o(.data)
    textStrings                              0x20000010   Data          16  displaytask.o(.data)
    screenTxQueue                            0x20000020   Data           4  screentxtask.o(.data)
    screenTxDoneSem                          0x20000024   Data           4  screentxtask.o(.data)
    screenRxQueue                            0x20000028   Data           4  screenrxtask.o(.data)
    ph_temp                                  0x2000002c   Data           4  screenrxtask.o(.data)
    ph_slope                                 0x20000030   Data           4  screenrxtask.o(.data)
    ph_offset                                0x20000034   Data           4  screenrxtask.o(.data)
    ec_alpha                                 0x20000038   Data           4  screenrxtask.o(.data)
    ec_cal_gain                              0x2000003c   Data           4  screenrxtask.o(.data)
    ec_cal_offset                            0x20000040   Data           4  screenrxtask.o(.data)
    ec_k_cell                                0x20000044   Data           4  screenrxtask.o(.data)
    taskLEDHandle                            0x20000048   Data           4  freertos.o(.data)
    taskADCHandle                            0x2000004c   Data           4  freertos.o(.data)
    taskAdcDataProcHandle                    0x20000050   Data           4  freertos.o(.data)
    taskDisplayHandle                        0x20000054   Data           4  freertos.o(.data)
    uwTickFreq                               0x20000060   Data           1  stm32f4xx_hal.o(.data)
    uwTickPrio                               0x20000064   Data           4  stm32f4xx_hal.o(.data)
    uwTick                                   0x20000068   Data           4  stm32f4xx_hal.o(.data)
    SystemCoreClock                          0x2000006c   Data           4  system_stm32f4xx.o(.data)
    g_back_color                             0x20000070   Data           4  lcd.o(.data)
    pxCurrentTCB                             0x20000078   Data           4  tasks.o(.data)
    __stdout                                 0x200000f8   Data           4  stdout.o(.data)
    calibration_para                         0x20000178   Data          40  adcdataproctask.o(.bss)
    screenRxDmaBuf                           0x200001a0   Data         128  screenrxtask.o(.bss)
    hadc1                                    0x20000220   Data          72  adc.o(.bss)
    hdma_adc1                                0x20000268   Data          96  adc.o(.bss)
    hsram1                                   0x200002c8   Data          80  fsmc.o(.bss)
    htim3                                    0x20000318   Data          72  tim.o(.bss)
    huart1                                   0x20000360   Data          72  usart.o(.bss)
    huart3                                   0x200003a8   Data          72  usart.o(.bss)
    hdma_usart3_tx                           0x200003f0   Data          96  usart.o(.bss)
    hdma_usart3_rx                           0x20000450   Data          96  usart.o(.bss)
    htim6                                    0x200004b0   Data          72  stm32f4xx_hal_timebase_tim.o(.bss)
    g_sram_handle                            0x200004f8   Data          80  lcd.o(.bss)
    lcddev                                   0x20000548   Data          14  lcd.o(.bss)
    xQueueRegistry                           0x20000558   Data          64  queue.o(.bss)
    __initial_sp                             0x20005230   Data           0  startup_stm32f407xx.o(STACK)



==============================================================================

Memory Map of the image

  Image Entry point : 0x08000189

  Load Region LR_IROM1 (Base: 0x08000000, Size: 0x0000ce38, Max: 0x00100000, ABSOLUTE)

    Execution Region ER_IROM1 (Exec base: 0x08000000, Load base: 0x08000000, Size: 0x0000cd38, Max: 0x00100000, ABSOLUTE)

    Exec Addr    Load Addr    Size         Type   Attr      Idx    E Section Name        Object

    0x08000000   0x08000000   0x00000188   Data   RO            3    RESET               startup_stm32f407xx.o
    0x08000188   0x08000188   0x00000000   Code   RO         6298  * .ARM.Collect$$$$00000000  mc_w.l(entry.o)
    0x08000188   0x08000188   0x00000004   Code   RO         6600    .ARM.Collect$$$$00000001  mc_w.l(entry2.o)
    0x0800018c   0x0800018c   0x00000004   Code   RO         6603    .ARM.Collect$$$$00000004  mc_w.l(entry5.o)
    0x08000190   0x08000190   0x00000000   Code   RO         6605    .ARM.Collect$$$$00000008  mc_w.l(entry7b.o)
    0x08000190   0x08000190   0x00000000   Code   RO         6607    .ARM.Collect$$$$0000000A  mc_w.l(entry8b.o)
    0x08000190   0x08000190   0x00000008   Code   RO         6608    .ARM.Collect$$$$0000000B  mc_w.l(entry9a.o)
    0x08000198   0x08000198   0x00000000   Code   RO         6610    .ARM.Collect$$$$0000000D  mc_w.l(entry10a.o)
    0x08000198   0x08000198   0x00000000   Code   RO         6612    .ARM.Collect$$$$0000000F  mc_w.l(entry11a.o)
    0x08000198   0x08000198   0x00000004   Code   RO         6601    .ARM.Collect$$$$00002712  mc_w.l(entry2.o)
    0x0800019c   0x0800019c   0x000000be   Code   RO         6207    .emb_text           port.o
    0x0800025a   0x0800025a   0x00000002   PAD
    0x0800025c   0x0800025c   0x00000024   Code   RO            4    .text               startup_stm32f407xx.o
    0x08000280   0x08000280   0x00000062   Code   RO         6301    .text               mc_w.l(uldiv.o)
    0x080002e2   0x080002e2   0x00000024   Code   RO         6303    .text               mc_w.l(memcpya.o)
    0x08000306   0x08000306   0x00000024   Code   RO         6307    .text               mc_w.l(memseta.o)
    0x0800032a   0x0800032a   0x0000000e   Code   RO         6309    .text               mc_w.l(strlen.o)
    0x08000338   0x08000338   0x0000001c   Code   RO         6311    .text               mc_w.l(strcmp.o)
    0x08000354   0x08000354   0x0000001a   Code   RO         6313    .text               mc_w.l(memcmp.o)
    0x0800036e   0x0800036e   0x000000e4   Code   RO         6578    .text               mf_w.l(dmul.o)
    0x08000452   0x08000452   0x0000001a   Code   RO         6580    .text               mf_w.l(dfltui.o)
    0x0800046c   0x0800046c   0x00000032   Code   RO         6582    .text               mf_w.l(dfixui.o)
    0x0800049e   0x0800049e   0x00000026   Code   RO         6584    .text               mf_w.l(f2d.o)
    0x080004c4   0x080004c4   0x0000002c   Code   RO         6615    .text               mc_w.l(uidiv.o)
    0x080004f0   0x080004f0   0x0000001e   Code   RO         6617    .text               mc_w.l(llshl.o)
    0x0800050e   0x0800050e   0x00000020   Code   RO         6619    .text               mc_w.l(llushr.o)
    0x0800052e   0x0800052e   0x00000000   Code   RO         6628    .text               mc_w.l(iusefp.o)
    0x0800052e   0x0800052e   0x000000ba   Code   RO         6629    .text               mf_w.l(depilogue.o)
    0x080005e8   0x080005e8   0x0000014e   Code   RO         6631    .text               mf_w.l(dadd.o)
    0x08000736   0x08000736   0x000000de   Code   RO         6633    .text               mf_w.l(ddiv.o)
    0x08000814   0x08000814   0x00000030   Code   RO         6635    .text               mf_w.l(dfixul.o)
    0x08000844   0x08000844   0x00000030   Code   RO         6637    .text               mf_w.l(cdrcmple.o)
    0x08000874   0x08000874   0x00000024   Code   RO         6639    .text               mc_w.l(init.o)
    0x08000898   0x08000898   0x00000024   Code   RO         6641    .text               mc_w.l(llsshr.o)
    0x080008bc   0x080008bc   0x0000006e   Code   RO         1964    i.ADC_DMAConvCplt   stm32f4xx_hal_adc.o
    0x0800092a   0x0800092a   0x00000016   Code   RO         1965    i.ADC_DMAError      stm32f4xx_hal_adc.o
    0x08000940   0x08000940   0x0000000a   Code   RO         1966    i.ADC_DMAHalfConvCplt  stm32f4xx_hal_adc.o
    0x0800094a   0x0800094a   0x00000002   PAD
    0x0800094c   0x0800094c   0x00000128   Code   RO         1967    i.ADC_Init          stm32f4xx_hal_adc.o
    0x08000a74   0x08000a74   0x00000026   Code   RO         4481    i.AT24CXX_Check     24cxx.o
    0x08000a9a   0x08000a9a   0x00000004   Code   RO         4482    i.AT24CXX_Init      24cxx.o
    0x08000a9e   0x08000a9e   0x00000022   Code   RO         4483    i.AT24CXX_Read      24cxx.o
    0x08000ac0   0x08000ac0   0x00000042   Code   RO         4485    i.AT24CXX_ReadOneByte  24cxx.o
    0x08000b02   0x08000b02   0x00000020   Code   RO         4486    i.AT24CXX_Write     24cxx.o
    0x08000b22   0x08000b22   0x0000003e   Code   RO         4488    i.AT24CXX_WriteOneByte  24cxx.o
    0x08000b60   0x08000b60   0x00000002   Code   RO          840    i.BusFault_Handler  stm32f4xx_it.o
    0x08000b62   0x08000b62   0x0000000a   Code   RO          409    i.BytesToInt32_LE   screenrxtask.o
    0x08000b6c   0x08000b6c   0x0000000c   Code   RO          841    i.DMA1_Stream1_IRQHandler  stm32f4xx_it.o
    0x08000b78   0x08000b78   0x0000000c   Code   RO          842    i.DMA1_Stream3_IRQHandler  stm32f4xx_it.o
    0x08000b84   0x08000b84   0x0000000c   Code   RO          843    i.DMA2_Stream0_IRQHandler  stm32f4xx_it.o
    0x08000b90   0x08000b90   0x00000028   Code   RO         2698    i.DMA_CalcBaseAndBitshift  stm32f4xx_hal_dma.o
    0x08000bb8   0x08000bb8   0x00000054   Code   RO         2699    i.DMA_CheckFifoParam  stm32f4xx_hal_dma.o
    0x08000c0c   0x08000c0c   0x00000028   Code   RO         2700    i.DMA_SetConfig     stm32f4xx_hal_dma.o
    0x08000c34   0x08000c34   0x00000002   Code   RO          844    i.DebugMon_Handler  stm32f4xx_it.o
    0x08000c36   0x08000c36   0x00000004   Code   RO          464    i.Error_Handler     main.o
    0x08000c3a   0x08000c3a   0x00000002   PAD
    0x08000c3c   0x08000c3c   0x0000003c   Code   RO         3397    i.FSMC_NORSRAM_Extended_Timing_Init  stm32f4xx_ll_fsmc.o
    0x08000c78   0x08000c78   0x00000068   Code   RO         3398    i.FSMC_NORSRAM_Init  stm32f4xx_ll_fsmc.o
    0x08000ce0   0x08000ce0   0x0000003c   Code   RO         3399    i.FSMC_NORSRAM_Timing_Init  stm32f4xx_ll_fsmc.o
    0x08000d1c   0x08000d1c   0x0000014c   Code   RO         1969    i.HAL_ADC_ConfigChannel  stm32f4xx_hal_adc.o
    0x08000e68   0x08000e68   0x0000003c   Code   RO          465    i.HAL_ADC_ConvCpltCallback  main.o
    0x08000ea4   0x08000ea4   0x00000002   Code   RO         1971    i.HAL_ADC_ConvHalfCpltCallback  stm32f4xx_hal_adc.o
    0x08000ea6   0x08000ea6   0x00000002   Code   RO         1973    i.HAL_ADC_ErrorCallback  stm32f4xx_hal_adc.o
    0x08000ea8   0x08000ea8   0x00000054   Code   RO         1978    i.HAL_ADC_Init      stm32f4xx_hal_adc.o
    0x08000efc   0x08000efc   0x000000bc   Code   RO          637    i.HAL_ADC_MspInit   adc.o
    0x08000fb8   0x08000fb8   0x00000158   Code   RO         1985    i.HAL_ADC_Start_DMA  stm32f4xx_hal_adc.o
    0x08001110   0x08001110   0x00000092   Code   RO         2701    i.HAL_DMA_Abort     stm32f4xx_hal_dma.o
    0x080011a2   0x080011a2   0x00000024   Code   RO         2702    i.HAL_DMA_Abort_IT  stm32f4xx_hal_dma.o
    0x080011c6   0x080011c6   0x00000002   PAD
    0x080011c8   0x080011c8   0x000001a0   Code   RO         2706    i.HAL_DMA_IRQHandler  stm32f4xx_hal_dma.o
    0x08001368   0x08001368   0x000000d4   Code   RO         2707    i.HAL_DMA_Init      stm32f4xx_hal_dma.o
    0x0800143c   0x0800143c   0x0000006e   Code   RO         2711    i.HAL_DMA_Start_IT  stm32f4xx_hal_dma.o
    0x080014aa   0x080014aa   0x00000002   PAD
    0x080014ac   0x080014ac   0x000000a8   Code   RO          702    i.HAL_FSMC_MspInit  fsmc.o
    0x08001554   0x08001554   0x000001f0   Code   RO         2594    i.HAL_GPIO_Init     stm32f4xx_hal_gpio.o
    0x08001744   0x08001744   0x00000010   Code   RO         2597    i.HAL_GPIO_TogglePin  stm32f4xx_hal_gpio.o
    0x08001754   0x08001754   0x0000000a   Code   RO         2598    i.HAL_GPIO_WritePin  stm32f4xx_hal_gpio.o
    0x0800175e   0x0800175e   0x00000002   PAD
    0x08001760   0x08001760   0x0000000c   Code   RO         3144    i.HAL_GetTick       stm32f4xx_hal.o
    0x0800176c   0x0800176c   0x00000010   Code   RO         3150    i.HAL_IncTick       stm32f4xx_hal.o
    0x0800177c   0x0800177c   0x00000034   Code   RO         3151    i.HAL_Init          stm32f4xx_hal.o
    0x080017b0   0x080017b0   0x00000098   Code   RO          952    i.HAL_InitTick      stm32f4xx_hal_timebase_tim.o
    0x08001848   0x08001848   0x00000038   Code   RO          928    i.HAL_MspInit       stm32f4xx_hal_msp.o
    0x08001880   0x08001880   0x0000001a   Code   RO         2986    i.HAL_NVIC_EnableIRQ  stm32f4xx_hal_cortex.o
    0x0800189a   0x0800189a   0x00000002   PAD
    0x0800189c   0x0800189c   0x00000040   Code   RO         2992    i.HAL_NVIC_SetPriority  stm32f4xx_hal_cortex.o
    0x080018dc   0x080018dc   0x00000024   Code   RO         2993    i.HAL_NVIC_SetPriorityGrouping  stm32f4xx_hal_cortex.o
    0x08001900   0x08001900   0x00000134   Code   RO         2240    i.HAL_RCC_ClockConfig  stm32f4xx_hal_rcc.o
    0x08001a34   0x08001a34   0x00000040   Code   RO         2244    i.HAL_RCC_GetClockConfig  stm32f4xx_hal_rcc.o
    0x08001a74   0x08001a74   0x00000020   Code   RO         2247    i.HAL_RCC_GetPCLK1Freq  stm32f4xx_hal_rcc.o
    0x08001a94   0x08001a94   0x00000020   Code   RO         2248    i.HAL_RCC_GetPCLK2Freq  stm32f4xx_hal_rcc.o
    0x08001ab4   0x08001ab4   0x00000060   Code   RO         2249    i.HAL_RCC_GetSysClockFreq  stm32f4xx_hal_rcc.o
    0x08001b14   0x08001b14   0x0000036c   Code   RO         2252    i.HAL_RCC_OscConfig  stm32f4xx_hal_rcc.o
    0x08001e80   0x08001e80   0x0000005c   Code   RO         3537    i.HAL_SRAM_Init     stm32f4xx_hal_sram.o
    0x08001edc   0x08001edc   0x00000004   Code   RO          704    i.HAL_SRAM_MspInit  fsmc.o
    0x08001ee0   0x08001ee0   0x00000002   Code   RO         1697    i.HAL_TIMEx_BreakCallback  stm32f4xx_hal_tim_ex.o
    0x08001ee2   0x08001ee2   0x00000002   Code   RO         1698    i.HAL_TIMEx_CommutCallback  stm32f4xx_hal_tim_ex.o
    0x08001ee4   0x08001ee4   0x00000090   Code   RO         1716    i.HAL_TIMEx_MasterConfigSynchronization  stm32f4xx_hal_tim_ex.o
    0x08001f74   0x08001f74   0x0000005a   Code   RO          993    i.HAL_TIM_Base_Init  stm32f4xx_hal_tim.o
    0x08001fce   0x08001fce   0x00000002   PAD
    0x08001fd0   0x08001fd0   0x00000028   Code   RO          751    i.HAL_TIM_Base_MspInit  tim.o
    0x08001ff8   0x08001ff8   0x00000078   Code   RO          996    i.HAL_TIM_Base_Start  stm32f4xx_hal_tim.o
    0x08002070   0x08002070   0x00000080   Code   RO          998    i.HAL_TIM_Base_Start_IT  stm32f4xx_hal_tim.o
    0x080020f0   0x080020f0   0x000000dc   Code   RO         1002    i.HAL_TIM_ConfigClockSource  stm32f4xx_hal_tim.o
    0x080021cc   0x080021cc   0x00000002   Code   RO         1027    i.HAL_TIM_IC_CaptureCallback  stm32f4xx_hal_tim.o
    0x080021ce   0x080021ce   0x00000130   Code   RO         1041    i.HAL_TIM_IRQHandler  stm32f4xx_hal_tim.o
    0x080022fe   0x080022fe   0x00000002   Code   RO         1044    i.HAL_TIM_OC_DelayElapsedCallback  stm32f4xx_hal_tim.o
    0x08002300   0x08002300   0x00000002   Code   RO         1071    i.HAL_TIM_PWM_PulseFinishedCallback  stm32f4xx_hal_tim.o
    0x08002302   0x08002302   0x00000002   PAD
    0x08002304   0x08002304   0x00000014   Code   RO          466    i.HAL_TIM_PeriodElapsedCallback  main.o
    0x08002318   0x08002318   0x00000002   Code   RO         1084    i.HAL_TIM_TriggerCallback  stm32f4xx_hal_tim.o
    0x0800231a   0x0800231a   0x0000004a   Code   RO         3714    i.HAL_UARTEx_ReceiveToIdle_DMA  stm32f4xx_hal_uart.o
    0x08002364   0x08002364   0x0000007c   Code   RO          467    i.HAL_UARTEx_RxEventCallback  main.o
    0x080023e0   0x080023e0   0x00000002   Code   RO         3730    i.HAL_UART_ErrorCallback  stm32f4xx_hal_uart.o
    0x080023e2   0x080023e2   0x00000002   PAD
    0x080023e4   0x080023e4   0x00000280   Code   RO         3733    i.HAL_UART_IRQHandler  stm32f4xx_hal_uart.o
    0x08002664   0x08002664   0x00000064   Code   RO         3734    i.HAL_UART_Init     stm32f4xx_hal_uart.o
    0x080026c8   0x080026c8   0x00000128   Code   RO          793    i.HAL_UART_MspInit  usart.o
    0x080027f0   0x080027f0   0x00000002   Code   RO         3740    i.HAL_UART_RxCpltCallback  stm32f4xx_hal_uart.o
    0x080027f2   0x080027f2   0x00000002   Code   RO         3741    i.HAL_UART_RxHalfCpltCallback  stm32f4xx_hal_uart.o
    0x080027f4   0x080027f4   0x000000a0   Code   RO         3742    i.HAL_UART_Transmit  stm32f4xx_hal_uart.o
    0x08002894   0x08002894   0x00000084   Code   RO         3743    i.HAL_UART_Transmit_DMA  stm32f4xx_hal_uart.o
    0x08002918   0x08002918   0x0000003c   Code   RO          468    i.HAL_UART_TxCpltCallback  main.o
    0x08002954   0x08002954   0x00000002   Code   RO         3746    i.HAL_UART_TxHalfCpltCallback  stm32f4xx_hal_uart.o
    0x08002956   0x08002956   0x00000002   Code   RO          845    i.HardFault_Handler  stm32f4xx_it.o
    0x08002958   0x08002958   0x00000040   Code   RO         4405    i.IIC_Ack           myiic.o
    0x08002998   0x08002998   0x00000048   Code   RO         4406    i.IIC_Init          myiic.o
    0x080029e0   0x080029e0   0x00000040   Code   RO         4407    i.IIC_NAck          myiic.o
    0x08002a20   0x08002a20   0x00000068   Code   RO         4408    i.IIC_Read_Byte     myiic.o
    0x08002a88   0x08002a88   0x00000060   Code   RO         4409    i.IIC_Send_Byte     myiic.o
    0x08002ae8   0x08002ae8   0x00000040   Code   RO         4410    i.IIC_Start         myiic.o
    0x08002b28   0x08002b28   0x00000044   Code   RO         4411    i.IIC_Stop          myiic.o
    0x08002b6c   0x08002b6c   0x00000054   Code   RO         4412    i.IIC_Wait_Ack      myiic.o
    0x08002bc0   0x08002bc0   0x00000010   Code   RO         4106    i.LED0_Troggle      led.o
    0x08002bd0   0x08002bd0   0x000000a4   Code   RO          638    i.MX_ADC1_Init      adc.o
    0x08002c74   0x08002c74   0x0000005c   Code   RO          678    i.MX_DMA_Init       dma.o
    0x08002cd0   0x08002cd0   0x00000060   Code   RO          583    i.MX_FREERTOS_Init  freertos.o
    0x08002d30   0x08002d30   0x00000088   Code   RO          705    i.MX_FSMC_Init      fsmc.o
    0x08002db8   0x08002db8   0x000000d8   Code   RO          559    i.MX_GPIO_Init      gpio.o
    0x08002e90   0x08002e90   0x0000006c   Code   RO          752    i.MX_TIM3_Init      tim.o
    0x08002efc   0x08002efc   0x00000038   Code   RO          794    i.MX_USART1_UART_Init  usart.o
    0x08002f34   0x08002f34   0x00000038   Code   RO          795    i.MX_USART3_UART_Init  usart.o
    0x08002f6c   0x08002f6c   0x00000002   Code   RO          846    i.MemManage_Handler  stm32f4xx_it.o
    0x08002f6e   0x08002f6e   0x00000002   Code   RO          847    i.NMI_Handler       stm32f4xx_it.o
    0x08002f70   0x08002f70   0x0000005c   Code   RO          410    i.ScreenRx_Init     screenrxtask.o
    0x08002fcc   0x08002fcc   0x00000028   Code   RO          411    i.ScreenRx_Task     screenrxtask.o
    0x08002ff4   0x08002ff4   0x00000054   Code   RO          359    i.ScreenTx_Init     screentxtask.o
    0x08003048   0x08003048   0x00000048   Code   RO          360    i.ScreenTx_Task     screentxtask.o
    0x08003090   0x08003090   0x000001cc   Code   RO          412    i.Screen_ParseRxData  screenrxtask.o
    0x0800325c   0x0800325c   0x00000050   Code   RO          361    i.Screen_SendCmd    screentxtask.o
    0x080032ac   0x080032ac   0x0000004c   Code   RO          293    i.Screen_SetTextFloat  displaytask.o
    0x080032f8   0x080032f8   0x0000001a   Code   RO         5642    i.SysTick_Handler   cmsis_os2.o
    0x08003312   0x08003312   0x00000002   PAD
    0x08003314   0x08003314   0x00000098   Code   RO          469    i.SystemClock_Config  main.o
    0x080033ac   0x080033ac   0x00000010   Code   RO         4068    i.SystemInit        system_stm32f4xx.o
    0x080033bc   0x080033bc   0x0000000c   Code   RO          848    i.TIM6_DAC_IRQHandler  stm32f4xx_it.o
    0x080033c8   0x080033c8   0x000000d0   Code   RO         1086    i.TIM_Base_SetConfig  stm32f4xx_hal_tim.o
    0x08003498   0x08003498   0x00000014   Code   RO         1097    i.TIM_ETR_SetConfig  stm32f4xx_hal_tim.o
    0x080034ac   0x080034ac   0x00000010   Code   RO         1098    i.TIM_ITRx_SetConfig  stm32f4xx_hal_tim.o
    0x080034bc   0x080034bc   0x00000022   Code   RO         1104    i.TIM_TI1_ConfigInputStage  stm32f4xx_hal_tim.o
    0x080034de   0x080034de   0x00000024   Code   RO         1106    i.TIM_TI2_ConfigInputStage  stm32f4xx_hal_tim.o
    0x08003502   0x08003502   0x0000000e   Code   RO         3747    i.UART_DMAAbortOnError  stm32f4xx_hal_uart.o
    0x08003510   0x08003510   0x0000004a   Code   RO         3748    i.UART_DMAError     stm32f4xx_hal_uart.o
    0x0800355a   0x0800355a   0x00000086   Code   RO         3749    i.UART_DMAReceiveCplt  stm32f4xx_hal_uart.o
    0x080035e0   0x080035e0   0x0000001e   Code   RO         3751    i.UART_DMARxHalfCplt  stm32f4xx_hal_uart.o
    0x080035fe   0x080035fe   0x00000042   Code   RO         3753    i.UART_DMATransmitCplt  stm32f4xx_hal_uart.o
    0x08003640   0x08003640   0x0000000a   Code   RO         3755    i.UART_DMATxHalfCplt  stm32f4xx_hal_uart.o
    0x0800364a   0x0800364a   0x0000004e   Code   RO         3757    i.UART_EndRxTransfer  stm32f4xx_hal_uart.o
    0x08003698   0x08003698   0x0000001c   Code   RO         3758    i.UART_EndTxTransfer  stm32f4xx_hal_uart.o
    0x080036b4   0x080036b4   0x000000c2   Code   RO         3759    i.UART_Receive_IT   stm32f4xx_hal_uart.o
    0x08003776   0x08003776   0x00000002   PAD
    0x08003778   0x08003778   0x0000010c   Code   RO         3760    i.UART_SetConfig    stm32f4xx_hal_uart.o
    0x08003884   0x08003884   0x000000a0   Code   RO         3761    i.UART_Start_Receive_DMA  stm32f4xx_hal_uart.o
    0x08003924   0x08003924   0x00000072   Code   RO         3763    i.UART_WaitOnFlagUntilTimeout  stm32f4xx_hal_uart.o
    0x08003996   0x08003996   0x00000002   PAD
    0x08003998   0x08003998   0x0000000c   Code   RO          849    i.USART3_IRQHandler  stm32f4xx_it.o
    0x080039a4   0x080039a4   0x00000002   Code   RO          850    i.UsageFault_Handler  stm32f4xx_it.o
    0x080039a6   0x080039a6   0x00000002   PAD
    0x080039a8   0x080039a8   0x00000020   Code   RO         6550    i.__0printf         mc_w.l(printfa.o)
    0x080039c8   0x080039c8   0x00000030   Code   RO         6551    i.__0snprintf       mc_w.l(printfa.o)
    0x080039f8   0x080039f8   0x00000020   Code   RO         2999    i.__NVIC_SetPriority  stm32f4xx_hal_cortex.o
    0x08003a18   0x08003a18   0x0000016c   Code   RO         6284    i.__hardfp_logf     m_wm.l(logf.o)
    0x08003b84   0x08003b84   0x00000014   Code   RO         6586    i.__mathlib_flt_divzero  m_wm.l(funder.o)
    0x08003b98   0x08003b98   0x00000006   Code   RO         6587    i.__mathlib_flt_infnan  m_wm.l(funder.o)
    0x08003b9e   0x08003b9e   0x00000002   PAD
    0x08003ba0   0x08003ba0   0x00000010   Code   RO         6589    i.__mathlib_flt_invalid  m_wm.l(funder.o)
    0x08003bb0   0x08003bb0   0x0000000e   Code   RO         6645    i.__scatterload_copy  mc_w.l(handlers.o)
    0x08003bbe   0x08003bbe   0x00000002   Code   RO         6646    i.__scatterload_null  mc_w.l(handlers.o)
    0x08003bc0   0x08003bc0   0x0000000e   Code   RO         6647    i.__scatterload_zeroinit  mc_w.l(handlers.o)
    0x08003bce   0x08003bce   0x00000002   PAD
    0x08003bd0   0x08003bd0   0x0000000c   Code   RO         6623    i.__set_errno       mc_w.l(errno.o)
    0x08003bdc   0x08003bdc   0x00000184   Code   RO         6557    i._fp_digits        mc_w.l(printfa.o)
    0x08003d60   0x08003d60   0x000006dc   Code   RO         6558    i._printf_core      mc_w.l(printfa.o)
    0x0800443c   0x0800443c   0x00000024   Code   RO         6559    i._printf_post_padding  mc_w.l(printfa.o)
    0x08004460   0x08004460   0x0000002e   Code   RO         6560    i._printf_pre_padding  mc_w.l(printfa.o)
    0x0800448e   0x0800448e   0x00000016   Code   RO         6561    i._snputc           mc_w.l(printfa.o)
    0x080044a4   0x080044a4   0x0000021c   Code   RO          253    i.adcDataPrcoTask   adcdataproctask.o
    0x080046c0   0x080046c0   0x00000070   Code   RO          222    i.adcTask           adctask.o
    0x08004730   0x08004730   0x00000004   Code   RO          584    i.appTaskADC        freertos.o
    0x08004734   0x08004734   0x00000004   Code   RO          585    i.appTaskAdcDataProc  freertos.o
    0x08004738   0x08004738   0x00000004   Code   RO          586    i.appTaskDisplay    freertos.o
    0x0800473c   0x0800473c   0x0000000c   Code   RO          587    i.appTaskLED        freertos.o
    0x08004748   0x08004748   0x0000008c   Code   RO          254    i.calc_temperature  adcdataproctask.o
    0x080047d4   0x080047d4   0x0000003c   Code   RO         4413    i.delay_us          myiic.o
    0x08004810   0x08004810   0x00000324   Code   RO          294    i.displayTask       displaytask.o
    0x08004b34   0x08004b34   0x00000018   Code   RO          470    i.fputc             main.o
    0x08004b4c   0x08004b4c   0x00000030   Code   RO         4150    i.lcd_clear         lcd.o
    0x08004b7c   0x08004b7c   0x000000ec   Code   RO         4152    i.lcd_display_dir   lcd.o
    0x08004c68   0x08004c68   0x0000009c   Code   RO         4157    i.lcd_draw_line     lcd.o
    0x08004d04   0x08004d04   0x00000016   Code   RO         4158    i.lcd_draw_point    lcd.o
    0x08004d1a   0x08004d1a   0x00000044   Code   RO         4159    i.lcd_draw_rectangle  lcd.o
    0x08004d5e   0x08004d5e   0x0000022e   Code   RO         4160    i.lcd_ex_ili9341_reginit  lcd.o
    0x08004f8c   0x08004f8c   0x00000342   Code   RO         4161    i.lcd_ex_ili9806_reginit  lcd.o
    0x080052ce   0x080052ce   0x00000ef4   Code   RO         4162    i.lcd_ex_nt35310_reginit  lcd.o
    0x080061c2   0x080061c2   0x00000efa   Code   RO         4163    i.lcd_ex_nt35510_reginit  lcd.o
    0x080070bc   0x080070bc   0x00000170   Code   RO         4164    i.lcd_ex_ssd1963_reginit  lcd.o
    0x0800722c   0x0800722c   0x000001aa   Code   RO         4165    i.lcd_ex_st7789_reginit  lcd.o
    0x080073d6   0x080073d6   0x000001c8   Code   RO         4166    i.lcd_ex_st7796_reginit  lcd.o
    0x0800759e   0x0800759e   0x00000002   PAD
    0x080075a0   0x080075a0   0x00000048   Code   RO         4167    i.lcd_fill          lcd.o
    0x080075e8   0x080075e8   0x00000384   Code   RO         4169    i.lcd_init          lcd.o
    0x0800796c   0x0800796c   0x0000001a   Code   RO         4171    i.lcd_rd_data       lcd.o
    0x08007986   0x08007986   0x00000002   PAD
    0x08007988   0x08007988   0x00000184   Code   RO         4173    i.lcd_scan_dir      lcd.o
    0x08007b0c   0x08007b0c   0x000000f4   Code   RO         4174    i.lcd_set_cursor    lcd.o
    0x08007c00   0x08007c00   0x000000dc   Code   RO         4176    i.lcd_show_char     lcd.o
    0x08007cdc   0x08007cdc   0x00000056   Code   RO         4178    i.lcd_show_string   lcd.o
    0x08007d32   0x08007d32   0x00000002   PAD
    0x08007d34   0x08007d34   0x00000050   Code   RO         4180    i.lcd_ssd_backlight_set  lcd.o
    0x08007d84   0x08007d84   0x00000018   Code   RO         4181    i.lcd_wr_data       lcd.o
    0x08007d9c   0x08007d9c   0x00000018   Code   RO         4182    i.lcd_wr_regno      lcd.o
    0x08007db4   0x08007db4   0x00000014   Code   RO         4183    i.lcd_write_ram_prepare  lcd.o
    0x08007dc8   0x08007dc8   0x0000000c   Code   RO         4184    i.lcd_write_reg     lcd.o
    0x08007dd4   0x08007dd4   0x00000032   Code   RO          471    i.main              main.o
    0x08007e06   0x08007e06   0x0000001a   Code   RO         5644    i.osDelay           cmsis_os2.o
    0x08007e20   0x08007e20   0x00000024   Code   RO         5658    i.osKernelInitialize  cmsis_os2.o
    0x08007e44   0x08007e44   0x00000038   Code   RO         5661    i.osKernelStart     cmsis_os2.o
    0x08007e7c   0x08007e7c   0x0000008a   Code   RO         5703    i.osThreadNew       cmsis_os2.o
    0x08007f06   0x08007f06   0x00000002   PAD
    0x08007f08   0x08007f08   0x0000005c   Code   RO         5106    i.prvAddCurrentTaskToDelayedList  tasks.o
    0x08007f64   0x08007f64   0x000000d0   Code   RO         5107    i.prvAddNewTaskToReadyList  tasks.o
    0x08008034   0x08008034   0x00000058   Code   RO         5471    i.prvCheckForValidListAndQueue  timers.o
    0x0800808c   0x0800808c   0x00000026   Code   RO         4706    i.prvCopyDataFromQueue  queue.o
    0x080080b2   0x080080b2   0x0000006c   Code   RO         4707    i.prvCopyDataToQueue  queue.o
    0x0800811e   0x0800811e   0x00000034   Code   RO         5108    i.prvDeleteTCB      tasks.o
    0x08008152   0x08008152   0x00000002   PAD
    0x08008154   0x08008154   0x0000004c   Code   RO         6152    i.prvHeapInit       heap_4.o
    0x080081a0   0x080081a0   0x00000060   Code   RO         5109    i.prvIdleTask       tasks.o
    0x08008200   0x08008200   0x00000022   Code   RO         4709    i.prvInitialiseNewQueue  queue.o
    0x08008222   0x08008222   0x00000002   PAD
    0x08008224   0x08008224   0x000000b0   Code   RO         5110    i.prvInitialiseNewTask  tasks.o
    0x080082d4   0x080082d4   0x0000004c   Code   RO         6153    i.prvInsertBlockIntoFreeList  heap_4.o
    0x08008320   0x08008320   0x00000038   Code   RO         5473    i.prvInsertTimerInActiveList  timers.o
    0x08008358   0x08008358   0x0000001c   Code   RO         4710    i.prvIsQueueEmpty   queue.o
    0x08008374   0x08008374   0x000000fc   Code   RO         5474    i.prvProcessReceivedCommands  timers.o
    0x08008470   0x08008470   0x000000c0   Code   RO         5475    i.prvProcessTimerOrBlockTask  timers.o
    0x08008530   0x08008530   0x00000020   Code   RO         5112    i.prvResetNextTaskUnblockTime  tasks.o
    0x08008550   0x08008550   0x00000028   Code   RO         5476    i.prvSampleTimeNow  timers.o
    0x08008578   0x08008578   0x0000006c   Code   RO         5477    i.prvSwitchTimerLists  timers.o
    0x080085e4   0x080085e4   0x00000028   Code   RO         6208    i.prvTaskExitError  port.o
    0x0800860c   0x0800860c   0x00000024   Code   RO         5478    i.prvTimerTask      timers.o
    0x08008630   0x08008630   0x0000006a   Code   RO         4711    i.prvUnlockQueue    queue.o
    0x0800869a   0x0800869a   0x00000002   PAD
    0x0800869c   0x0800869c   0x000000dc   Code   RO         6154    i.pvPortMalloc      heap_4.o
    0x08008778   0x08008778   0x00000018   Code   RO         5115    i.pvTaskIncrementMutexHeldCount  tasks.o
    0x08008790   0x08008790   0x0000002c   Code   RO         6209    i.pxPortInitialiseStack  port.o
    0x080087bc   0x080087bc   0x0000007a   Code   RO           13    i.ui_draw_card      adc_ui.o
    0x08008836   0x08008836   0x00000002   PAD
    0x08008838   0x08008838   0x00000170   Code   RO           14    i.ui_draw_static    adc_ui.o
    0x080089a8   0x080089a8   0x00000068   Code   RO         5116    i.ulTaskNotifyTake  tasks.o
    0x08008a10   0x08008a10   0x00000026   Code   RO         4669    i.uxListRemove      list.o
    0x08008a36   0x08008a36   0x00000002   PAD
    0x08008a38   0x08008a38   0x00000014   Code   RO         5715    i.vApplicationGetIdleTaskMemory  cmsis_os2.o
    0x08008a4c   0x08008a4c   0x00000018   Code   RO         5716    i.vApplicationGetTimerTaskMemory  cmsis_os2.o
    0x08008a64   0x08008a64   0x00000016   Code   RO         4670    i.vListInitialise   list.o
    0x08008a7a   0x08008a7a   0x00000006   Code   RO         4671    i.vListInitialiseItem  list.o
    0x08008a80   0x08008a80   0x00000030   Code   RO         4672    i.vListInsert       list.o
    0x08008ab0   0x08008ab0   0x00000018   Code   RO         4673    i.vListInsertEnd    list.o
    0x08008ac8   0x08008ac8   0x00000040   Code   RO         6211    i.vPortEnterCritical  port.o
    0x08008b08   0x08008b08   0x00000028   Code   RO         6212    i.vPortExitCritical  port.o
    0x08008b30   0x08008b30   0x00000064   Code   RO         6155    i.vPortFree         heap_4.o
    0x08008b94   0x08008b94   0x00000024   Code   RO         6213    i.vPortSetupTimerInterrupt  port.o
    0x08008bb8   0x08008bb8   0x00000054   Code   RO         6214    i.vPortValidateInterruptPriority  port.o
    0x08008c0c   0x08008c0c   0x00000028   Code   RO         4717    i.vQueueAddToRegistry  queue.o
    0x08008c34   0x08008c34   0x00000044   Code   RO         4721    i.vQueueWaitForMessageRestricted  queue.o
    0x08008c78   0x08008c78   0x0000004c   Code   RO         5125    i.vTaskDelay        tasks.o
    0x08008cc4   0x08008cc4   0x00000010   Code   RO         5130    i.vTaskInternalSetTimeOutState  tasks.o
    0x08008cd4   0x08008cd4   0x0000000c   Code   RO         5131    i.vTaskMissedYield  tasks.o
    0x08008ce0   0x08008ce0   0x000000b0   Code   RO         5132    i.vTaskNotifyGiveFromISR  tasks.o
    0x08008d90   0x08008d90   0x00000030   Code   RO         5133    i.vTaskPlaceOnEventList  tasks.o
    0x08008dc0   0x08008dc0   0x00000038   Code   RO         5134    i.vTaskPlaceOnEventListRestricted  tasks.o
    0x08008df8   0x08008df8   0x00000090   Code   RO         5136    i.vTaskPriorityDisinheritAfterTimeout  tasks.o
    0x08008e88   0x08008e88   0x00000088   Code   RO         5142    i.vTaskStartScheduler  tasks.o
    0x08008f10   0x08008f10   0x00000010   Code   RO         5144    i.vTaskSuspendAll   tasks.o
    0x08008f20   0x08008f20   0x00000064   Code   RO         5145    i.vTaskSwitchContext  tasks.o
    0x08008f84   0x08008f84   0x000000f4   Code   RO         6215    i.xPortStartScheduler  port.o
    0x08009078   0x08009078   0x0000002c   Code   RO         6216    i.xPortSysTickHandler  port.o
    0x080090a4   0x080090a4   0x00000042   Code   RO         4726    i.xQueueGenericCreate  queue.o
    0x080090e6   0x080090e6   0x00000066   Code   RO         4727    i.xQueueGenericCreateStatic  queue.o
    0x0800914c   0x0800914c   0x00000088   Code   RO         4728    i.xQueueGenericReset  queue.o
    0x080091d4   0x080091d4   0x00000160   Code   RO         4729    i.xQueueGenericSend  queue.o
    0x08009334   0x08009334   0x000000be   Code   RO         4730    i.xQueueGenericSendFromISR  queue.o
    0x080093f2   0x080093f2   0x0000009c   Code   RO         4733    i.xQueueGiveFromISR  queue.o
    0x0800948e   0x0800948e   0x00000002   PAD
    0x08009490   0x08009490   0x00000138   Code   RO         4739    i.xQueueReceive     queue.o
    0x080095c8   0x080095c8   0x00000178   Code   RO         4741    i.xQueueSemaphoreTake  queue.o
    0x08009740   0x08009740   0x00000074   Code   RO         5147    i.xTaskCheckForTimeOut  tasks.o
    0x080097b4   0x080097b4   0x0000005a   Code   RO         5148    i.xTaskCreate       tasks.o
    0x0800980e   0x0800980e   0x00000056   Code   RO         5149    i.xTaskCreateStatic  tasks.o
    0x08009864   0x08009864   0x0000000c   Code   RO         5152    i.xTaskGetCurrentTaskHandle  tasks.o
    0x08009870   0x08009870   0x0000001c   Code   RO         5153    i.xTaskGetSchedulerState  tasks.o
    0x0800988c   0x0800988c   0x0000000c   Code   RO         5154    i.xTaskGetTickCount  tasks.o
    0x08009898   0x08009898   0x000000c8   Code   RO         5156    i.xTaskIncrementTick  tasks.o
    0x08009960   0x08009960   0x00000080   Code   RO         5159    i.xTaskPriorityDisinherit  tasks.o
    0x080099e0   0x080099e0   0x00000078   Code   RO         5160    i.xTaskPriorityInherit  tasks.o
    0x08009a58   0x08009a58   0x00000070   Code   RO         5161    i.xTaskRemoveFromEventList  tasks.o
    0x08009ac8   0x08009ac8   0x000000c4   Code   RO         5162    i.xTaskResumeAll    tasks.o
    0x08009b8c   0x08009b8c   0x00000060   Code   RO         5487    i.xTimerCreateTimerTask  timers.o
    0x08009bec   0x08009bec   0x00000068   Code   RO         5488    i.xTimerGenericCommand  timers.o
    0x08009c54   0x08009c54   0x00000090   Data   RO          588    .constdata          freertos.o
    0x08009ce4   0x08009ce4   0x00000008   Data   RO         2713    .constdata          stm32f4xx_hal_dma.o
    0x08009cec   0x08009cec   0x00000010   Data   RO         4069    .constdata          system_stm32f4xx.o
    0x08009cfc   0x08009cfc   0x00000008   Data   RO         4070    .constdata          system_stm32f4xx.o
    0x08009d04   0x08009d04   0x00002f80   Data   RO         4186    .constdata          lcd.o
    0x0800cc84   0x0800cc84   0x00000040   Data   RO         6287    .constdata          m_wm.l(logf.o)
    0x0800ccc4   0x0800ccc4   0x00000027   Data   RO          295    .conststring        displaytask.o
    0x0800cceb   0x0800cceb   0x00000001   PAD
    0x0800ccec   0x0800ccec   0x0000002c   Data   RO          589    .conststring        freertos.o
    0x0800cd18   0x0800cd18   0x00000020   Data   RO         6643    Region$$Table       anon$$obj.o


    Execution Region RW_IRAM1 (Exec base: 0x20000000, Load base: 0x0800cd38, Size: 0x00005230, Max: 0x0001c000, ABSOLUTE)

    Exec Addr    Load Addr    Size         Type   Attr      Idx    E Section Name        Object

    0x20000000   0x0800cd38   0x00000008   Data   RW          224    .data               adctask.o
    0x20000008   0x0800cd40   0x00000004   Data   RW          256    .data               adcdataproctask.o
    0x2000000c   0x0800cd44   0x00000014   Data   RW          296    .data               displaytask.o
    0x20000020   0x0800cd58   0x00000008   Data   RW          362    .data               screentxtask.o
    0x20000028   0x0800cd60   0x00000020   Data   RW          414    .data               screenrxtask.o
    0x20000048   0x0800cd80   0x00000010   Data   RW          590    .data               freertos.o
    0x20000058   0x0800cd90   0x00000008   Data   RW          707    .data               fsmc.o
    0x20000060   0x0800cd98   0x0000000c   Data   RW         3158    .data               stm32f4xx_hal.o
    0x2000006c   0x0800cda4   0x00000004   Data   RW         4071    .data               system_stm32f4xx.o
    0x20000070   0x0800cda8   0x00000004   Data   RW         4188    .data               lcd.o
    0x20000074   0x0800cdac   0x00000004   Data   RW         4414    .data               myiic.o
    0x20000078   0x0800cdb0   0x0000003c   Data   RW         5165    .data               tasks.o
    0x200000b4   0x0800cdec   0x00000014   Data   RW         5496    .data               timers.o
    0x200000c8   0x0800ce00   0x00000004   Data   RW         5718    .data               cmsis_os2.o
    0x200000cc   0x0800ce04   0x00000020   Data   RW         6161    .data               heap_4.o
    0x200000ec   0x0800ce24   0x0000000c   Data   RW         6217    .data               port.o
    0x200000f8   0x0800ce30   0x00000004   Data   RW         6614    .data               mc_w.l(stdout.o)
    0x200000fc   0x0800ce34   0x00000004   Data   RW         6624    .data               mc_w.l(errno.o)
    0x20000100        -       0x00000050   Zero   RW          223    .bss                adctask.o
    0x20000150        -       0x00000050   Zero   RW          255    .bss                adcdataproctask.o
    0x200001a0        -       0x00000080   Zero   RW          413    .bss                screenrxtask.o
    0x20000220        -       0x000000a8   Zero   RW          639    .bss                adc.o
    0x200002c8        -       0x00000050   Zero   RW          706    .bss                fsmc.o
    0x20000318        -       0x00000048   Zero   RW          753    .bss                tim.o
    0x20000360        -       0x00000150   Zero   RW          796    .bss                usart.o
    0x200004b0        -       0x00000048   Zero   RW          955    .bss                stm32f4xx_hal_timebase_tim.o
    0x200004f8        -       0x0000005e   Zero   RW         4185    .bss                lcd.o
    0x20000556   0x0800ce38   0x00000002   PAD
    0x20000558        -       0x00000040   Zero   RW         4743    .bss                queue.o
    0x20000598        -       0x000004c4   Zero   RW         5164    .bss                tasks.o
    0x20000a5c        -       0x00000118   Zero   RW         5495    .bss                timers.o
    0x20000b74        -       0x000006b8   Zero   RW         5717    .bss                cmsis_os2.o
    0x2000122c        -       0x00003c00   Zero   RW         6160    .bss                heap_4.o
    0x20004e2c   0x0800ce38   0x00000004   PAD
    0x20004e30        -       0x00000400   Zero   RW            1    STACK               startup_stm32f407xx.o


    Execution Region RW_IRAM2 (Exec base: 0x2001c000, Load base: 0x0800ce38, Size: 0x00000000, Max: 0x00004000, ABSOLUTE)

    **** No section assigned to this execution region ****


==============================================================================

Image component sizes


      Code (inc. data)   RO Data    RW Data    ZI Data      Debug   Object Name

       236          0          0          0          0       3823   24cxx.o
       352         34          0          0        168       1911   adc.o
       490        142          0          0          0     735915   adc_ui.o
       680         82          0          4         80       4437   adcdataproctask.o
       112         18          0          8         80       1961   adctask.o
       326         22          0          4       1720      62403   cmsis_os2.o
       880        428         39         20          0      11568   displaytask.o
        92          4          0          0          0        838   dma.o
         0          0          0          0          0      17024   event_groups.o
       120         26        188         16          0       3685   freertos.o
       308         32          0          8         80       2303   fsmc.o
       216         12          0          0          0       1091   gpio.o
       472         24          0         32      15360       4899   heap_4.o
     12930        114      12160          4         94      28547   lcd.o
        16          6          0          0          0        435   led.o
       138          0          0          0          0       3578   list.o
       494         66          0          0          0       6201   main.o
       676         80          0          4          0       5614   myiic.o
       786         82          0         12          0      11561   port.o
      2112         24          0          0         64      21748   queue.o
       602        124          0         32        128       4080   screenrxtask.o
       236         36          0          8          0       2521   screentxtask.o
        36          8        392          0       1024        840   startup_stm32f407xx.o
        80         14          0         12          0       8114   stm32f4xx_hal.o
      1202         66          0          0          0       7022   stm32f4xx_hal_adc.o
       158         14          0          0          0      33058   stm32f4xx_hal_cortex.o
      1084         16          8          0          0       7394   stm32f4xx_hal_dma.o
       522         46          0          0          0       2853   stm32f4xx_hal_gpio.o
        56          4          0          0          0        878   stm32f4xx_hal_msp.o
      1408         82          0          0          0       5949   stm32f4xx_hal_rcc.o
        92          0          0          0          0       1236   stm32f4xx_hal_sram.o
      1184        102          0          0          0      11078   stm32f4xx_hal_tim.o
       148         28          0          0          0       2505   stm32f4xx_hal_tim_ex.o
       152         20          0          0         72       1495   stm32f4xx_hal_timebase_tim.o
      2284         40          0          0          0      17201   stm32f4xx_hal_uart.o
        72         30          0          0          0       5225   stm32f4xx_it.o
       224         14          0          0          0       3999   stm32f4xx_ll_fsmc.o
         0          0          0          0          0        400   stream_buffer.o
        16          4         24          4          0       1139   system_stm32f4xx.o
      2664        220          0         60       1220      32297   tasks.o
       148         20          0          0         72       1686   tim.o
       972         80          0         20        280      29735   timers.o
       408         44          0          0        336       2645   usart.o

    ----------------------------------------------------------------------
     35232       2208      12844        248      20784    1112892   Object Totals
         0          0         32          0          0          0   (incl. Generated)
        48          0          1          0          6          0   (incl. Padding)

    ----------------------------------------------------------------------

      Code (inc. data)   RO Data    RW Data    ZI Data      Debug   Library Member Name

        42         12          0          0          0        348   funder.o
       364         44         64          0          0        140   logf.o
         0          0          0          0          0          0   entry.o
         0          0          0          0          0          0   entry10a.o
         0          0          0          0          0          0   entry11a.o
         8          4          0          0          0          0   entry2.o
         4          0          0          0          0          0   entry5.o
         0          0          0          0          0          0   entry7b.o
         0          0          0          0          0          0   entry8b.o
         8          4          0          0          0          0   entry9a.o
        12          6          0          4          0         68   errno.o
        30          0          0          0          0          0   handlers.o
        36          8          0          0          0         68   init.o
         0          0          0          0          0          0   iusefp.o
        30          0          0          0          0         68   llshl.o
        36          0          0          0          0         68   llsshr.o
        32          0          0          0          0         68   llushr.o
        26          0          0          0          0         80   memcmp.o
        36          0          0          0          0         68   memcpya.o
        36          0          0          0          0        108   memseta.o
      2328         94          0          0          0        604   printfa.o
         0          0          0          4          0          0   stdout.o
        28          0          0          0          0         76   strcmp.o
        14          0          0          0          0         68   strlen.o
        44          0          0          0          0         80   uidiv.o
        98          0          0          0          0         92   uldiv.o
        48          0          0          0          0         68   cdrcmple.o
       334          0          0          0          0        148   dadd.o
       222          0          0          0          0        100   ddiv.o
       186          0          0          0          0        176   depilogue.o
        50          0          0          0          0         76   dfixui.o
        48          0          0          0          0         68   dfixul.o
        26          0          0          0          0         76   dfltui.o
       228          0          0          0          0         96   dmul.o
        38          0          0          0          0         68   f2d.o

    ----------------------------------------------------------------------
      4396        172         64          8          0       2880   Library Totals
         4          0          0          0          0          0   (incl. Padding)

    ----------------------------------------------------------------------

      Code (inc. data)   RO Data    RW Data    ZI Data      Debug   Library Name

       406         56         64          0          0        488   m_wm.l
      2806        116          0          8          0       1516   mc_w.l
      1180          0          0          0          0        876   mf_w.l

    ----------------------------------------------------------------------
      4396        172         64          8          0       2880   Library Totals

    ----------------------------------------------------------------------

==============================================================================


      Code (inc. data)   RO Data    RW Data    ZI Data      Debug   

     39628       2380      12908        256      20784    1090528   Grand Totals
     39628       2380      12908        256      20784    1090528   ELF Image Totals
     39628       2380      12908        256          0          0   ROM Totals

==============================================================================

    Total RO  Size (Code + RO Data)                52536 (  51.30kB)
    Total RW  Size (RW Data + ZI Data)             21040 (  20.55kB)
    Total ROM Size (Code + RO Data + RW Data)      52792 (  51.55kB)

==============================================================================

